Archive member included to satisfy reference by file (symbol)

c:/ac6/systemworkbench/plugins/fr.ac6.mcu.externaltools.arm-none.win32_1.13.2.201705091103/tools/compiler/bin/../lib/gcc/arm-none-eabi/5.4.1/../../../../arm-none-eabi/lib/armv7e-m/fpu\libc_nano.a(lib_a-exit.o)
                              c:/ac6/systemworkbench/plugins/fr.ac6.mcu.externaltools.arm-none.win32_1.13.2.201705091103/tools/compiler/bin/../lib/gcc/arm-none-eabi/5.4.1/../../../../arm-none-eabi/lib/armv7e-m/fpu/crt0.o (exit)
c:/ac6/systemworkbench/plugins/fr.ac6.mcu.externaltools.arm-none.win32_1.13.2.201705091103/tools/compiler/bin/../lib/gcc/arm-none-eabi/5.4.1/../../../../arm-none-eabi/lib/armv7e-m/fpu\libc_nano.a(lib_a-impure.o)
                              c:/ac6/systemworkbench/plugins/fr.ac6.mcu.externaltools.arm-none.win32_1.13.2.201705091103/tools/compiler/bin/../lib/gcc/arm-none-eabi/5.4.1/../../../../arm-none-eabi/lib/armv7e-m/fpu\libc_nano.a(lib_a-exit.o) (_global_impure_ptr)
c:/ac6/systemworkbench/plugins/fr.ac6.mcu.externaltools.arm-none.win32_1.13.2.201705091103/tools/compiler/bin/../lib/gcc/arm-none-eabi/5.4.1/../../../../arm-none-eabi/lib/armv7e-m/fpu\libc_nano.a(lib_a-init.o)
                              c:/ac6/systemworkbench/plugins/fr.ac6.mcu.externaltools.arm-none.win32_1.13.2.201705091103/tools/compiler/bin/../lib/gcc/arm-none-eabi/5.4.1/../../../../arm-none-eabi/lib/armv7e-m/fpu/crt0.o (__libc_init_array)
c:/ac6/systemworkbench/plugins/fr.ac6.mcu.externaltools.arm-none.win32_1.13.2.201705091103/tools/compiler/bin/../lib/gcc/arm-none-eabi/5.4.1/../../../../arm-none-eabi/lib/armv7e-m/fpu\libc_nano.a(lib_a-memset.o)
                              c:/ac6/systemworkbench/plugins/fr.ac6.mcu.externaltools.arm-none.win32_1.13.2.201705091103/tools/compiler/bin/../lib/gcc/arm-none-eabi/5.4.1/../../../../arm-none-eabi/lib/armv7e-m/fpu/crt0.o (memset)
c:/ac6/systemworkbench/plugins/fr.ac6.mcu.externaltools.arm-none.win32_1.13.2.201705091103/tools/compiler/bin/../lib/gcc/arm-none-eabi/5.4.1/../../../../arm-none-eabi/lib/armv7e-m/fpu\libc_nano.a(lib_a-sprintf.o)
                              Src/main.o (sprintf)
c:/ac6/systemworkbench/plugins/fr.ac6.mcu.externaltools.arm-none.win32_1.13.2.201705091103/tools/compiler/bin/../lib/gcc/arm-none-eabi/5.4.1/../../../../arm-none-eabi/lib/armv7e-m/fpu\libc_nano.a(lib_a-nano-svfprintf.o)
                              c:/ac6/systemworkbench/plugins/fr.ac6.mcu.externaltools.arm-none.win32_1.13.2.201705091103/tools/compiler/bin/../lib/gcc/arm-none-eabi/5.4.1/../../../../arm-none-eabi/lib/armv7e-m/fpu\libc_nano.a(lib_a-sprintf.o) (_svfprintf_r)
c:/ac6/systemworkbench/plugins/fr.ac6.mcu.externaltools.arm-none.win32_1.13.2.201705091103/tools/compiler/bin/../lib/gcc/arm-none-eabi/5.4.1/../../../../arm-none-eabi/lib/armv7e-m/fpu\libc_nano.a(lib_a-nano-vfprintf_i.o)
                              c:/ac6/systemworkbench/plugins/fr.ac6.mcu.externaltools.arm-none.win32_1.13.2.201705091103/tools/compiler/bin/../lib/gcc/arm-none-eabi/5.4.1/../../../../arm-none-eabi/lib/armv7e-m/fpu\libc_nano.a(lib_a-nano-svfprintf.o) (_printf_i)
c:/ac6/systemworkbench/plugins/fr.ac6.mcu.externaltools.arm-none.win32_1.13.2.201705091103/tools/compiler/bin/../lib/gcc/arm-none-eabi/5.4.1/../../../../arm-none-eabi/lib/armv7e-m/fpu\libc_nano.a(lib_a-memchr.o)
                              c:/ac6/systemworkbench/plugins/fr.ac6.mcu.externaltools.arm-none.win32_1.13.2.201705091103/tools/compiler/bin/../lib/gcc/arm-none-eabi/5.4.1/../../../../arm-none-eabi/lib/armv7e-m/fpu\libc_nano.a(lib_a-nano-svfprintf.o) (memchr)
c:/ac6/systemworkbench/plugins/fr.ac6.mcu.externaltools.arm-none.win32_1.13.2.201705091103/tools/compiler/bin/../lib/gcc/arm-none-eabi/5.4.1/../../../../arm-none-eabi/lib/armv7e-m/fpu\libc_nano.a(lib_a-memcpy-stub.o)
                              c:/ac6/systemworkbench/plugins/fr.ac6.mcu.externaltools.arm-none.win32_1.13.2.201705091103/tools/compiler/bin/../lib/gcc/arm-none-eabi/5.4.1/../../../../arm-none-eabi/lib/armv7e-m/fpu\libc_nano.a(lib_a-nano-svfprintf.o) (memcpy)
c:/ac6/systemworkbench/plugins/fr.ac6.mcu.externaltools.arm-none.win32_1.13.2.201705091103/tools/compiler/bin/../lib/gcc/arm-none-eabi/5.4.1/../../../../arm-none-eabi/lib/armv7e-m/fpu\libc_nano.a(lib_a-memmove.o)
                              c:/ac6/systemworkbench/plugins/fr.ac6.mcu.externaltools.arm-none.win32_1.13.2.201705091103/tools/compiler/bin/../lib/gcc/arm-none-eabi/5.4.1/../../../../arm-none-eabi/lib/armv7e-m/fpu\libc_nano.a(lib_a-nano-svfprintf.o) (memmove)
c:/ac6/systemworkbench/plugins/fr.ac6.mcu.externaltools.arm-none.win32_1.13.2.201705091103/tools/compiler/bin/../lib/gcc/arm-none-eabi/5.4.1/../../../../arm-none-eabi/lib/armv7e-m/fpu\libc_nano.a(lib_a-nano-freer.o)
                              c:/ac6/systemworkbench/plugins/fr.ac6.mcu.externaltools.arm-none.win32_1.13.2.201705091103/tools/compiler/bin/../lib/gcc/arm-none-eabi/5.4.1/../../../../arm-none-eabi/lib/armv7e-m/fpu\libc_nano.a(lib_a-nano-svfprintf.o) (_free_r)
[...]
Memory Configuration

Name             Origin             Length             Attributes
RAM              0x20000000         0x00018000         xrw
RAM2             0x10000000         0x00008000         xrw
FLASH            0x08000000         0x00100000         xr
*default*        0x00000000         0xffffffff

Linker script and memory map

LOAD c:/ac6/systemworkbench/plugins/fr.ac6.mcu.externaltools.arm-none.win32_1.13.2.201705091103/tools/compiler/bin/../lib/gcc/arm-none-eabi/5.4.1/armv7e-m/fpu/crti.o
LOAD c:/ac6/systemworkbench/plugins/fr.ac6.mcu.externaltools.arm-none.win32_1.13.2.201705091103/tools/compiler/bin/../lib/gcc/arm-none-eabi/5.4.1/armv7e-m/fpu/crtbegin.o
LOAD c:/ac6/systemworkbench/plugins/fr.ac6.mcu.externaltools.arm-none.win32_1.13.2.201705091103/tools/compiler/bin/../lib/gcc/arm-none-eabi/5.4.1/../../../../arm-none-eabi/lib/armv7e-m/fpu/crt0.o
LOAD Drivers/STM32L4xx_HAL_Driver/Src/stm32l4xx_hal.o
LOAD Drivers/STM32L4xx_HAL_Driver/Src/stm32l4xx_hal_cortex.o
LOAD Drivers/STM32L4xx_HAL_Driver/Src/stm32l4xx_hal_dma.o
LOAD Drivers/STM32L4xx_HAL_Driver/Src/stm32l4xx_hal_flash.o
LOAD Drivers/STM32L4xx_HAL_Driver/Src/stm32l4xx_hal_flash_ex.o
LOAD Drivers/STM32L4xx_HAL_Driver/Src/stm32l4xx_hal_flash_ramfunc.o
LOAD Drivers/STM32L4xx_HAL_Driver/Src/stm32l4xx_hal_gpio.o
LOAD Drivers/STM32L4xx_HAL_Driver/Src/stm32l4xx_hal_i2c.o
LOAD Drivers/STM32L4xx_HAL_Driver/Src/stm32l4xx_hal_i2c_ex.o
LOAD Drivers/STM32L4xx_HAL_Driver/Src/stm32l4xx_hal_lcd.o
LOAD Drivers/STM32L4xx_HAL_Driver/Src/stm32l4xx_hal_pwr.o
LOAD Drivers/STM32L4xx_HAL_Driver/Src/stm32l4xx_hal_pwr_ex.o
LOAD Drivers/STM32L4xx_HAL_Driver/Src/stm32l4xx_hal_qspi.o
LOAD Drivers/STM32L4xx_HAL_Driver/Src/stm32l4xx_hal_rcc.o
LOAD Drivers/STM32L4xx_HAL_Driver/Src/stm32l4xx_hal_rcc_ex.o
LOAD Drivers/STM32L4xx_HAL_Driver/Src/stm32l4xx_hal_rtc.o
LOAD Drivers/STM32L4xx_HAL_Driver/Src/stm32l4xx_hal_rtc_ex.o
LOAD Drivers/STM32L4xx_HAL_Driver/Src/stm32l4xx_hal_spi.o
LOAD Drivers/STM32L4xx_HAL_Driver/Src/stm32l4xx_hal_spi_ex.o
LOAD Drivers/STM32L4xx_HAL_Driver/Src/stm32l4xx_hal_tim.o
LOAD Drivers/STM32L4xx_HAL_Driver/Src/stm32l4xx_hal_tim_ex.o
LOAD Src/gpio.o
LOAD Src/l3gd20.o
LOAD Src/lcd.o
LOAD Src/lsm303c.o
LOAD Src/main.o
LOAD Src/quadspi.o
LOAD Src/rtc.o
LOAD Src/spi.o
LOAD Src/stm32l476g_discovery.o
LOAD Src/stm32l476g_discovery_compass.o
LOAD Src/stm32l476g_discovery_glass_lcd.o
LOAD Src/stm32l476g_discovery_gyroscope.o
LOAD Src/stm32l476g_discovery_qspi.o
LOAD Src/stm32l4xx_hal_msp.o
LOAD Src/stm32l4xx_it.o
LOAD Src/system_stm32l4xx.o
LOAD Src/tim.o
LOAD startup/startup_stm32l476xx.o
LOAD c:/ac6/systemworkbench/plugins/fr.ac6.mcu.externaltools.arm-none.win32_1.13.2.201705091103/tools/compiler/bin/../lib/gcc/arm-none-eabi/5.4.1/../../../../arm-none-eabi/lib/armv7e-m/fpu\libm.a
START GROUP
LOAD c:/ac6/systemworkbench/plugins/fr.ac6.mcu.externaltools.arm-none.win32_1.13.2.201705091103/tools/compiler/bin/../lib/gcc/arm-none-eabi/5.4.1/armv7e-m/fpu\libgcc.a
LOAD c:/ac6/systemworkbench/plugins/fr.ac6.mcu.externaltools.arm-none.win32_1.13.2.201705091103/tools/compiler/bin/../lib/gcc/arm-none-eabi/5.4.1/../../../../arm-none-eabi/lib/armv7e-m/fpu\libc_nano.a
END GROUP
START GROUP
LOAD c:/ac6/systemworkbench/plugins/fr.ac6.mcu.externaltools.arm-none.win32_1.13.2.201705091103/tools/compiler/bin/../lib/gcc/arm-none-eabi/5.4.1/armv7e-m/fpu\libgcc.a
LOAD c:/ac6/systemworkbench/plugins/fr.ac6.mcu.externaltools.arm-none.win32_1.13.2.201705091103/tools/compiler/bin/../lib/gcc/arm-none-eabi/5.4.1/../../../../arm-none-eabi/lib/armv7e-m/fpu\libc_nano.a
LOAD c:/ac6/systemworkbench/plugins/fr.ac6.mcu.externaltools.arm-none.win32_1.13.2.201705091103/tools/compiler/bin/../lib/gcc/arm-none-eabi/5.4.1/../../../../arm-none-eabi/lib/armv7e-m/fpu\libnosys.a
END GROUP
START GROUP
LOAD c:/ac6/systemworkbench/plugins/fr.ac6.mcu.externaltools.arm-none.win32_1.13.2.201705091103/tools/compiler/bin/../lib/gcc/arm-none-eabi/5.4.1/armv7e-m/fpu\libgcc.a
LOAD c:/ac6/systemworkbench/plugins/fr.ac6.mcu.externaltools.arm-none.win32_1.13.2.201705091103/tools/compiler/bin/../lib/gcc/arm-none-eabi/5.4.1/../../../../arm-none-eabi/lib/armv7e-m/fpu\libc_nano.a
LOAD c:/ac6/systemworkbench/plugins/fr.ac6.mcu.externaltools.arm-none.win32_1.13.2.201705091103/tools/compiler/bin/../lib/gcc/arm-none-eabi/5.4.1/../../../../arm-none-eabi/lib/armv7e-m/fpu\libnosys.a
END GROUP
LOAD c:/ac6/systemworkbench/plugins/fr.ac6.mcu.externaltools.arm-none.win32_1.13.2.201705091103/tools/compiler/bin/../lib/gcc/arm-none-eabi/5.4.1/armv7e-m/fpu/crtend.o
LOAD c:/ac6/systemworkbench/plugins/fr.ac6.mcu.externaltools.arm-none.win32_1.13.2.201705091103/tools/compiler/bin/../lib/gcc/arm-none-eabi/5.4.1/armv7e-m/fpu/crtn.o
                0x20018000                _estack = 0x20018000
                0x00000200                _Min_Heap_Size = 0x200
                0x00000400                _Min_Stack_Size = 0x400

.isr_vector     0x08000000      0x188
                0x08000000                . = ALIGN (0x8)
 *(.isr_vector)
 .isr_vector    0x08000000      0x188 startup/startup_stm32l476xx.o
                0x08000000                g_pfnVectors
                0x08000188                . = ALIGN (0x8)

.text           0x08000190     0x5b98
                0x08000190                . = ALIGN (0x8)
 *(.text)
 .text          0x08000190       0x5c c:/ac6/systemworkbench/plugins/fr.ac6.mcu.externaltools.arm-none.win32_1.13.2.201705091103/tools/compiler/bin/../lib/gcc/arm-none-eabi/5.4.1/armv7e-m/fpu/crtbegin.o
 *fill*         0x080001ec        0x4 
 .text          0x080001f0       0xa0 c:/ac6/systemworkbench/plugins/fr.ac6.mcu.externaltools.arm-none.win32_1.13.2.201705091103/tools/compiler/bin/../lib/gcc/arm-none-eabi/5.4.1/../../../../arm-none-eabi/lib/armv7e-m/fpu\libc_nano.a(lib_a-memchr.o)
                0x080001f0                memchr
 *(.text*)
 .text.HAL_InitTick
                0x08000290       0x2c Drivers/STM32L4xx_HAL_Driver/Src/stm32l4xx_hal.o
                0x08000290                HAL_InitTick
 .text.HAL_Init
                0x080002bc       0x18 Drivers/STM32L4xx_HAL_Driver/Src/stm32l4xx_hal.o
                0x080002bc                HAL_Init
 .text.HAL_IncTick
                0x080002d4       0x10 Drivers/STM32L4xx_HAL_Driver/Src/stm32l4xx_hal.o
                0x080002d4                HAL_IncTick
 .text.HAL_GetTick
                0x080002e4        0xc Drivers/STM32L4xx_HAL_Driver/Src/stm32l4xx_hal.o
                0x080002e4                HAL_GetTick
 .text.HAL_Delay
                0x080002f0       0x20 Drivers/STM32L4xx_HAL_Driver/Src/stm32l4xx_hal.o
                0x080002f0                HAL_Delay
 .text.HAL_NVIC_SetPriorityGrouping
                0x08000310       0x24 Drivers/STM32L4xx_HAL_Driver/Src/stm32l4xx_hal_cortex.o
                0x08000310                HAL_NVIC_SetPriorityGrouping
 .text.HAL_NVIC_SetPriority
                0x08000334       0x64 Drivers/STM32L4xx_HAL_Driver/Src/stm32l4xx_hal_cortex.o
                0x08000334                HAL_NVIC_SetPriority
 .text.HAL_NVIC_EnableIRQ
                0x08000398       0x18 Drivers/STM32L4xx_HAL_Driver/Src/stm32l4xx_hal_cortex.o
                0x08000398                HAL_NVIC_EnableIRQ
 .text.HAL_SYSTICK_Config
                0x080003b0       0x2c Drivers/STM32L4xx_HAL_Driver/Src/stm32l4xx_hal_cortex.o
                0x080003b0                HAL_SYSTICK_Config
 .text.HAL_SYSTICK_CLKSourceConfig
                0x080003dc       0x20 Drivers/STM32L4xx_HAL_Driver/Src/stm32l4xx_hal_cortex.o
                0x080003dc                HAL_SYSTICK_CLKSourceConfig
 .text.HAL_SYSTICK_Callback
                0x080003fc        0x4 Drivers/STM32L4xx_HAL_Driver/Src/stm32l4xx_hal_cortex.o
                0x080003fc                HAL_SYSTICK_Callback
 .text.HAL_SYSTICK_IRQHandler
                0x08000400        0x8 Drivers/STM32L4xx_HAL_Driver/Src/stm32l4xx_hal_cortex.o
                0x08000400                HAL_SYSTICK_IRQHandler
 .text.HAL_DMA_Abort
                0x08000408       0x40 Drivers/STM32L4xx_HAL_Driver/Src/stm32l4xx_hal_dma.o
                0x08000408                HAL_DMA_Abort
 .text.HAL_GPIO_Init
                0x08000448      0x1cc Drivers/STM32L4xx_HAL_Driver/Src/stm32l4xx_hal_gpio.o
                0x08000448                HAL_GPIO_Init
 .text.HAL_GPIO_DeInit
                0x08000614      0x114 Drivers/STM32L4xx_HAL_Driver/Src/stm32l4xx_hal_gpio.o
                0x08000614                HAL_GPIO_DeInit
 .text.HAL_GPIO_WritePin
                0x08000728        0xc Drivers/STM32L4xx_HAL_Driver/Src/stm32l4xx_hal_gpio.o
                0x08000728                HAL_GPIO_WritePin
 .text.HAL_GPIO_EXTI_IRQHandler
                0x08000734       0x18 Drivers/STM32L4xx_HAL_Driver/Src/stm32l4xx_hal_gpio.o
                0x08000734                HAL_GPIO_EXTI_IRQHandler
 .text.HAL_LCD_Write
                0x0800074c       0x90 Drivers/STM32L4xx_HAL_Driver/Src/stm32l4xx_hal_lcd.o
                0x0800074c                HAL_LCD_Write
 .text.HAL_LCD_UpdateDisplayRequest
                0x080007dc       0x50 Drivers/STM32L4xx_HAL_Driver/Src/stm32l4xx_hal_lcd.o
                0x080007dc                HAL_LCD_UpdateDisplayRequest
 .text.HAL_LCD_Clear
                0x0800082c       0x80 Drivers/STM32L4xx_HAL_Driver/Src/stm32l4xx_hal_lcd.o
                0x0800082c                HAL_LCD_Clear
 .text.LCD_WaitForSynchro
                0x080008ac       0x30 Drivers/STM32L4xx_HAL_Driver/Src/stm32l4xx_hal_lcd.o
                0x080008ac                LCD_WaitForSynchro
 .text.HAL_LCD_Init
                0x080008dc      0x100 Drivers/STM32L4xx_HAL_Driver/Src/stm32l4xx_hal_lcd.o
                0x080008dc                HAL_LCD_Init
 .text.HAL_PWREx_GetVoltageRange
                0x080009dc       0x10 Drivers/STM32L4xx_HAL_Driver/Src/stm32l4xx_hal_pwr_ex.o
                0x080009dc                HAL_PWREx_GetVoltageRange
 .text.HAL_PWREx_ControlVoltageScaling
                0x080009ec       0x90 Drivers/STM32L4xx_HAL_Driver/Src/stm32l4xx_hal_pwr_ex.o
                0x080009ec                HAL_PWREx_ControlVoltageScaling
 .text.QSPI_WaitFlagStateUntilTimeout
                0x08000a7c       0x50 Drivers/STM32L4xx_HAL_Driver/Src/stm32l4xx_hal_qspi.o
 .text.QSPI_Config
                0x08000acc      0x250 Drivers/STM32L4xx_HAL_Driver/Src/stm32l4xx_hal_qspi.o
 .text.HAL_QSPI_DeInit
                0x08000d1c       0x3c Drivers/STM32L4xx_HAL_Driver/Src/stm32l4xx_hal_qspi.o
                0x08000d1c                HAL_QSPI_DeInit
 .text.HAL_QSPI_Command
                0x08000d58       0x94 Drivers/STM32L4xx_HAL_Driver/Src/stm32l4xx_hal_qspi.o
                0x08000d58                HAL_QSPI_Command
 .text.HAL_QSPI_AutoPolling
                0x08000dec       0xb4 Drivers/STM32L4xx_HAL_Driver/Src/stm32l4xx_hal_qspi.o
                0x08000dec                HAL_QSPI_AutoPolling
 .text.HAL_QSPI_Abort
                0x08000ea0       0x88 Drivers/STM32L4xx_HAL_Driver/Src/stm32l4xx_hal_qspi.o
                0x08000ea0                HAL_QSPI_Abort
 .text.HAL_QSPI_Transmit
                0x08000f28       0xd0 Drivers/STM32L4xx_HAL_Driver/Src/stm32l4xx_hal_qspi.o
                0x08000f28                HAL_QSPI_Transmit
 .text.HAL_QSPI_Receive
                0x08000ff8       0xd8 Drivers/STM32L4xx_HAL_Driver/Src/stm32l4xx_hal_qspi.o
                0x08000ff8                HAL_QSPI_Receive
 .text.HAL_QSPI_SetTimeout
                0x080010d0        0x4 Drivers/STM32L4xx_HAL_Driver/Src/stm32l4xx_hal_qspi.o
                0x080010d0                HAL_QSPI_SetTimeout
 .text.HAL_QSPI_Init
                0x080010d4       0xec Drivers/STM32L4xx_HAL_Driver/Src/stm32l4xx_hal_qspi.o
                0x080010d4                HAL_QSPI_Init
 .text.RCC_SetFlashLatencyFromMSIRange
                0x080011c0       0x90 Drivers/STM32L4xx_HAL_Driver/Src/stm32l4xx_hal_rcc.o
 .text.HAL_RCC_GetSysClockFreq
                0x08001250      0x174 Drivers/STM32L4xx_HAL_Driver/Src/stm32l4xx_hal_rcc.o
                0x08001250                HAL_RCC_GetSysClockFreq
 .text.HAL_RCC_OscConfig
                0x080013c4      0x5c0 Drivers/STM32L4xx_HAL_Driver/Src/stm32l4xx_hal_rcc.o
                0x080013c4                HAL_RCC_OscConfig
 .text.HAL_RCC_ClockConfig
                0x08001984      0x1cc Drivers/STM32L4xx_HAL_Driver/Src/stm32l4xx_hal_rcc.o
                0x08001984                HAL_RCC_ClockConfig
 .text.HAL_RCC_GetHCLKFreq
                0x08001b50        0xc Drivers/STM32L4xx_HAL_Driver/Src/stm32l4xx_hal_rcc.o
                0x08001b50                HAL_RCC_GetHCLKFreq
 .text.RCCEx_PLLSAI1_Config
                0x08001b5c      0x1f8 Drivers/STM32L4xx_HAL_Driver/Src/stm32l4xx_hal_rcc_ex.o
 .text.RCCEx_PLLSAI2_Config
                0x08001d54      0x1b8 Drivers/STM32L4xx_HAL_Driver/Src/stm32l4xx_hal_rcc_ex.o
 .text.HAL_RCCEx_PeriphCLKConfig
                0x08001f0c      0x438 Drivers/STM32L4xx_HAL_Driver/Src/stm32l4xx_hal_rcc_ex.o
                0x08001f0c                HAL_RCCEx_PeriphCLKConfig
 .text.HAL_RTC_WaitForSynchro
                0x08002344       0x34 Drivers/STM32L4xx_HAL_Driver/Src/stm32l4xx_hal_rtc.o
                0x08002344                HAL_RTC_WaitForSynchro
 .text.RTC_EnterInitMode
                0x08002378       0x40 Drivers/STM32L4xx_HAL_Driver/Src/stm32l4xx_hal_rtc.o
                0x08002378                RTC_EnterInitMode
 .text.HAL_RTC_Init
                0x080023b8       0xb4 Drivers/STM32L4xx_HAL_Driver/Src/stm32l4xx_hal_rtc.o
                0x080023b8                HAL_RTC_Init
 .text.RTC_ByteToBcd2
                0x0800246c       0x18 Drivers/STM32L4xx_HAL_Driver/Src/stm32l4xx_hal_rtc.o
                0x0800246c                RTC_ByteToBcd2
 .text.HAL_RTC_SetTime
                0x08002484      0x10c Drivers/STM32L4xx_HAL_Driver/Src/stm32l4xx_hal_rtc.o
                0x08002484                HAL_RTC_SetTime
 .text.HAL_RTC_SetDate
                0x08002590       0xec Drivers/STM32L4xx_HAL_Driver/Src/stm32l4xx_hal_rtc.o
                0x08002590                HAL_RTC_SetDate
 .text.RTC_Bcd2ToByte
                0x0800267c       0x14 Drivers/STM32L4xx_HAL_Driver/Src/stm32l4xx_hal_rtc.o
                0x0800267c                RTC_Bcd2ToByte
 .text.HAL_RTC_GetTime
                0x08002690       0x58 Drivers/STM32L4xx_HAL_Driver/Src/stm32l4xx_hal_rtc.o
                0x08002690                HAL_RTC_GetTime
 .text.HAL_RTC_GetDate
                0x080026e8       0x44 Drivers/STM32L4xx_HAL_Driver/Src/stm32l4xx_hal_rtc.o
                0x080026e8                HAL_RTC_GetDate
 .text.HAL_RTCEx_BKUPWrite
                0x0800272c        0xc Drivers/STM32L4xx_HAL_Driver/Src/stm32l4xx_hal_rtc_ex.o
                0x0800272c                HAL_RTCEx_BKUPWrite
 .text.HAL_RTCEx_BKUPRead
                0x08002738        0xc Drivers/STM32L4xx_HAL_Driver/Src/stm32l4xx_hal_rtc_ex.o
                0x08002738                HAL_RTCEx_BKUPRead
 .text.HAL_SPI_Init
                0x08002744       0xb4 Drivers/STM32L4xx_HAL_Driver/Src/stm32l4xx_hal_spi.o
                0x08002744                HAL_SPI_Init
 .text.HAL_SPI_GetState
                0x080027f8        0x8 Drivers/STM32L4xx_HAL_Driver/Src/stm32l4xx_hal_spi.o
                0x080027f8                HAL_SPI_GetState
 .text.HAL_TIM_Base_Start_IT
                0x08002800       0x18 Drivers/STM32L4xx_HAL_Driver/Src/stm32l4xx_hal_tim.o
                0x08002800                HAL_TIM_Base_Start_IT
 .text.HAL_TIM_OC_DelayElapsedCallback
                0x08002818        0x4 Drivers/STM32L4xx_HAL_Driver/Src/stm32l4xx_hal_tim.o
                0x08002818                HAL_TIM_OC_DelayElapsedCallback
 .text.HAL_TIM_IC_CaptureCallback
                0x0800281c        0x4 Drivers/STM32L4xx_HAL_Driver/Src/stm32l4xx_hal_tim.o
                0x0800281c                HAL_TIM_IC_CaptureCallback
 .text.HAL_TIM_PWM_PulseFinishedCallback
                0x08002820        0x4 Drivers/STM32L4xx_HAL_Driver/Src/stm32l4xx_hal_tim.o
                0x08002820                HAL_TIM_PWM_PulseFinishedCallback
 .text.HAL_TIM_TriggerCallback
                0x08002824        0x4 Drivers/STM32L4xx_HAL_Driver/Src/stm32l4xx_hal_tim.o
                0x08002824                HAL_TIM_TriggerCallback
 .text.HAL_TIM_IRQHandler
                0x08002828      0x174 Drivers/STM32L4xx_HAL_Driver/Src/stm32l4xx_hal_tim.o
                0x08002828                HAL_TIM_IRQHandler
 .text.TIM_Base_SetConfig
                0x0800299c       0xc0 Drivers/STM32L4xx_HAL_Driver/Src/stm32l4xx_hal_tim.o
                0x0800299c                TIM_Base_SetConfig
 .text.HAL_TIM_Base_Init
                0x08002a5c       0x38 Drivers/STM32L4xx_HAL_Driver/Src/stm32l4xx_hal_tim.o
                0x08002a5c                HAL_TIM_Base_Init
 .text.HAL_TIMEx_MasterConfigSynchronization
                0x08002a94       0x58 Drivers/STM32L4xx_HAL_Driver/Src/stm32l4xx_hal_tim_ex.o
                0x08002a94                HAL_TIMEx_MasterConfigSynchronization
 .text.HAL_TIMEx_CommutationCallback
                0x08002aec        0x4 Drivers/STM32L4xx_HAL_Driver/Src/stm32l4xx_hal_tim_ex.o
                0x08002aec                HAL_TIMEx_CommutationCallback
 .text.HAL_TIMEx_BreakCallback
                0x08002af0        0x4 Drivers/STM32L4xx_HAL_Driver/Src/stm32l4xx_hal_tim_ex.o
                0x08002af0                HAL_TIMEx_BreakCallback
 .text.MX_GPIO_Init
                0x08002af4       0xf8 Src/gpio.o
                0x08002af4                MX_GPIO_Init
 .text.L3GD20_DeInit
                0x08002bec        0x4 Src/l3gd20.o
                0x08002bec                L3GD20_DeInit
 .text.L3GD20_Init
                0x08002bf0       0x34 Src/l3gd20.o
                0x08002bf0                L3GD20_Init
 .text.L3GD20_LowPower
                0x08002c24       0x1c Src/l3gd20.o
                0x08002c24                L3GD20_LowPower
 .text.L3GD20_ReadID
                0x08002c40       0x20 Src/l3gd20.o
                0x08002c40                L3GD20_ReadID
 .text.L3GD20_RebootCmd
                0x08002c60       0x30 Src/l3gd20.o
                0x08002c60                L3GD20_RebootCmd
 .text.L3GD20_INT1InterruptConfig
                0x08002c90       0x60 Src/l3gd20.o
                0x08002c90                L3GD20_INT1InterruptConfig
 .text.L3GD20_EnableIT
                0x08002cf0       0x48 Src/l3gd20.o
                0x08002cf0                L3GD20_EnableIT
 .text.L3GD20_DisableIT
                0x08002d38       0x44 Src/l3gd20.o
                0x08002d38                L3GD20_DisableIT
 .text.L3GD20_FilterConfig
                0x08002d7c       0x30 Src/l3gd20.o
                0x08002d7c                L3GD20_FilterConfig
 .text.L3GD20_FilterCmd
                0x08002dac       0x30 Src/l3gd20.o
                0x08002dac                L3GD20_FilterCmd
 .text.L3GD20_ReadXYZAngRate
                0x08002ddc       0xec Src/l3gd20.o
                0x08002ddc                L3GD20_ReadXYZAngRate
 .text.MX_LCD_Init
                0x08002ec8       0x38 Src/lcd.o
                0x08002ec8                MX_LCD_Init
 .text.HAL_LCD_MspInit
                0x08002f00       0xb0 Src/lcd.o
                0x08002f00                HAL_LCD_MspInit
 .text.LSM303C_AccDeInit
                0x08002fb0        0x4 Src/lsm303c.o
                0x08002fb0                LSM303C_AccDeInit
 .text.LSM303C_MagDeInit
                0x08002fb4        0x4 Src/lsm303c.o
                0x08002fb4                LSM303C_MagDeInit
 .text.LSM303C_AccInit
                0x08002fb8       0x1c Src/lsm303c.o
                0x08002fb8                LSM303C_AccInit
 .text.LSM303C_AccFilterConfig
                0x08002fd4        0xc Src/lsm303c.o
                0x08002fd4                LSM303C_AccFilterConfig
 .text.LSM303C_AccReadID
                0x08002fe0       0x18 Src/lsm303c.o
                0x08002fe0                LSM303C_AccReadID
 .text.LSM303C_AccLowPower
                0x08002ff8       0x14 Src/lsm303c.o
                0x08002ff8                LSM303C_AccLowPower
 .text.LSM303C_AccReadXYZ
                0x0800300c       0xb0 Src/lsm303c.o
                0x0800300c                LSM303C_AccReadXYZ
 .text.LSM303C_MagInit
                0x080030bc       0x44 Src/lsm303c.o
                0x080030bc                LSM303C_MagInit
 .text.LSM303C_MagReadID
                0x08003100       0x18 Src/lsm303c.o
                0x08003100                LSM303C_MagReadID
 .text.LSM303C_MagLowPower
                0x08003118       0x18 Src/lsm303c.o
                0x08003118                LSM303C_MagLowPower
 .text.LSM303C_MagReadXYZ
                0x08003130       0xa4 Src/lsm303c.o
                0x08003130                LSM303C_MagReadXYZ
 .text.HAL_GPIO_EXTI_Callback
                0x080031d4       0x64 Src/main.o
                0x080031d4                HAL_GPIO_EXTI_Callback
 .text.HAL_TIM_PeriodElapsedCallback
                0x08003238       0x1c Src/main.o
                0x08003238                HAL_TIM_PeriodElapsedCallback
 .text.Convert_IntegerIntoChar
                0x08003254      0x178 Src/main.o
                0x08003254                Convert_IntegerIntoChar
 .text.Gyro_Convert
                0x080033cc       0x4c Src/main.o
 .text.sq_rt    0x08003418       0x18 Src/main.o
                0x08003418                sq_rt
 .text.Error_Handler
                0x08003430        0x4 Src/main.o
                0x08003430                Error_Handler
 .text.SystemClock_Config
                0x08003434       0xa8 Src/main.o
                0x08003434                SystemClock_Config
 .text.main     0x080034dc      0x75c Src/main.o
                0x080034dc                main
 .text.MX_QUADSPI_Init
                0x08003c38       0x30 Src/quadspi.o
                0x08003c38                MX_QUADSPI_Init
 .text.HAL_QSPI_MspInit
                0x08003c68       0x54 Src/quadspi.o
                0x08003c68                HAL_QSPI_MspInit
 .text.HAL_QSPI_MspDeInit
                0x08003cbc       0x2c Src/quadspi.o
                0x08003cbc                HAL_QSPI_MspDeInit
 .text.MX_RTC_Init
                0x08003ce8       0x98 Src/rtc.o
                0x08003ce8                MX_RTC_Init
 .text.HAL_RTC_MspInit
                0x08003d80       0x20 Src/rtc.o
                0x08003d80                HAL_RTC_MspInit
 .text.MX_SPI2_Init
                0x08003da0       0x48 Src/spi.o
                0x08003da0                MX_SPI2_Init
 .text.HAL_SPI_MspInit
                0x08003de8       0x50 Src/spi.o
                0x08003de8                HAL_SPI_MspInit
 .text.SPIx_WriteRead
                0x08003e38       0x44 Src/stm32l476g_discovery.o
 .text.SPIx_Write
                0x08003e7c       0x30 Src/stm32l476g_discovery.o
 .text.SPIx_Read
                0x08003eac       0x54 Src/stm32l476g_discovery.o
 .text.SPIx_MspInit
                0x08003f00       0x54 Src/stm32l476g_discovery.o
 .text.SPIx_Init
                0x08003f54       0x50 Src/stm32l476g_discovery.o
 .text.BSP_JOY_Init
                0x08003fa4      0x100 Src/stm32l476g_discovery.o
                0x08003fa4                BSP_JOY_Init
 .text.ACCELERO_IO_Init
                0x080040a4       0x4c Src/stm32l476g_discovery.o
                0x080040a4                ACCELERO_IO_Init
 .text.ACCELERO_IO_Write
                0x080040f0       0x48 Src/stm32l476g_discovery.o
                0x080040f0                ACCELERO_IO_Write
 .text.ACCELERO_IO_Read
                0x08004138       0x60 Src/stm32l476g_discovery.o
                0x08004138                ACCELERO_IO_Read
 .text.MAGNETO_IO_Init
                0x08004198       0x4c Src/stm32l476g_discovery.o
                0x08004198                MAGNETO_IO_Init
 .text.MAGNETO_IO_Write
                0x080041e4       0x48 Src/stm32l476g_discovery.o
                0x080041e4                MAGNETO_IO_Write
 .text.MAGNETO_IO_Read
                0x0800422c       0x60 Src/stm32l476g_discovery.o
                0x0800422c                MAGNETO_IO_Read
 .text.GYRO_IO_Init
                0x0800428c      0x100 Src/stm32l476g_discovery.o
                0x0800428c                GYRO_IO_Init
 .text.GYRO_IO_Write
                0x0800438c       0x54 Src/stm32l476g_discovery.o
                0x0800438c                GYRO_IO_Write
 .text.GYRO_IO_Read
                0x080043e0       0x58 Src/stm32l476g_discovery.o
                0x080043e0                GYRO_IO_Read
 .text.BSP_COMPASS_Init
                0x08004438       0x78 Src/stm32l476g_discovery_compass.o
                0x08004438                BSP_COMPASS_Init
 .text.BSP_COMPASS_AccGetXYZ
                0x080044b0       0x14 Src/stm32l476g_discovery_compass.o
                0x080044b0                BSP_COMPASS_AccGetXYZ
 .text.Convert  0x080044c4      0x114 Src/stm32l476g_discovery_glass_lcd.o
 .text.LCD_MspInit
                0x080045d8      0x11c Src/stm32l476g_discovery_glass_lcd.o
 .text.WriteChar
                0x080046f4      0x52c Src/stm32l476g_discovery_glass_lcd.o
 .text.BSP_LCD_GLASS_DisplayString
                0x08004c20       0x38 Src/stm32l476g_discovery_glass_lcd.o
                0x08004c20                BSP_LCD_GLASS_DisplayString
 .text.BSP_LCD_GLASS_DisplayStrDeci
                0x08004c58       0x78 Src/stm32l476g_discovery_glass_lcd.o
                0x08004c58                BSP_LCD_GLASS_DisplayStrDeci
 .text.BSP_LCD_GLASS_Clear
                0x08004cd0       0x10 Src/stm32l476g_discovery_glass_lcd.o
                0x08004cd0                BSP_LCD_GLASS_Clear
 .text.BSP_LCD_GLASS_Init
                0x08004ce0       0x4c Src/stm32l476g_discovery_glass_lcd.o
                0x08004ce0                BSP_LCD_GLASS_Init
 .text.BSP_LCD_GLASS_ScrollSentence
                0x08004d2c       0xec Src/stm32l476g_discovery_glass_lcd.o
                0x08004d2c                BSP_LCD_GLASS_ScrollSentence
 .text.BSP_GYRO_Init
                0x08004e18       0x44 Src/stm32l476g_discovery_gyroscope.o
                0x08004e18                BSP_GYRO_Init
 .text.QSPI_MspInit
                0x08004e5c       0x78 Src/stm32l476g_discovery_qspi.o
 .text.QSPI_AutoPollingMemReady
                0x08004ed4       0x54 Src/stm32l476g_discovery_qspi.o
 .text.QSPI_ResetMemory
                0x08004f28       0x64 Src/stm32l476g_discovery_qspi.o
 .text.QSPI_WriteEnable
                0x08004f8c       0x74 Src/stm32l476g_discovery_qspi.o
 .text.QSPI_DummyCyclesCfg
                0x08005000       0xac Src/stm32l476g_discovery_qspi.o
 .text.BSP_QSPI_Init
                0x080050ac       0x68 Src/stm32l476g_discovery_qspi.o
                0x080050ac                BSP_QSPI_Init
 .text.BSP_QSPI_Read
                0x08005114       0x64 Src/stm32l476g_discovery_qspi.o
                0x08005114                BSP_QSPI_Read
 .text.BSP_QSPI_Write
                0x08005178       0xb0 Src/stm32l476g_discovery_qspi.o
                0x08005178                BSP_QSPI_Write
 .text.HAL_MspInit
                0x08005228       0x90 Src/stm32l4xx_hal_msp.o
                0x08005228                HAL_MspInit
 .text.NMI_Handler
                0x080052b8        0x4 Src/stm32l4xx_it.o
                0x080052b8                NMI_Handler
 .text.HardFault_Handler
                0x080052bc        0x4 Src/stm32l4xx_it.o
                0x080052bc                HardFault_Handler
 .text.MemManage_Handler
                0x080052c0        0x4 Src/stm32l4xx_it.o
                0x080052c0                MemManage_Handler
 .text.BusFault_Handler
                0x080052c4        0x4 Src/stm32l4xx_it.o
                0x080052c4                BusFault_Handler
 .text.UsageFault_Handler
                0x080052c8        0x4 Src/stm32l4xx_it.o
                0x080052c8                UsageFault_Handler
 .text.SVC_Handler
                0x080052cc        0x4 Src/stm32l4xx_it.o
                0x080052cc                SVC_Handler
 .text.DebugMon_Handler
                0x080052d0        0x4 Src/stm32l4xx_it.o
                0x080052d0                DebugMon_Handler
 .text.PendSV_Handler
                0x080052d4        0x4 Src/stm32l4xx_it.o
                0x080052d4                PendSV_Handler
 .text.SysTick_Handler
                0x080052d8        0xc Src/stm32l4xx_it.o
                0x080052d8                SysTick_Handler
 .text.EXTI0_IRQHandler
                0x080052e4        0xc Src/stm32l4xx_it.o
                0x080052e4                EXTI0_IRQHandler
 .text.EXTI1_IRQHandler
                0x080052f0        0xc Src/stm32l4xx_it.o
                0x080052f0                EXTI1_IRQHandler
 .text.EXTI2_IRQHandler
                0x080052fc        0xc Src/stm32l4xx_it.o
                0x080052fc                EXTI2_IRQHandler
 .text.EXTI3_IRQHandler
                0x08005308        0xc Src/stm32l4xx_it.o
                0x08005308                EXTI3_IRQHandler
 .text.EXTI9_5_IRQHandler
                0x08005314        0xc Src/stm32l4xx_it.o
                0x08005314                EXTI9_5_IRQHandler
 .text.TIM6_DAC_IRQHandler
                0x08005320       0x10 Src/stm32l4xx_it.o
                0x08005320                TIM6_DAC_IRQHandler
 .text.SystemInit
                0x08005330       0x48 Src/system_stm32l4xx.o
                0x08005330                SystemInit
 .text.MX_TIM6_Init
                0x08005378       0x48 Src/tim.o
                0x08005378                MX_TIM6_Init
 .text.HAL_TIM_Base_MspInit
                0x080053c0       0x40 Src/tim.o
                0x080053c0                HAL_TIM_Base_MspInit
 .text.Reset_Handler
                0x08005400       0x50 startup/startup_stm32l476xx.o
                0x08005400                Reset_Handler
 .text.Default_Handler
                0x08005450        0x2 startup/startup_stm32l476xx.o
                0x08005450                RTC_Alarm_IRQHandler
                0x08005450                TIM8_TRG_COM_IRQHandler
                0x08005450                TIM8_CC_IRQHandler
                0x08005450                TIM1_CC_IRQHandler
                0x08005450                TSC_IRQHandler
                0x08005450                TAMP_STAMP_IRQHandler
                0x08005450                LPTIM2_IRQHandler
                0x08005450                DFSDM1_FLT1_IRQHandler
                0x08005450                I2C3_ER_IRQHandler
                0x08005450                DFSDM1_FLT2_IRQHandler
                0x08005450                I2C2_EV_IRQHandler
                0x08005450                CAN1_RX0_IRQHandler
                0x08005450                FPU_IRQHandler
                0x08005450                TIM1_UP_TIM16_IRQHandler
                0x08005450                ADC1_2_IRQHandler
                0x08005450                SPI1_IRQHandler
                0x08005450                TIM8_UP_IRQHandler
                0x08005450                DMA2_Channel2_IRQHandler
                0x08005450                DMA1_Channel4_IRQHandler
                0x08005450                SAI2_IRQHandler
                0x08005450                DFSDM1_FLT3_IRQHandler
                0x08005450                USART3_IRQHandler
                0x08005450                DMA1_Channel7_IRQHandler
                0x08005450                CAN1_RX1_IRQHandler
                0x08005450                LCD_IRQHandler
                0x08005450                UART5_IRQHandler
                0x08005450                ADC3_IRQHandler
                0x08005450                TIM4_IRQHandler
                0x08005450                DMA2_Channel1_IRQHandler
                0x08005450                QUADSPI_IRQHandler
                0x08005450                I2C1_EV_IRQHandler
                0x08005450                DMA1_Channel6_IRQHandler
                0x08005450                UART4_IRQHandler
                0x08005450                DMA2_Channel4_IRQHandler
                0x08005450                TIM3_IRQHandler
                0x08005450                RCC_IRQHandler
                0x08005450                DMA1_Channel1_IRQHandler
                0x08005450                Default_Handler
                0x08005450                DMA2_Channel7_IRQHandler
                0x08005450                EXTI15_10_IRQHandler
                0x08005450                TIM7_IRQHandler
                0x08005450                SDMMC1_IRQHandler
                0x08005450                TIM5_IRQHandler
                0x08005450                I2C3_EV_IRQHandler
                0x08005450                RTC_WKUP_IRQHandler
                0x08005450                PVD_PVM_IRQHandler
                0x08005450                SPI2_IRQHandler
                0x08005450                CAN1_TX_IRQHandler
                0x08005450                DMA2_Channel5_IRQHandler
                0x08005450                DMA1_Channel5_IRQHandler
                0x08005450                EXTI4_IRQHandler
                0x08005450                RNG_IRQHandler
                0x08005450                TIM1_TRG_COM_TIM17_IRQHandler
                0x08005450                DMA1_Channel3_IRQHandler
                0x08005450                COMP_IRQHandler
                0x08005450                WWDG_IRQHandler
                0x08005450                LPUART1_IRQHandler
                0x08005450                DMA2_Channel6_IRQHandler
                0x08005450                TIM2_IRQHandler
                0x08005450                USART2_IRQHandler
                0x08005450                DFSDM1_FLT0_IRQHandler
                0x08005450                I2C2_ER_IRQHandler
                0x08005450                DMA1_Channel2_IRQHandler
                0x08005450                TIM8_BRK_IRQHandler
                0x08005450                CAN1_SCE_IRQHandler
                0x08005450                FLASH_IRQHandler
                0x08005450                USART1_IRQHandler
                0x08005450                OTG_FS_IRQHandler
                0x08005450                SPI3_IRQHandler
                0x08005450                I2C1_ER_IRQHandler
                0x08005450                FMC_IRQHandler
                0x08005450                SWPMI1_IRQHandler
                0x08005450                LPTIM1_IRQHandler
                0x08005450                SAI1_IRQHandler
                0x08005450                DMA2_Channel3_IRQHandler
                0x08005450                TIM1_BRK_TIM15_IRQHandler
 *fill*         0x08005452        0x2 
 .text.__libc_init_array
                0x08005454       0x4c c:/ac6/systemworkbench/plugins/fr.ac6.mcu.externaltools.arm-none.win32_1.13.2.201705091103/tools/compiler/bin/../lib/gcc/arm-none-eabi/5.4.1/../../../../arm-none-eabi/lib/armv7e-m/fpu\libc_nano.a(lib_a-init.o)
                0x08005454                __libc_init_array
 .text.memset   0x080054a0       0x10 c:/ac6/systemworkbench/plugins/fr.ac6.mcu.externaltools.arm-none.win32_1.13.2.201705091103/tools/compiler/bin/../lib/gcc/arm-none-eabi/5.4.1/../../../../arm-none-eabi/lib/armv7e-m/fpu\libc_nano.a(lib_a-memset.o)
                0x080054a0                memset
 .text.sprintf  0x080054b0       0x48 c:/ac6/systemworkbench/plugins/fr.ac6.mcu.externaltools.arm-none.win32_1.13.2.201705091103/tools/compiler/bin/../lib/gcc/arm-none-eabi/5.4.1/../../../../arm-none-eabi/lib/armv7e-m/fpu\libc_nano.a(lib_a-sprintf.o)
                0x080054b0                siprintf
                0x080054b0                sprintf
 .text.__ssputs_r
                0x080054f8       0xb2 c:/ac6/systemworkbench/plugins/fr.ac6.mcu.externaltools.arm-none.win32_1.13.2.201705091103/tools/compiler/bin/../lib/gcc/arm-none-eabi/5.4.1/../../../../arm-none-eabi/lib/armv7e-m/fpu\libc_nano.a(lib_a-nano-svfprintf.o)
                0x080054f8                __ssputs_r
 *fill*         0x080055aa        0x2 
 .text._svfprintf_r
                0x080055ac      0x1e8 c:/ac6/systemworkbench/plugins/fr.ac6.mcu.externaltools.arm-none.win32_1.13.2.201705091103/tools/compiler/bin/../lib/gcc/arm-none-eabi/5.4.1/../../../../arm-none-eabi/lib/armv7e-m/fpu\libc_nano.a(lib_a-nano-svfprintf.o)
                0x080055ac                _svfiprintf_r
                0x080055ac                _svfprintf_r
 .text._printf_common
                0x08005794       0xec c:/ac6/systemworkbench/plugins/fr.ac6.mcu.externaltools.arm-none.win32_1.13.2.201705091103/tools/compiler/bin/../lib/gcc/arm-none-eabi/5.4.1/../../../../arm-none-eabi/lib/armv7e-m/fpu\libc_nano.a(lib_a-nano-vfprintf_i.o)
                0x08005794                _printf_common
 .text._printf_i
                0x08005880      0x24c c:/ac6/systemworkbench/plugins/fr.ac6.mcu.externaltools.arm-none.win32_1.13.2.201705091103/tools/compiler/bin/../lib/gcc/arm-none-eabi/5.4.1/../../../../arm-none-eabi/lib/armv7e-m/fpu\libc_nano.a(lib_a-nano-vfprintf_i.o)
                0x08005880                _printf_i
 .text.memcpy   0x08005acc       0x16 c:/ac6/systemworkbench/plugins/fr.ac6.mcu.externaltools.arm-none.win32_1.13.2.201705091103/tools/compiler/bin/../lib/gcc/arm-none-eabi/5.4.1/../../../../arm-none-eabi/lib/armv7e-m/fpu\libc_nano.a(lib_a-memcpy-stub.o)
                0x08005acc                memcpy
 .text.memmove  0x08005ae2       0x36 c:/ac6/systemworkbench/plugins/fr.ac6.mcu.externaltools.arm-none.win32_1.13.2.201705091103/tools/compiler/bin/../lib/gcc/arm-none-eabi/5.4.1/../../../../arm-none-eabi/lib/armv7e-m/fpu\libc_nano.a(lib_a-memmove.o)
                0x08005ae2                memmove
 .text._free_r  0x08005b18       0x9c c:/ac6/systemworkbench/plugins/fr.ac6.mcu.externaltools.arm-none.win32_1.13.2.201705091103/tools/compiler/bin/../lib/gcc/arm-none-eabi/5.4.1/../../../../arm-none-eabi/lib/armv7e-m/fpu\libc_nano.a(lib_a-nano-freer.o)
                0x08005b18                _free_r
 .text._malloc_r
                0x08005bb4       0xbc c:/ac6/systemworkbench/plugins/fr.ac6.mcu.externaltools.arm-none.win32_1.13.2.201705091103/tools/compiler/bin/../lib/gcc/arm-none-eabi/5.4.1/../../../../arm-none-eabi/lib/armv7e-m/fpu\libc_nano.a(lib_a-nano-mallocr.o)
                0x08005bb4                _malloc_r
 .text._realloc_r
                0x08005c70       0x4c c:/ac6/systemworkbench/plugins/fr.ac6.mcu.externaltools.arm-none.win32_1.13.2.201705091103/tools/compiler/bin/../lib/gcc/arm-none-eabi/5.4.1/../../../../arm-none-eabi/lib/armv7e-m/fpu\libc_nano.a(lib_a-nano-reallocr.o)
                0x08005c70                _realloc_r
 .text._sbrk_r  0x08005cbc       0x20 c:/ac6/systemworkbench/plugins/fr.ac6.mcu.externaltools.arm-none.win32_1.13.2.201705091103/tools/compiler/bin/../lib/gcc/arm-none-eabi/5.4.1/../../../../arm-none-eabi/lib/armv7e-m/fpu\libc_nano.a(lib_a-sbrkr.o)
                0x08005cbc                _sbrk_r
 .text.__malloc_lock
                0x08005cdc        0x2 c:/ac6/systemworkbench/plugins/fr.ac6.mcu.externaltools.arm-none.win32_1.13.2.201705091103/tools/compiler/bin/../lib/gcc/arm-none-eabi/5.4.1/../../../../arm-none-eabi/lib/armv7e-m/fpu\libc_nano.a(lib_a-mlock.o)
                0x08005cdc                __malloc_lock
 .text.__malloc_unlock
                0x08005cde        0x2 c:/ac6/systemworkbench/plugins/fr.ac6.mcu.externaltools.arm-none.win32_1.13.2.201705091103/tools/compiler/bin/../lib/gcc/arm-none-eabi/5.4.1/../../../../arm-none-eabi/lib/armv7e-m/fpu\libc_nano.a(lib_a-mlock.o)
                0x08005cde                __malloc_unlock
 .text._malloc_usable_size_r
                0x08005ce0       0x14 c:/ac6/systemworkbench/plugins/fr.ac6.mcu.externaltools.arm-none.win32_1.13.2.201705091103/tools/compiler/bin/../lib/gcc/arm-none-eabi/5.4.1/../../../../arm-none-eabi/lib/armv7e-m/fpu\libc_nano.a(lib_a-nano-msizer.o)
                0x08005ce0                _malloc_usable_size_r
 .text._sbrk    0x08005cf4       0x1c c:/ac6/systemworkbench/plugins/fr.ac6.mcu.externaltools.arm-none.win32_1.13.2.201705091103/tools/compiler/bin/../lib/gcc/arm-none-eabi/5.4.1/../../../../arm-none-eabi/lib/armv7e-m/fpu\libnosys.a(sbrk.o)
                0x08005cf4                _sbrk
 *(.glue_7)
 .glue_7        0x08005d10        0x0 linker stubs
 *(.glue_7t)
 .glue_7t       0x08005d10        0x0 linker stubs
 *(.eh_frame)
 .eh_frame      0x08005d10        0x0 c:/ac6/systemworkbench/plugins/fr.ac6.mcu.externaltools.arm-none.win32_1.13.2.201705091103/tools/compiler/bin/../lib/gcc/arm-none-eabi/5.4.1/armv7e-m/fpu/crtbegin.o
 *(.init)
 .init          0x08005d10        0x4 c:/ac6/systemworkbench/plugins/fr.ac6.mcu.externaltools.arm-none.win32_1.13.2.201705091103/tools/compiler/bin/../lib/gcc/arm-none-eabi/5.4.1/armv7e-m/fpu/crti.o
                0x08005d10                _init
 .init          0x08005d14        0x8 c:/ac6/systemworkbench/plugins/fr.ac6.mcu.externaltools.arm-none.win32_1.13.2.201705091103/tools/compiler/bin/../lib/gcc/arm-none-eabi/5.4.1/armv7e-m/fpu/crtn.o
 *(.fini)
 .fini          0x08005d1c        0x4 c:/ac6/systemworkbench/plugins/fr.ac6.mcu.externaltools.arm-none.win32_1.13.2.201705091103/tools/compiler/bin/../lib/gcc/arm-none-eabi/5.4.1/armv7e-m/fpu/crti.o
                0x08005d1c                _fini
 .fini          0x08005d20        0x8 c:/ac6/systemworkbench/plugins/fr.ac6.mcu.externaltools.arm-none.win32_1.13.2.201705091103/tools/compiler/bin/../lib/gcc/arm-none-eabi/5.4.1/armv7e-m/fpu/crtn.o
                0x08005d28                . = ALIGN (0x8)
                0x08005d28                _etext = .

.vfp11_veneer   0x08005d28        0x0
 .vfp11_veneer  0x08005d28        0x0 linker stubs

.v4_bx          0x08005d28        0x0
 .v4_bx         0x08005d28        0x0 linker stubs

.iplt           0x08005d28        0x0
 .iplt          0x08005d28        0x0 c:/ac6/systemworkbench/plugins/fr.ac6.mcu.externaltools.arm-none.win32_1.13.2.201705091103/tools/compiler/bin/../lib/gcc/arm-none-eabi/5.4.1/armv7e-m/fpu/crtbegin.o

.rodata         0x08005d28      0x168
                0x08005d28                . = ALIGN (0x8)
 *(.rodata)
 .rodata        0x08005d28       0x15 Src/stm32l476g_discovery.o
                0x08005d28                LED_PIN
                0x08005d2c                JOY_PIN
                0x08005d38                JOY_IRQn
 *fill*         0x08005d3d        0x3 
 .rodata        0x08005d40       0x48 Src/stm32l476g_discovery_glass_lcd.o
                0x08005d40                NumberMap
                0x08005d54                CapLetterMap
 .rodata        0x08005d88       0x48 Src/system_stm32l4xx.o
                0x08005d88                MSIRangeTable
                0x08005db8                AHBPrescTable
                0x08005dc8                APBPrescTable
 *(.rodata*)
 .rodata.str1.4
                0x08005dd0       0x8c Src/main.o
                                 0x89 (size before relaxing)
 .rodata.str1.1
                0x08005e5c       0x11 c:/ac6/systemworkbench/plugins/fr.ac6.mcu.externaltools.arm-none.win32_1.13.2.201705091103/tools/compiler/bin/../lib/gcc/arm-none-eabi/5.4.1/../../../../arm-none-eabi/lib/armv7e-m/fpu\libc_nano.a(lib_a-nano-svfprintf.o)
 .rodata.str1.1
                0x08005e6d       0x22 c:/ac6/systemworkbench/plugins/fr.ac6.mcu.externaltools.arm-none.win32_1.13.2.201705091103/tools/compiler/bin/../lib/gcc/arm-none-eabi/5.4.1/../../../../arm-none-eabi/lib/armv7e-m/fpu\libc_nano.a(lib_a-nano-vfprintf_i.o)
                0x08005e90                . = ALIGN (0x8)
 *fill*         0x08005e8f        0x1 

.rel.dyn        0x08005e90        0x0
 .rel.iplt      0x08005e90        0x0 c:/ac6/systemworkbench/plugins/fr.ac6.mcu.externaltools.arm-none.win32_1.13.2.201705091103/tools/compiler/bin/../lib/gcc/arm-none-eabi/5.4.1/armv7e-m/fpu/crtbegin.o

.ARM.extab      0x08005e90        0x0
                0x08005e90                . = ALIGN (0x8)
 *(.ARM.extab* .gnu.linkonce.armextab.*)
                0x08005e90                . = ALIGN (0x8)

.ARM            0x08005e90        0x0
                0x08005e90                . = ALIGN (0x8)
                0x08005e90                __exidx_start = .
 *(.ARM.exidx*)
                0x08005e90                __exidx_end = .
                0x08005e90                . = ALIGN (0x8)

.preinit_array  0x08005e90        0x0
                0x08005e90                . = ALIGN (0x8)
                0x08005e90                PROVIDE (__preinit_array_start, .)
 *(.preinit_array*)
                0x08005e90                PROVIDE (__preinit_array_end, .)
                0x08005e90                . = ALIGN (0x8)

.init_array     0x08005e90        0x8
                0x08005e90                . = ALIGN (0x8)
                0x08005e90                PROVIDE (__init_array_start, .)
 *(SORT(.init_array.*))
 *(.init_array*)
 .init_array    0x08005e90        0x4 c:/ac6/systemworkbench/plugins/fr.ac6.mcu.externaltools.arm-none.win32_1.13.2.201705091103/tools/compiler/bin/../lib/gcc/arm-none-eabi/5.4.1/armv7e-m/fpu/crtbegin.o
                0x08005e94                PROVIDE (__init_array_end, .)
                0x08005e98                . = ALIGN (0x8)
 *fill*         0x08005e94        0x4 

.fini_array     0x08005e98        0x8
                0x08005e98                . = ALIGN (0x8)
                [!provide]                PROVIDE (__fini_array_start, .)
 *(SORT(.fini_array.*))
 *(.fini_array*)
 .fini_array    0x08005e98        0x4 c:/ac6/systemworkbench/plugins/fr.ac6.mcu.externaltools.arm-none.win32_1.13.2.201705091103/tools/compiler/bin/../lib/gcc/arm-none-eabi/5.4.1/armv7e-m/fpu/crtbegin.o
                [!provide]                PROVIDE (__fini_array_end, .)
                0x08005ea0                . = ALIGN (0x8)
 *fill*         0x08005e9c        0x4 
                0x08005ea0                _sidata = LOADADDR (.data)

.data           0x20000000      0x138 load address 0x08005ea0
                0x20000000                . = ALIGN (0x8)
                0x20000000                _sdata = .
 *(.data)
 .data          0x20000000       0x34 Src/l3gd20.o
                0x20000000                L3gd20Drv
 .data          0x20000034       0x68 Src/lsm303c.o
                0x20000034                Lsm303cDrv_magneto
                0x20000068                Lsm303cDrv_accelero
 .data          0x2000009c        0xc Src/main.o
                0x2000009c                flaginterrupt
                0x200000a0                cowyswietlic
                0x200000a4                pierwszeuruchomienie
 .data          0x200000a8       0x28 Src/stm32l476g_discovery.o
                0x200000a8                I2c2Timeout
                0x200000ac                I2c1Timeout
                0x200000b0                LED_PORT
                0x200000b8                JOY_PORT
                0x200000cc                SpixTimeout
 .data          0x200000d0        0x4 Src/system_stm32l4xx.o
                0x200000d0                SystemCoreClock
 *(.data*)
 .data.impure_data
                0x200000d4       0x60 c:/ac6/systemworkbench/plugins/fr.ac6.mcu.externaltools.arm-none.win32_1.13.2.201705091103/tools/compiler/bin/../lib/gcc/arm-none-eabi/5.4.1/../../../../arm-none-eabi/lib/armv7e-m/fpu\libc_nano.a(lib_a-impure.o)
 .data._impure_ptr
                0x20000134        0x4 c:/ac6/systemworkbench/plugins/fr.ac6.mcu.externaltools.arm-none.win32_1.13.2.201705091103/tools/compiler/bin/../lib/gcc/arm-none-eabi/5.4.1/../../../../arm-none-eabi/lib/armv7e-m/fpu\libc_nano.a(lib_a-impure.o)
                0x20000134                _impure_ptr
                0x20000138                . = ALIGN (0x8)
                0x20000138                _edata = .

.jcr            0x20000138        0x0 load address 0x08005fd8
 .jcr           0x20000138        0x0 c:/ac6/systemworkbench/plugins/fr.ac6.mcu.externaltools.arm-none.win32_1.13.2.201705091103/tools/compiler/bin/../lib/gcc/arm-none-eabi/5.4.1/armv7e-m/fpu/crtbegin.o

.igot.plt       0x20000138        0x0 load address 0x08005fd8
 .igot.plt      0x20000138        0x0 c:/ac6/systemworkbench/plugins/fr.ac6.mcu.externaltools.arm-none.win32_1.13.2.201705091103/tools/compiler/bin/../lib/gcc/arm-none-eabi/5.4.1/armv7e-m/fpu/crtbegin.o
                0x20000138                . = ALIGN (0x4)

.bss            0x20000138     0x22d8 load address 0x08005fd8
                0x20000138                _sbss = .
                0x20000138                __bss_start__ = _sbss
 *(.bss)
 .bss           0x20000138       0x1c c:/ac6/systemworkbench/plugins/fr.ac6.mcu.externaltools.arm-none.win32_1.13.2.201705091103/tools/compiler/bin/../lib/gcc/arm-none-eabi/5.4.1/armv7e-m/fpu/crtbegin.o
 .bss           0x20000154       0x64 Src/main.o
                0x20000154                displaycase
                0x20000158                buffer
                0x20000160                xval
                0x20000164                yval
                0x20000168                zval
                0x2000016c                xvalabs
                0x20000170                yvalabs
                0x20000174                zvalabs
                0x20000178                xoff
                0x2000017c                yoff
                0x20000180                zoff
                0x20000184                xv
                0x20000188                yv
                0x2000018c                zv
                0x20000190                acceleval
                0x20000194                vvv
                0x20000198                i
                0x2000019c                datatodisplay
                0x200001a8                zs
                0x200001ac                ys
                0x200001b0                xs
                0x200001b4                cm
 .bss           0x200001b8       0xfc Src/stm32l476g_discovery.o
 .bss           0x200002b4        0x8 Src/stm32l476g_discovery_compass.o
 .bss           0x200002bc        0x1 Src/stm32l476g_discovery_glass_lcd.o
                0x200002bc                bLCDGlass_KeyPressed
 *fill*         0x200002bd        0x3 
 .bss           0x200002c0        0x4 Src/stm32l476g_discovery_gyroscope.o
 *(.bss*)
 .bss.__malloc_sbrk_start
                0x200002c4        0x4 c:/ac6/systemworkbench/plugins/fr.ac6.mcu.externaltools.arm-none.win32_1.13.2.201705091103/tools/compiler/bin/../lib/gcc/arm-none-eabi/5.4.1/../../../../arm-none-eabi/lib/armv7e-m/fpu\libc_nano.a(lib_a-nano-mallocr.o)
                0x200002c4                __malloc_sbrk_start
 .bss.__malloc_free_list
                0x200002c8        0x4 c:/ac6/systemworkbench/plugins/fr.ac6.mcu.externaltools.arm-none.win32_1.13.2.201705091103/tools/compiler/bin/../lib/gcc/arm-none-eabi/5.4.1/../../../../arm-none-eabi/lib/armv7e-m/fpu\libc_nano.a(lib_a-nano-mallocr.o)
                0x200002c8                __malloc_free_list
 .bss.heap_end.4169
                0x200002cc        0x4 c:/ac6/systemworkbench/plugins/fr.ac6.mcu.externaltools.arm-none.win32_1.13.2.201705091103/tools/compiler/bin/../lib/gcc/arm-none-eabi/5.4.1/../../../../arm-none-eabi/lib/armv7e-m/fpu\libnosys.a(sbrk.o)
 *(COMMON)
 COMMON         0x200002d0        0x4 Drivers/STM32L4xx_HAL_Driver/Src/stm32l4xx_hal.o
                0x200002d0                uwTick
 COMMON         0x200002d4       0x3c Src/lcd.o
                0x200002d4                hlcd
 COMMON         0x20000310     0x1f64 Src/main.o
                0x20000310                axisXYZ
                0x20000318                liczbadanych
                0x2000031c                tablicadanych
                0x200012bc                tablicaczasow
                0x2000225c                backup
 COMMON         0x20002274       0x44 Src/quadspi.o
                0x20002274                hqspi
 COMMON         0x200022b8       0x24 Src/rtc.o
                0x200022b8                hrtc
 COMMON         0x200022dc       0x64 Src/spi.o
                0x200022dc                hspi2
 COMMON         0x20002340       0x4c Src/stm32l476g_discovery_glass_lcd.o
                0x20002340                Digit
                0x20002350                LCDHandle
 COMMON         0x2000238c       0x44 Src/stm32l476g_discovery_qspi.o
                0x2000238c                QSPIHandle
 COMMON         0x200023d0       0x3c Src/tim.o
                0x200023d0                htim6
 COMMON         0x2000240c        0x4 c:/ac6/systemworkbench/plugins/fr.ac6.mcu.externaltools.arm-none.win32_1.13.2.201705091103/tools/compiler/bin/../lib/gcc/arm-none-eabi/5.4.1/../../../../arm-none-eabi/lib/armv7e-m/fpu\libc_nano.a(lib_a-reent.o)
                0x2000240c                errno
                0x20002410                . = ALIGN (0x4)
                0x20002410                _ebss = .
                0x20002410                __bss_end__ = _ebss

._user_heap_stack
                0x20002410      0x600 load address 0x08005fd8
                0x20002410                . = ALIGN (0x8)
                0x20002410                PROVIDE (end, .)
                [!provide]                PROVIDE (_end, .)
                0x20002610                . = (. + _Min_Heap_Size)
 *fill*         0x20002410      0x200 
                0x20002a10                . = (. + _Min_Stack_Size)
 *fill*         0x20002610      0x400 
                0x20002a10                . = ALIGN (0x8)

/DISCARD/
 libc.a(*)
 libm.a(*)
 libgcc.a(*)

.ARM.attributes
                0x00000000       0x30
 *(.ARM.attributes)
 .ARM.attributes
                0x00000000       0x22 c:/ac6/systemworkbench/plugins/fr.ac6.mcu.externaltools.arm-none.win32_1.13.2.201705091103/tools/compiler/bin/../lib/gcc/arm-none-eabi/5.4.1/armv7e-m/fpu/crti.o
 .ARM.attributes
                0x00000022       0x34 c:/ac6/systemworkbench/plugins/fr.ac6.mcu.externaltools.arm-none.win32_1.13.2.201705091103/tools/compiler/bin/../lib/gcc/arm-none-eabi/5.4.1/armv7e-m/fpu/crtbegin.o
 .ARM.attributes
                0x00000056       0x39 Drivers/STM32L4xx_HAL_Driver/Src/stm32l4xx_hal.o
 .ARM.attributes
                0x0000008f       0x39 Drivers/STM32L4xx_HAL_Driver/Src/stm32l4xx_hal_cortex.o
 .ARM.attributes
                0x000000c8       0x39 Drivers/STM32L4xx_HAL_Driver/Src/stm32l4xx_hal_dma.o
 .ARM.attributes
                0x00000101       0x39 Drivers/STM32L4xx_HAL_Driver/Src/stm32l4xx_hal_gpio.o
 .ARM.attributes
                0x0000013a       0x39 Drivers/STM32L4xx_HAL_Driver/Src/stm32l4xx_hal_lcd.o
 .ARM.attributes
                0x00000173       0x39 Drivers/STM32L4xx_HAL_Driver/Src/stm32l4xx_hal_pwr_ex.o
 .ARM.attributes
                0x000001ac       0x39 Drivers/STM32L4xx_HAL_Driver/Src/stm32l4xx_hal_qspi.o
 .ARM.attributes
                0x000001e5       0x39 Drivers/STM32L4xx_HAL_Driver/Src/stm32l4xx_hal_rcc.o
 .ARM.attributes
                0x0000021e       0x39 Drivers/STM32L4xx_HAL_Driver/Src/stm32l4xx_hal_rcc_ex.o
 .ARM.attributes
                0x00000257       0x39 Drivers/STM32L4xx_HAL_Driver/Src/stm32l4xx_hal_rtc.o
 .ARM.attributes
                0x00000290       0x39 Drivers/STM32L4xx_HAL_Driver/Src/stm32l4xx_hal_rtc_ex.o
 .ARM.attributes
                0x000002c9       0x39 Drivers/STM32L4xx_HAL_Driver/Src/stm32l4xx_hal_spi.o
 .ARM.attributes
                0x00000302       0x39 Drivers/STM32L4xx_HAL_Driver/Src/stm32l4xx_hal_tim.o
 .ARM.attributes
                0x0000033b       0x39 Drivers/STM32L4xx_HAL_Driver/Src/stm32l4xx_hal_tim_ex.o
 .ARM.attributes
                0x00000374       0x39 Src/gpio.o
 .ARM.attributes
                0x000003ad       0x39 Src/l3gd20.o
 .ARM.attributes
                0x000003e6       0x39 Src/lcd.o
 .ARM.attributes
                0x0000041f       0x39 Src/lsm303c.o
 .ARM.attributes
                0x00000458       0x39 Src/main.o
 .ARM.attributes
                0x00000491       0x39 Src/quadspi.o
 .ARM.attributes
                0x000004ca       0x39 Src/rtc.o
 .ARM.attributes
                0x00000503       0x39 Src/spi.o
 .ARM.attributes
                0x0000053c       0x39 Src/stm32l476g_discovery.o
 .ARM.attributes
                0x00000575       0x39 Src/stm32l476g_discovery_compass.o
 .ARM.attributes
                0x000005ae       0x39 Src/stm32l476g_discovery_glass_lcd.o
 .ARM.attributes
                0x000005e7       0x39 Src/stm32l476g_discovery_gyroscope.o
 .ARM.attributes
                0x00000620       0x39 Src/stm32l476g_discovery_qspi.o
 .ARM.attributes
                0x00000659       0x39 Src/stm32l4xx_hal_msp.o
 .ARM.attributes
                0x00000692       0x39 Src/stm32l4xx_it.o
 .ARM.attributes
                0x000006cb       0x39 Src/system_stm32l4xx.o
 .ARM.attributes
                0x00000704       0x39 Src/tim.o
 .ARM.attributes
                0x0000073d       0x21 startup/startup_stm32l476xx.o
 .ARM.attributes
                0x0000075e       0x34 c:/ac6/systemworkbench/plugins/fr.ac6.mcu.externaltools.arm-none.win32_1.13.2.201705091103/tools/compiler/bin/../lib/gcc/arm-none-eabi/5.4.1/../../../../arm-none-eabi/lib/armv7e-m/fpu\libc_nano.a(lib_a-impure.o)
 .ARM.attributes
                0x00000792       0x34 c:/ac6/systemworkbench/plugins/fr.ac6.mcu.externaltools.arm-none.win32_1.13.2.201705091103/tools/compiler/bin/../lib/gcc/arm-none-eabi/5.4.1/../../../../arm-none-eabi/lib/armv7e-m/fpu\libc_nano.a(lib_a-init.o)
 .ARM.attributes
                0x000007c6       0x34 c:/ac6/systemworkbench/plugins/fr.ac6.mcu.externaltools.arm-none.win32_1.13.2.201705091103/tools/compiler/bin/../lib/gcc/arm-none-eabi/5.4.1/../../../../arm-none-eabi/lib/armv7e-m/fpu\libc_nano.a(lib_a-memset.o)
 .ARM.attributes
                0x000007fa       0x34 c:/ac6/systemworkbench/plugins/fr.ac6.mcu.externaltools.arm-none.win32_1.13.2.201705091103/tools/compiler/bin/../lib/gcc/arm-none-eabi/5.4.1/../../../../arm-none-eabi/lib/armv7e-m/fpu\libc_nano.a(lib_a-sprintf.o)
 .ARM.attributes
                0x0000082e       0x34 c:/ac6/systemworkbench/plugins/fr.ac6.mcu.externaltools.arm-none.win32_1.13.2.201705091103/tools/compiler/bin/../lib/gcc/arm-none-eabi/5.4.1/../../../../arm-none-eabi/lib/armv7e-m/fpu\libc_nano.a(lib_a-nano-svfprintf.o)
 .ARM.attributes
                0x00000862       0x34 c:/ac6/systemworkbench/plugins/fr.ac6.mcu.externaltools.arm-none.win32_1.13.2.201705091103/tools/compiler/bin/../lib/gcc/arm-none-eabi/5.4.1/../../../../arm-none-eabi/lib/armv7e-m/fpu\libc_nano.a(lib_a-nano-vfprintf_i.o)
 .ARM.attributes
                0x00000896       0x20 c:/ac6/systemworkbench/plugins/fr.ac6.mcu.externaltools.arm-none.win32_1.13.2.201705091103/tools/compiler/bin/../lib/gcc/arm-none-eabi/5.4.1/../../../../arm-none-eabi/lib/armv7e-m/fpu\libc_nano.a(lib_a-memchr.o)
 .ARM.attributes
                0x000008b6       0x34 c:/ac6/systemworkbench/plugins/fr.ac6.mcu.externaltools.arm-none.win32_1.13.2.201705091103/tools/compiler/bin/../lib/gcc/arm-none-eabi/5.4.1/../../../../arm-none-eabi/lib/armv7e-m/fpu\libc_nano.a(lib_a-memcpy-stub.o)
 .ARM.attributes
                0x000008ea       0x34 c:/ac6/systemworkbench/plugins/fr.ac6.mcu.externaltools.arm-none.win32_1.13.2.201705091103/tools/compiler/bin/../lib/gcc/arm-none-eabi/5.4.1/../../../../arm-none-eabi/lib/armv7e-m/fpu\libc_nano.a(lib_a-memmove.o)
 .ARM.attributes
                0x0000091e       0x34 c:/ac6/systemworkbench/plugins/fr.ac6.mcu.externaltools.arm-none.win32_1.13.2.201705091103/tools/compiler/bin/../lib/gcc/arm-none-eabi/5.4.1/../../../../arm-none-eabi/lib/armv7e-m/fpu\libc_nano.a(lib_a-nano-freer.o)
 .ARM.attributes
                0x00000952       0x34 c:/ac6/systemworkbench/plugins/fr.ac6.mcu.externaltools.arm-none.win32_1.13.2.201705091103/tools/compiler/bin/../lib/gcc/arm-none-eabi/5.4.1/../../../../arm-none-eabi/lib/armv7e-m/fpu\libc_nano.a(lib_a-nano-mallocr.o)
 .ARM.attributes
                0x00000986       0x34 c:/ac6/systemworkbench/plugins/fr.ac6.mcu.externaltools.arm-none.win32_1.13.2.201705091103/tools/compiler/bin/../lib/gcc/arm-none-eabi/5.4.1/../../../../arm-none-eabi/lib/armv7e-m/fpu\libc_nano.a(lib_a-nano-reallocr.o)
 .ARM.attributes
                0x000009ba       0x34 c:/ac6/systemworkbench/plugins/fr.ac6.mcu.externaltools.arm-none.win32_1.13.2.201705091103/tools/compiler/bin/../lib/gcc/arm-none-eabi/5.4.1/../../../../arm-none-eabi/lib/armv7e-m/fpu\libc_nano.a(lib_a-sbrkr.o)
 .ARM.attributes
                0x000009ee       0x34 c:/ac6/systemworkbench/plugins/fr.ac6.mcu.externaltools.arm-none.win32_1.13.2.201705091103/tools/compiler/bin/../lib/gcc/arm-none-eabi/5.4.1/../../../../arm-none-eabi/lib/armv7e-m/fpu\libc_nano.a(lib_a-mlock.o)
 .ARM.attributes
                0x00000a22       0x34 c:/ac6/systemworkbench/plugins/fr.ac6.mcu.externaltools.arm-none.win32_1.13.2.201705091103/tools/compiler/bin/../lib/gcc/arm-none-eabi/5.4.1/../../../../arm-none-eabi/lib/armv7e-m/fpu\libc_nano.a(lib_a-nano-msizer.o)
 .ARM.attributes
                0x00000a56       0x34 c:/ac6/systemworkbench/plugins/fr.ac6.mcu.externaltools.arm-none.win32_1.13.2.201705091103/tools/compiler/bin/../lib/gcc/arm-none-eabi/5.4.1/../../../../arm-none-eabi/lib/armv7e-m/fpu\libc_nano.a(lib_a-reent.o)
 .ARM.attributes
                0x00000a8a       0x34 c:/ac6/systemworkbench/plugins/fr.ac6.mcu.externaltools.arm-none.win32_1.13.2.201705091103/tools/compiler/bin/../lib/gcc/arm-none-eabi/5.4.1/../../../../arm-none-eabi/lib/armv7e-m/fpu\libnosys.a(sbrk.o)
 .ARM.attributes
                0x00000abe       0x22 c:/ac6/systemworkbench/plugins/fr.ac6.mcu.externaltools.arm-none.win32_1.13.2.201705091103/tools/compiler/bin/../lib/gcc/arm-none-eabi/5.4.1/armv7e-m/fpu/crtn.o
OUTPUT(acc.elf elf32-littlearm)

.debug_info     0x00000000    0x1e667
 .debug_info    0x00000000      0xa52 Drivers/STM32L4xx_HAL_Driver/Src/stm32l4xx_hal.o
 .debug_info    0x00000a52      0xe97 Drivers/STM32L4xx_HAL_Driver/Src/stm32l4xx_hal_cortex.o
 .debug_info    0x000018e9      0x7f9 Drivers/STM32L4xx_HAL_Driver/Src/stm32l4xx_hal_dma.o
 .debug_info    0x000020e2      0x7e8 Drivers/STM32L4xx_HAL_Driver/Src/stm32l4xx_hal_gpio.o
 .debug_info    0x000028ca      0x5e4 Drivers/STM32L4xx_HAL_Driver/Src/stm32l4xx_hal_lcd.o
 .debug_info    0x00002eae      0xa43 Drivers/STM32L4xx_HAL_Driver/Src/stm32l4xx_hal_pwr_ex.o
 .debug_info    0x000038f1     0x18b9 Drivers/STM32L4xx_HAL_Driver/Src/stm32l4xx_hal_qspi.o
 .debug_info    0x000051aa     0x1105 Drivers/STM32L4xx_HAL_Driver/Src/stm32l4xx_hal_rcc.o
 .debug_info    0x000062af     0x17e3 Drivers/STM32L4xx_HAL_Driver/Src/stm32l4xx_hal_rcc_ex.o
 .debug_info    0x00007a92      0xf16 Drivers/STM32L4xx_HAL_Driver/Src/stm32l4xx_hal_rtc.o
 .debug_info    0x000089a8     0x11f9 Drivers/STM32L4xx_HAL_Driver/Src/stm32l4xx_hal_rtc_ex.o
 .debug_info    0x00009ba1     0x1d97 Drivers/STM32L4xx_HAL_Driver/Src/stm32l4xx_hal_spi.o
 .debug_info    0x0000b938     0x2f2a Drivers/STM32L4xx_HAL_Driver/Src/stm32l4xx_hal_tim.o
 .debug_info    0x0000e862     0x147b Drivers/STM32L4xx_HAL_Driver/Src/stm32l4xx_hal_tim_ex.o
 .debug_info    0x0000fcdd      0x855 Src/gpio.o
 .debug_info    0x00010532      0x725 Src/l3gd20.o
 .debug_info    0x00010c57      0x7fe Src/lcd.o
 .debug_info    0x00011455      0x84d Src/lsm303c.o
 .debug_info    0x00011ca2     0x21e5 Src/main.o
 .debug_info    0x00013e87      0x98d Src/quadspi.o
 .debug_info    0x00014814      0x90b Src/rtc.o
 .debug_info    0x0001511f      0x9e6 Src/spi.o
 .debug_info    0x00015b05     0x325d Src/stm32l476g_discovery.o
 .debug_info    0x00018d62      0x597 Src/stm32l476g_discovery_compass.o
 .debug_info    0x000192f9     0x1a6e Src/stm32l476g_discovery_glass_lcd.o
 .debug_info    0x0001ad67      0x4e7 Src/stm32l476g_discovery_gyroscope.o
 .debug_info    0x0001b24e     0x14c8 Src/stm32l476g_discovery_qspi.o
 .debug_info    0x0001c716      0x63a Src/stm32l4xx_hal_msp.o
 .debug_info    0x0001cd50      0x76e Src/stm32l4xx_it.o
 .debug_info    0x0001d4be      0x5b2 Src/system_stm32l4xx.o
 .debug_info    0x0001da70      0xb88 Src/tim.o
 .debug_info    0x0001e5f8       0x6f startup/startup_stm32l476xx.o

.debug_abbrev   0x00000000     0x3d7c
 .debug_abbrev  0x00000000      0x1f8 Drivers/STM32L4xx_HAL_Driver/Src/stm32l4xx_hal.o
 .debug_abbrev  0x000001f8      0x2e2 Drivers/STM32L4xx_HAL_Driver/Src/stm32l4xx_hal_cortex.o
 .debug_abbrev  0x000004da      0x201 Drivers/STM32L4xx_HAL_Driver/Src/stm32l4xx_hal_dma.o
 .debug_abbrev  0x000006db      0x1cd Drivers/STM32L4xx_HAL_Driver/Src/stm32l4xx_hal_gpio.o
 .debug_abbrev  0x000008a8      0x1bf Drivers/STM32L4xx_HAL_Driver/Src/stm32l4xx_hal_lcd.o
 .debug_abbrev  0x00000a67      0x235 Drivers/STM32L4xx_HAL_Driver/Src/stm32l4xx_hal_pwr_ex.o
 .debug_abbrev  0x00000c9c      0x2a7 Drivers/STM32L4xx_HAL_Driver/Src/stm32l4xx_hal_qspi.o
 .debug_abbrev  0x00000f43      0x2ae Drivers/STM32L4xx_HAL_Driver/Src/stm32l4xx_hal_rcc.o
 .debug_abbrev  0x000011f1      0x2a7 Drivers/STM32L4xx_HAL_Driver/Src/stm32l4xx_hal_rcc_ex.o
 .debug_abbrev  0x00001498      0x1ad Drivers/STM32L4xx_HAL_Driver/Src/stm32l4xx_hal_rtc.o
 .debug_abbrev  0x00001645      0x1bc Drivers/STM32L4xx_HAL_Driver/Src/stm32l4xx_hal_rtc_ex.o
 .debug_abbrev  0x00001801      0x22c Drivers/STM32L4xx_HAL_Driver/Src/stm32l4xx_hal_spi.o
 .debug_abbrev  0x00001a2d      0x21b Drivers/STM32L4xx_HAL_Driver/Src/stm32l4xx_hal_tim.o
 .debug_abbrev  0x00001c48      0x21b Drivers/STM32L4xx_HAL_Driver/Src/stm32l4xx_hal_tim_ex.o
 .debug_abbrev  0x00001e63      0x151 Src/gpio.o
 .debug_abbrev  0x00001fb4      0x1da Src/l3gd20.o
 .debug_abbrev  0x0000218e      0x18d Src/lcd.o
 .debug_abbrev  0x0000231b      0x1ff Src/lsm303c.o
 .debug_abbrev  0x0000251a      0x30c Src/main.o
 .debug_abbrev  0x00002826      0x1b3 Src/quadspi.o
 .debug_abbrev  0x000029d9      0x161 Src/rtc.o
 .debug_abbrev  0x00002b3a      0x1b3 Src/spi.o
 .debug_abbrev  0x00002ced      0x2a6 Src/stm32l476g_discovery.o
 .debug_abbrev  0x00002f93      0x18d Src/stm32l476g_discovery_compass.o
 .debug_abbrev  0x00003120      0x20d Src/stm32l476g_discovery_glass_lcd.o
 .debug_abbrev  0x0000332d      0x1f9 Src/stm32l476g_discovery_gyroscope.o
 .debug_abbrev  0x00003526      0x296 Src/stm32l476g_discovery_qspi.o
 .debug_abbrev  0x000037bc      0x114 Src/stm32l4xx_hal_msp.o
 .debug_abbrev  0x000038d0      0x1b9 Src/stm32l4xx_it.o
 .debug_abbrev  0x00003a89      0x125 Src/system_stm32l4xx.o
 .debug_abbrev  0x00003bae      0x1bc Src/tim.o
 .debug_abbrev  0x00003d6a       0x12 startup/startup_stm32l476xx.o

.debug_loc      0x00000000     0xfe7d
 .debug_loc     0x00000000      0x103 Drivers/STM32L4xx_HAL_Driver/Src/stm32l4xx_hal.o
 .debug_loc     0x00000103      0x527 Drivers/STM32L4xx_HAL_Driver/Src/stm32l4xx_hal_cortex.o
 .debug_loc     0x0000062a      0x6d9 Drivers/STM32L4xx_HAL_Driver/Src/stm32l4xx_hal_dma.o
 .debug_loc     0x00000d03      0x30a Drivers/STM32L4xx_HAL_Driver/Src/stm32l4xx_hal_gpio.o
 .debug_loc     0x0000100d      0x38d Drivers/STM32L4xx_HAL_Driver/Src/stm32l4xx_hal_lcd.o
 .debug_loc     0x0000139a      0x8f5 Drivers/STM32L4xx_HAL_Driver/Src/stm32l4xx_hal_pwr_ex.o
 .debug_loc     0x00001c8f     0x151f Drivers/STM32L4xx_HAL_Driver/Src/stm32l4xx_hal_qspi.o
 .debug_loc     0x000031ae      0x802 Drivers/STM32L4xx_HAL_Driver/Src/stm32l4xx_hal_rcc.o
 .debug_loc     0x000039b0     0x1ed3 Drivers/STM32L4xx_HAL_Driver/Src/stm32l4xx_hal_rcc_ex.o
 .debug_loc     0x00005883      0xba8 Drivers/STM32L4xx_HAL_Driver/Src/stm32l4xx_hal_rtc.o
 .debug_loc     0x0000642b      0xdc8 Drivers/STM32L4xx_HAL_Driver/Src/stm32l4xx_hal_rtc_ex.o
 .debug_loc     0x000071f3     0x194a Drivers/STM32L4xx_HAL_Driver/Src/stm32l4xx_hal_spi.o
 .debug_loc     0x00008b3d     0x34c3 Drivers/STM32L4xx_HAL_Driver/Src/stm32l4xx_hal_tim.o
 .debug_loc     0x0000c000     0x1431 Drivers/STM32L4xx_HAL_Driver/Src/stm32l4xx_hal_tim_ex.o
 .debug_loc     0x0000d431      0x1b4 Src/l3gd20.o
 .debug_loc     0x0000d5e5       0x4d Src/lcd.o
 .debug_loc     0x0000d632      0x23e Src/lsm303c.o
 .debug_loc     0x0000d870      0x8b3 Src/main.o
 .debug_loc     0x0000e123       0x4d Src/quadspi.o
 .debug_loc     0x0000e170       0x4d Src/spi.o
 .debug_loc     0x0000e1bd      0xb95 Src/stm32l476g_discovery.o
 .debug_loc     0x0000ed52       0xba Src/stm32l476g_discovery_compass.o
 .debug_loc     0x0000ee0c      0xa84 Src/stm32l476g_discovery_glass_lcd.o
 .debug_loc     0x0000f890      0x16e Src/stm32l476g_discovery_gyroscope.o
 .debug_loc     0x0000f9fe      0x2c1 Src/stm32l476g_discovery_qspi.o
 .debug_loc     0x0000fcbf      0x171 Src/system_stm32l4xx.o
 .debug_loc     0x0000fe30       0x4d Src/tim.o

.debug_aranges  0x00000000     0x16a0
 .debug_aranges
                0x00000000      0x100 Drivers/STM32L4xx_HAL_Driver/Src/stm32l4xx_hal.o
 .debug_aranges
                0x00000100       0x98 Drivers/STM32L4xx_HAL_Driver/Src/stm32l4xx_hal_cortex.o
 .debug_aranges
                0x00000198       0x80 Drivers/STM32L4xx_HAL_Driver/Src/stm32l4xx_hal_dma.o
 .debug_aranges
                0x00000218       0x58 Drivers/STM32L4xx_HAL_Driver/Src/stm32l4xx_hal_gpio.o
 .debug_aranges
                0x00000270       0x68 Drivers/STM32L4xx_HAL_Driver/Src/stm32l4xx_hal_lcd.o
 .debug_aranges
                0x000002d8      0x148 Drivers/STM32L4xx_HAL_Driver/Src/stm32l4xx_hal_pwr_ex.o
 .debug_aranges
                0x00000420      0x160 Drivers/STM32L4xx_HAL_Driver/Src/stm32l4xx_hal_qspi.o
 .debug_aranges
                0x00000580       0x88 Drivers/STM32L4xx_HAL_Driver/Src/stm32l4xx_hal_rcc.o
 .debug_aranges
                0x00000608       0xb8 Drivers/STM32L4xx_HAL_Driver/Src/stm32l4xx_hal_rcc_ex.o
 .debug_aranges
                0x000006c0       0xb8 Drivers/STM32L4xx_HAL_Driver/Src/stm32l4xx_hal_rtc.o
 .debug_aranges
                0x00000778      0x140 Drivers/STM32L4xx_HAL_Driver/Src/stm32l4xx_hal_rtc_ex.o
 .debug_aranges
                0x000008b8      0x1d8 Drivers/STM32L4xx_HAL_Driver/Src/stm32l4xx_hal_spi.o
 .debug_aranges
                0x00000a90      0x378 Drivers/STM32L4xx_HAL_Driver/Src/stm32l4xx_hal_tim.o
 .debug_aranges
                0x00000e08      0x150 Drivers/STM32L4xx_HAL_Driver/Src/stm32l4xx_hal_tim_ex.o
 .debug_aranges
                0x00000f58       0x20 Src/gpio.o
 .debug_aranges
                0x00000f78       0x78 Src/l3gd20.o
 .debug_aranges
                0x00000ff0       0x30 Src/lcd.o
 .debug_aranges
                0x00001020       0x78 Src/lsm303c.o
 .debug_aranges
                0x00001098       0x68 Src/main.o
 .debug_aranges
                0x00001100       0x30 Src/quadspi.o
 .debug_aranges
                0x00001130       0x30 Src/rtc.o
 .debug_aranges
                0x00001160       0x30 Src/spi.o
 .debug_aranges
                0x00001190      0x200 Src/stm32l476g_discovery.o
 .debug_aranges
                0x00001390       0x40 Src/stm32l476g_discovery_compass.o
 .debug_aranges
                0x000013d0       0x98 Src/stm32l476g_discovery_glass_lcd.o
 .debug_aranges
                0x00001468       0x60 Src/stm32l476g_discovery_gyroscope.o
 .debug_aranges
                0x000014c8       0xa8 Src/stm32l476g_discovery_qspi.o
 .debug_aranges
                0x00001570       0x20 Src/stm32l4xx_hal_msp.o
 .debug_aranges
                0x00001590       0x90 Src/stm32l4xx_it.o
 .debug_aranges
                0x00001620       0x28 Src/system_stm32l4xx.o
 .debug_aranges
                0x00001648       0x30 Src/tim.o
 .debug_aranges
                0x00001678       0x28 startup/startup_stm32l476xx.o

.debug_ranges   0x00000000     0x14c0
 .debug_ranges  0x00000000       0xf0 Drivers/STM32L4xx_HAL_Driver/Src/stm32l4xx_hal.o
 .debug_ranges  0x000000f0       0x88 Drivers/STM32L4xx_HAL_Driver/Src/stm32l4xx_hal_cortex.o
 .debug_ranges  0x00000178       0x70 Drivers/STM32L4xx_HAL_Driver/Src/stm32l4xx_hal_dma.o
 .debug_ranges  0x000001e8       0x48 Drivers/STM32L4xx_HAL_Driver/Src/stm32l4xx_hal_gpio.o
 .debug_ranges  0x00000230       0x58 Drivers/STM32L4xx_HAL_Driver/Src/stm32l4xx_hal_lcd.o
 .debug_ranges  0x00000288      0x138 Drivers/STM32L4xx_HAL_Driver/Src/stm32l4xx_hal_pwr_ex.o
 .debug_ranges  0x000003c0      0x150 Drivers/STM32L4xx_HAL_Driver/Src/stm32l4xx_hal_qspi.o
 .debug_ranges  0x00000510       0x90 Drivers/STM32L4xx_HAL_Driver/Src/stm32l4xx_hal_rcc.o
 .debug_ranges  0x000005a0       0xa8 Drivers/STM32L4xx_HAL_Driver/Src/stm32l4xx_hal_rcc_ex.o
 .debug_ranges  0x00000648       0xa8 Drivers/STM32L4xx_HAL_Driver/Src/stm32l4xx_hal_rtc.o
 .debug_ranges  0x000006f0      0x130 Drivers/STM32L4xx_HAL_Driver/Src/stm32l4xx_hal_rtc_ex.o
 .debug_ranges  0x00000820      0x1c8 Drivers/STM32L4xx_HAL_Driver/Src/stm32l4xx_hal_spi.o
 .debug_ranges  0x000009e8      0x368 Drivers/STM32L4xx_HAL_Driver/Src/stm32l4xx_hal_tim.o
 .debug_ranges  0x00000d50      0x140 Drivers/STM32L4xx_HAL_Driver/Src/stm32l4xx_hal_tim_ex.o
 .debug_ranges  0x00000e90       0x10 Src/gpio.o
 .debug_ranges  0x00000ea0       0x68 Src/l3gd20.o
 .debug_ranges  0x00000f08       0x20 Src/lcd.o
 .debug_ranges  0x00000f28       0x68 Src/lsm303c.o
 .debug_ranges  0x00000f90       0x58 Src/main.o
 .debug_ranges  0x00000fe8       0x20 Src/quadspi.o
 .debug_ranges  0x00001008       0x20 Src/rtc.o
 .debug_ranges  0x00001028       0x20 Src/spi.o
 .debug_ranges  0x00001048      0x1f0 Src/stm32l476g_discovery.o
 .debug_ranges  0x00001238       0x30 Src/stm32l476g_discovery_compass.o
 .debug_ranges  0x00001268       0x88 Src/stm32l476g_discovery_glass_lcd.o
 .debug_ranges  0x000012f0       0x50 Src/stm32l476g_discovery_gyroscope.o
 .debug_ranges  0x00001340       0x98 Src/stm32l476g_discovery_qspi.o
 .debug_ranges  0x000013d8       0x10 Src/stm32l4xx_hal_msp.o
 .debug_ranges  0x000013e8       0x80 Src/stm32l4xx_it.o
 .debug_ranges  0x00001468       0x18 Src/system_stm32l4xx.o
 .debug_ranges  0x00001480       0x20 Src/tim.o
 .debug_ranges  0x000014a0       0x20 startup/startup_stm32l476xx.o

.debug_macro    0x00000000    0x2d7f3
 .debug_macro   0x00000000      0x38f Drivers/STM32L4xx_HAL_Driver/Src/stm32l4xx_hal.o
 .debug_macro   0x0000038f      0x898 Drivers/STM32L4xx_HAL_Driver/Src/stm32l4xx_hal.o
 .debug_macro   0x00000c27       0x5e Drivers/STM32L4xx_HAL_Driver/Src/stm32l4xx_hal.o
 .debug_macro   0x00000c85       0xc5 Drivers/STM32L4xx_HAL_Driver/Src/stm32l4xx_hal.o
 .debug_macro   0x00000d4a       0x2e Drivers/STM32L4xx_HAL_Driver/Src/stm32l4xx_hal.o
 .debug_macro   0x00000d78       0x28 Drivers/STM32L4xx_HAL_Driver/Src/stm32l4xx_hal.o
 .debug_macro   0x00000da0       0x22 Drivers/STM32L4xx_HAL_Driver/Src/stm32l4xx_hal.o
 .debug_macro   0x00000dc2       0x87 Drivers/STM32L4xx_HAL_Driver/Src/stm32l4xx_hal.o
 .debug_macro   0x00000e49       0x44 Drivers/STM32L4xx_HAL_Driver/Src/stm32l4xx_hal.o
 .debug_macro   0x00000e8d       0xfd Drivers/STM32L4xx_HAL_Driver/Src/stm32l4xx_hal.o
 .debug_macro   0x00000f8a       0x5e Drivers/STM32L4xx_HAL_Driver/Src/stm32l4xx_hal.o
 .debug_macro   0x00000fe8      0x1df Drivers/STM32L4xx_HAL_Driver/Src/stm32l4xx_hal.o
 .debug_macro   0x000011c7       0x35 Drivers/STM32L4xx_HAL_Driver/Src/stm32l4xx_hal.o
 .debug_macro   0x000011fc       0x50 Drivers/STM32L4xx_HAL_Driver/Src/stm32l4xx_hal.o
 .debug_macro   0x0000124c      0xe66 Drivers/STM32L4xx_HAL_Driver/Src/stm32l4xx_hal.o
 .debug_macro   0x000020b2    0x1a184 Drivers/STM32L4xx_HAL_Driver/Src/stm32l4xx_hal.o
 .debug_macro   0x0001c236       0x43 Drivers/STM32L4xx_HAL_Driver/Src/stm32l4xx_hal.o
 .debug_macro   0x0001c279     0x36a1 Drivers/STM32L4xx_HAL_Driver/Src/stm32l4xx_hal.o
 .debug_macro   0x0001f91a       0x52 Drivers/STM32L4xx_HAL_Driver/Src/stm32l4xx_hal.o
 .debug_macro   0x0001f96c       0x35 Drivers/STM32L4xx_HAL_Driver/Src/stm32l4xx_hal.o
 .debug_macro   0x0001f9a1       0x9c Drivers/STM32L4xx_HAL_Driver/Src/stm32l4xx_hal.o
 .debug_macro   0x0001fa3d       0x16 Drivers/STM32L4xx_HAL_Driver/Src/stm32l4xx_hal.o
 .debug_macro   0x0001fa53       0x97 Drivers/STM32L4xx_HAL_Driver/Src/stm32l4xx_hal.o
 .debug_macro   0x0001faea      0x30d Drivers/STM32L4xx_HAL_Driver/Src/stm32l4xx_hal.o
 .debug_macro   0x0001fdf7       0xfd Drivers/STM32L4xx_HAL_Driver/Src/stm32l4xx_hal.o
 .debug_macro   0x0001fef4       0x10 Drivers/STM32L4xx_HAL_Driver/Src/stm32l4xx_hal.o
 .debug_macro   0x0001ff04       0x52 Drivers/STM32L4xx_HAL_Driver/Src/stm32l4xx_hal.o
 .debug_macro   0x0001ff56       0x1f Drivers/STM32L4xx_HAL_Driver/Src/stm32l4xx_hal.o
 .debug_macro   0x0001ff75       0x43 Drivers/STM32L4xx_HAL_Driver/Src/stm32l4xx_hal.o
 .debug_macro   0x0001ffb8       0x20 Drivers/STM32L4xx_HAL_Driver/Src/stm32l4xx_hal.o
 .debug_macro   0x0001ffd8      0x187 Drivers/STM32L4xx_HAL_Driver/Src/stm32l4xx_hal.o
 .debug_macro   0x0002015f       0x10 Drivers/STM32L4xx_HAL_Driver/Src/stm32l4xx_hal.o
 .debug_macro   0x0002016f       0x1c Drivers/STM32L4xx_HAL_Driver/Src/stm32l4xx_hal.o
 .debug_macro   0x0002018b       0x52 Drivers/STM32L4xx_HAL_Driver/Src/stm32l4xx_hal.o
 .debug_macro   0x000201dd       0x40 Drivers/STM32L4xx_HAL_Driver/Src/stm32l4xx_hal.o
 .debug_macro   0x0002021d       0x10 Drivers/STM32L4xx_HAL_Driver/Src/stm32l4xx_hal.o
 .debug_macro   0x0002022d       0x40 Drivers/STM32L4xx_HAL_Driver/Src/stm32l4xx_hal.o
 .debug_macro   0x0002026d       0xd7 Drivers/STM32L4xx_HAL_Driver/Src/stm32l4xx_hal.o
 .debug_macro   0x00020344       0x16 Drivers/STM32L4xx_HAL_Driver/Src/stm32l4xx_hal.o
 .debug_macro   0x0002035a      0x18b Drivers/STM32L4xx_HAL_Driver/Src/stm32l4xx_hal.o
 .debug_macro   0x000204e5       0x50 Drivers/STM32L4xx_HAL_Driver/Src/stm32l4xx_hal.o
 .debug_macro   0x00020535     0x1566 Drivers/STM32L4xx_HAL_Driver/Src/stm32l4xx_hal.o
 .debug_macro   0x00021a9b      0x59e Drivers/STM32L4xx_HAL_Driver/Src/stm32l4xx_hal.o
 .debug_macro   0x00022039      0x148 Drivers/STM32L4xx_HAL_Driver/Src/stm32l4xx_hal.o
 .debug_macro   0x00022181      0x18b Drivers/STM32L4xx_HAL_Driver/Src/stm32l4xx_hal.o
 .debug_macro   0x0002230c      0x25d Drivers/STM32L4xx_HAL_Driver/Src/stm32l4xx_hal.o
 .debug_macro   0x00022569      0x23a Drivers/STM32L4xx_HAL_Driver/Src/stm32l4xx_hal.o
 .debug_macro   0x000227a3      0x367 Drivers/STM32L4xx_HAL_Driver/Src/stm32l4xx_hal.o
 .debug_macro   0x00022b0a       0x10 Drivers/STM32L4xx_HAL_Driver/Src/stm32l4xx_hal.o
 .debug_macro   0x00022b1a       0xe4 Drivers/STM32L4xx_HAL_Driver/Src/stm32l4xx_hal.o
 .debug_macro   0x00022bfe      0x202 Drivers/STM32L4xx_HAL_Driver/Src/stm32l4xx_hal.o
 .debug_macro   0x00022e00       0x61 Drivers/STM32L4xx_HAL_Driver/Src/stm32l4xx_hal.o
 .debug_macro   0x00022e61       0x90 Drivers/STM32L4xx_HAL_Driver/Src/stm32l4xx_hal.o
 .debug_macro   0x00022ef1      0x3e5 Drivers/STM32L4xx_HAL_Driver/Src/stm32l4xx_hal.o
 .debug_macro   0x000232d6      0x126 Drivers/STM32L4xx_HAL_Driver/Src/stm32l4xx_hal.o
 .debug_macro   0x000233fc      0x3dc Drivers/STM32L4xx_HAL_Driver/Src/stm32l4xx_hal.o
 .debug_macro   0x000237d8      0x2a3 Drivers/STM32L4xx_HAL_Driver/Src/stm32l4xx_hal.o
 .debug_macro   0x00023a7b      0x321 Drivers/STM32L4xx_HAL_Driver/Src/stm32l4xx_hal.o
 .debug_macro   0x00023d9c      0x4ce Drivers/STM32L4xx_HAL_Driver/Src/stm32l4xx_hal.o
 .debug_macro   0x0002426a       0xdd Drivers/STM32L4xx_HAL_Driver/Src/stm32l4xx_hal.o
 .debug_macro   0x00024347      0x2e2 Drivers/STM32L4xx_HAL_Driver/Src/stm32l4xx_hal.o
 .debug_macro   0x00024629      0x9cd Drivers/STM32L4xx_HAL_Driver/Src/stm32l4xx_hal.o
 .debug_macro   0x00024ff6      0x1e0 Drivers/STM32L4xx_HAL_Driver/Src/stm32l4xx_hal.o
 .debug_macro   0x000251d6      0x320 Drivers/STM32L4xx_HAL_Driver/Src/stm32l4xx_hal.o
 .debug_macro   0x000254f6      0x341 Drivers/STM32L4xx_HAL_Driver/Src/stm32l4xx_hal_cortex.o
 .debug_macro   0x00025837      0x341 Drivers/STM32L4xx_HAL_Driver/Src/stm32l4xx_hal_dma.o
 .debug_macro   0x00025b78      0x380 Drivers/STM32L4xx_HAL_Driver/Src/stm32l4xx_hal_gpio.o
 .debug_macro   0x00025ef8      0x347 Drivers/STM32L4xx_HAL_Driver/Src/stm32l4xx_hal_lcd.o
 .debug_macro   0x0002623f      0x365 Drivers/STM32L4xx_HAL_Driver/Src/stm32l4xx_hal_pwr_ex.o
 .debug_macro   0x000265a4      0x365 Drivers/STM32L4xx_HAL_Driver/Src/stm32l4xx_hal_qspi.o
 .debug_macro   0x00026909      0x383 Drivers/STM32L4xx_HAL_Driver/Src/stm32l4xx_hal_rcc.o
 .debug_macro   0x00026c8c      0x377 Drivers/STM32L4xx_HAL_Driver/Src/stm32l4xx_hal_rcc_ex.o
 .debug_macro   0x00027003      0x341 Drivers/STM32L4xx_HAL_Driver/Src/stm32l4xx_hal_rtc.o
 .debug_macro   0x00027344      0x348 Drivers/STM32L4xx_HAL_Driver/Src/stm32l4xx_hal_rtc_ex.o
 .debug_macro   0x0002768c      0x349 Drivers/STM32L4xx_HAL_Driver/Src/stm32l4xx_hal_spi.o
 .debug_macro   0x000279d5      0x342 Drivers/STM32L4xx_HAL_Driver/Src/stm32l4xx_hal_tim.o
 .debug_macro   0x00027d17      0x353 Drivers/STM32L4xx_HAL_Driver/Src/stm32l4xx_hal_tim_ex.o
 .debug_macro   0x0002806a      0x34b Src/gpio.o
 .debug_macro   0x000283b5       0x7c Src/l3gd20.o
 .debug_macro   0x00028431      0x211 Src/l3gd20.o
 .debug_macro   0x00028642      0x355 Src/lcd.o
 .debug_macro   0x00028997       0x86 Src/lsm303c.o
 .debug_macro   0x00028a1d      0x4f4 Src/lsm303c.o
 .debug_macro   0x00028f11      0x420 Src/main.o
 .debug_macro   0x00029331      0x462 Src/main.o
 .debug_macro   0x00029793      0x7c1 Src/main.o
 .debug_macro   0x00029f54      0x1ef Src/main.o
 .debug_macro   0x0002a143       0x22 Src/main.o
 .debug_macro   0x0002a165      0x355 Src/quadspi.o
 .debug_macro   0x0002a4ba      0x34b Src/rtc.o
 .debug_macro   0x0002a805      0x355 Src/spi.o
 .debug_macro   0x0002ab5a      0x389 Src/stm32l476g_discovery.o
 .debug_macro   0x0002aee3       0x10 Src/stm32l476g_discovery.o
 .debug_macro   0x0002aef3      0x456 Src/stm32l476g_discovery.o
 .debug_macro   0x0002b349      0x39c Src/stm32l476g_discovery_compass.o
 .debug_macro   0x0002b6e5      0x1e1 Src/stm32l476g_discovery_compass.o
 .debug_macro   0x0002b8c6      0x7c7 Src/stm32l476g_discovery_compass.o
 .debug_macro   0x0002c08d      0x37c Src/stm32l476g_discovery_glass_lcd.o
 .debug_macro   0x0002c409      0x372 Src/stm32l476g_discovery_gyroscope.o
 .debug_macro   0x0002c77b      0x359 Src/stm32l476g_discovery_qspi.o
 .debug_macro   0x0002cad4      0x341 Src/stm32l4xx_hal_msp.o
 .debug_macro   0x0002ce15      0x34b Src/stm32l4xx_it.o
 .debug_macro   0x0002d160      0x348 Src/system_stm32l4xx.o
 .debug_macro   0x0002d4a8      0x34b Src/tim.o

.debug_line     0x00000000    0x15527
 .debug_line    0x00000000      0xa2a Drivers/STM32L4xx_HAL_Driver/Src/stm32l4xx_hal.o
 .debug_line    0x00000a2a      0x9e5 Drivers/STM32L4xx_HAL_Driver/Src/stm32l4xx_hal_cortex.o
 .debug_line    0x0000140f      0xa5a Drivers/STM32L4xx_HAL_Driver/Src/stm32l4xx_hal_dma.o
 .debug_line    0x00001e69      0x97d Drivers/STM32L4xx_HAL_Driver/Src/stm32l4xx_hal_gpio.o
 .debug_line    0x000027e6      0x998 Drivers/STM32L4xx_HAL_Driver/Src/stm32l4xx_hal_lcd.o
 .debug_line    0x0000317e      0xc5a Drivers/STM32L4xx_HAL_Driver/Src/stm32l4xx_hal_pwr_ex.o
 .debug_line    0x00003dd8      0xeff Drivers/STM32L4xx_HAL_Driver/Src/stm32l4xx_hal_qspi.o
 .debug_line    0x00004cd7      0xc28 Drivers/STM32L4xx_HAL_Driver/Src/stm32l4xx_hal_rcc.o
 .debug_line    0x000058ff      0xf82 Drivers/STM32L4xx_HAL_Driver/Src/stm32l4xx_hal_rcc_ex.o
 .debug_line    0x00006881      0xbdb Drivers/STM32L4xx_HAL_Driver/Src/stm32l4xx_hal_rtc.o
 .debug_line    0x0000745c      0xf96 Drivers/STM32L4xx_HAL_Driver/Src/stm32l4xx_hal_rtc_ex.o
 .debug_line    0x000083f2     0x1276 Drivers/STM32L4xx_HAL_Driver/Src/stm32l4xx_hal_spi.o
 .debug_line    0x00009668     0x19ac Drivers/STM32L4xx_HAL_Driver/Src/stm32l4xx_hal_tim.o
 .debug_line    0x0000b014      0xe7b Drivers/STM32L4xx_HAL_Driver/Src/stm32l4xx_hal_tim_ex.o
 .debug_line    0x0000be8f      0x825 Src/gpio.o
 .debug_line    0x0000c6b4      0x435 Src/l3gd20.o
 .debug_line    0x0000cae9      0x871 Src/lcd.o
 .debug_line    0x0000d35a      0x445 Src/lsm303c.o
 .debug_line    0x0000d79f      0xc3c Src/main.o
 .debug_line    0x0000e3db      0x857 Src/quadspi.o
 .debug_line    0x0000ec32      0x847 Src/rtc.o
 .debug_line    0x0000f479      0x852 Src/spi.o
 .debug_line    0x0000fccb      0xe71 Src/stm32l476g_discovery.o
 .debug_line    0x00010b3c      0x916 Src/stm32l476g_discovery_compass.o
 .debug_line    0x00011452      0xabb Src/stm32l476g_discovery_glass_lcd.o
 .debug_line    0x00011f0d      0x919 Src/stm32l476g_discovery_gyroscope.o
 .debug_line    0x00012826      0xae8 Src/stm32l476g_discovery_qspi.o
 .debug_line    0x0001330e      0x819 Src/stm32l4xx_hal_msp.o
 .debug_line    0x00013b27      0x904 Src/stm32l4xx_it.o
 .debug_line    0x0001442b      0x840 Src/system_stm32l4xx.o
 .debug_line    0x00014c6b      0x83d Src/tim.o
 .debug_line    0x000154a8       0x7f startup/startup_stm32l476xx.o

.debug_str      0x00000000    0xfe324
 .debug_str     0x00000000    0xef62f Drivers/STM32L4xx_HAL_Driver/Src/stm32l4xx_hal.o
                              0xefae8 (size before relaxing)
 .debug_str     0x000ef62f      0x370 Drivers/STM32L4xx_HAL_Driver/Src/stm32l4xx_hal_cortex.o
                              0xef7e7 (size before relaxing)
 .debug_str     0x000ef99f      0x3e7 Drivers/STM32L4xx_HAL_Driver/Src/stm32l4xx_hal_dma.o
                              0xef24d (size before relaxing)
 .debug_str     0x000efd86      0x305 Drivers/STM32L4xx_HAL_Driver/Src/stm32l4xx_hal_gpio.o
                              0xef29f (size before relaxing)
 .debug_str     0x000f008b      0x227 Drivers/STM32L4xx_HAL_Driver/Src/stm32l4xx_hal_lcd.o
                              0xef0a5 (size before relaxing)
 .debug_str     0x000f02b2      0x4a6 Drivers/STM32L4xx_HAL_Driver/Src/stm32l4xx_hal_pwr_ex.o
                              0xef4fc (size before relaxing)
 .debug_str     0x000f0758      0x8dd Drivers/STM32L4xx_HAL_Driver/Src/stm32l4xx_hal_qspi.o
                              0xef954 (size before relaxing)
 .debug_str     0x000f1035      0x577 Drivers/STM32L4xx_HAL_Driver/Src/stm32l4xx_hal_rcc.o
                              0xef656 (size before relaxing)
 .debug_str     0x000f15ac      0x621 Drivers/STM32L4xx_HAL_Driver/Src/stm32l4xx_hal_rcc_ex.o
                              0xef7b9 (size before relaxing)
 .debug_str     0x000f1bcd      0x4fa Drivers/STM32L4xx_HAL_Driver/Src/stm32l4xx_hal_rtc.o
                              0xef3e7 (size before relaxing)
 .debug_str     0x000f20c7      0x790 Drivers/STM32L4xx_HAL_Driver/Src/stm32l4xx_hal_rtc_ex.o
                              0xef980 (size before relaxing)
 .debug_str     0x000f2857      0x691 Drivers/STM32L4xx_HAL_Driver/Src/stm32l4xx_hal_spi.o
                              0xef7ca (size before relaxing)
 .debug_str     0x000f2ee8      0xec2 Drivers/STM32L4xx_HAL_Driver/Src/stm32l4xx_hal_tim.o
                              0xeffbf (size before relaxing)
 .debug_str     0x000f3daa      0x655 Drivers/STM32L4xx_HAL_Driver/Src/stm32l4xx_hal_tim_ex.o
                              0xef9f1 (size before relaxing)
 .debug_str     0x000f43ff       0x25 Src/gpio.o
                              0xef4ed (size before relaxing)
 .debug_str     0x000f4424      0xc01 Src/l3gd20.o
                               0x408f (size before relaxing)
 .debug_str     0x000f5025       0x3a Src/lcd.o
                              0xef1c7 (size before relaxing)
 .debug_str     0x000f505f     0x1c42 Src/lsm303c.o
                               0x5117 (size before relaxing)
 .debug_str     0x000f6ca1     0x5799 Src/main.o
                              0xf615c (size before relaxing)
 .debug_str     0x000fc43a       0x1c Src/quadspi.o
                              0xef423 (size before relaxing)
 .debug_str     0x000fc456       0x17 Src/rtc.o
                              0xef2e5 (size before relaxing)
 .debug_str     0x000fc46d       0x13 Src/spi.o
                              0xef416 (size before relaxing)
 .debug_str     0x000fc480      0xc13 Src/stm32l476g_discovery.o
                              0xf2872 (size before relaxing)
 .debug_str     0x000fd093      0xa72 Src/stm32l476g_discovery_compass.o
                              0xf5c7e (size before relaxing)
 .debug_str     0x000fdb05      0x325 Src/stm32l476g_discovery_glass_lcd.o
                              0xf420b (size before relaxing)
 .debug_str     0x000fde2a      0x17e Src/stm32l476g_discovery_gyroscope.o
                              0xf1a0e (size before relaxing)
 .debug_str     0x000fdfa8      0x1d2 Src/stm32l476g_discovery_qspi.o
                              0xf016f (size before relaxing)
 .debug_str     0x000fe17a       0x1b Src/stm32l4xx_hal_msp.o
                              0xef437 (size before relaxing)
 .debug_str     0x000fe195      0x123 Src/stm32l4xx_it.o
                              0xef323 (size before relaxing)
 .debug_str     0x000fe2b8       0x50 Src/system_stm32l4xx.o
                              0xef010 (size before relaxing)
 .debug_str     0x000fe308       0x1c Src/tim.o
                              0xef933 (size before relaxing)

.comment        0x00000000       0x6e
 .comment       0x00000000       0x6e Drivers/STM32L4xx_HAL_Driver/Src/stm32l4xx_hal.o
                                 0x6f (size before relaxing)
 .comment       0x0000006e       0x6f Drivers/STM32L4xx_HAL_Driver/Src/stm32l4xx_hal_cortex.o
 .comment       0x0000006e       0x6f Drivers/STM32L4xx_HAL_Driver/Src/stm32l4xx_hal_dma.o
 .comment       0x0000006e       0x6f Drivers/STM32L4xx_HAL_Driver/Src/stm32l4xx_hal_gpio.o
 .comment       0x0000006e       0x6f Drivers/STM32L4xx_HAL_Driver/Src/stm32l4xx_hal_lcd.o
 .comment       0x0000006e       0x6f Drivers/STM32L4xx_HAL_Driver/Src/stm32l4xx_hal_pwr_ex.o
 .comment       0x0000006e       0x6f Drivers/STM32L4xx_HAL_Driver/Src/stm32l4xx_hal_qspi.o
 .comment       0x0000006e       0x6f Drivers/STM32L4xx_HAL_Driver/Src/stm32l4xx_hal_rcc.o
 .comment       0x0000006e       0x6f Drivers/STM32L4xx_HAL_Driver/Src/stm32l4xx_hal_rcc_ex.o
 .comment       0x0000006e       0x6f Drivers/STM32L4xx_HAL_Driver/Src/stm32l4xx_hal_rtc.o
 .comment       0x0000006e       0x6f Drivers/STM32L4xx_HAL_Driver/Src/stm32l4xx_hal_rtc_ex.o
 .comment       0x0000006e       0x6f Drivers/STM32L4xx_HAL_Driver/Src/stm32l4xx_hal_spi.o
 .comment       0x0000006e       0x6f Drivers/STM32L4xx_HAL_Driver/Src/stm32l4xx_hal_tim.o
 .comment       0x0000006e       0x6f Drivers/STM32L4xx_HAL_Driver/Src/stm32l4xx_hal_tim_ex.o
 .comment       0x0000006e       0x6f Src/gpio.o
 .comment       0x0000006e       0x6f Src/l3gd20.o
 .comment       0x0000006e       0x6f Src/lcd.o
 .comment       0x0000006e       0x6f Src/lsm303c.o
 .comment       0x0000006e       0x6f Src/main.o
 .comment       0x0000006e       0x6f Src/quadspi.o
 .comment       0x0000006e       0x6f Src/rtc.o
 .comment       0x0000006e       0x6f Src/spi.o
 .comment       0x0000006e       0x6f Src/stm32l476g_discovery.o
 .comment       0x0000006e       0x6f Src/stm32l476g_discovery_compass.o
 .comment       0x0000006e       0x6f Src/stm32l476g_discovery_glass_lcd.o
 .comment       0x0000006e       0x6f Src/stm32l476g_discovery_gyroscope.o
 .comment       0x0000006e       0x6f Src/stm32l476g_discovery_qspi.o
 .comment       0x0000006e       0x6f Src/stm32l4xx_hal_msp.o
 .comment       0x0000006e       0x6f Src/stm32l4xx_it.o
 .comment       0x0000006e       0x6f Src/system_stm32l4xx.o
 .comment       0x0000006e       0x6f Src/tim.o

.debug_frame    0x00000000     0x40dc
 .debug_frame   0x00000000      0x20c Drivers/STM32L4xx_HAL_Driver/Src/stm32l4xx_hal.o
 .debug_frame   0x0000020c      0x134 Drivers/STM32L4xx_HAL_Driver/Src/stm32l4xx_hal_cortex.o
 .debug_frame   0x00000340      0x158 Drivers/STM32L4xx_HAL_Driver/Src/stm32l4xx_hal_dma.o
 .debug_frame   0x00000498       0xc4 Drivers/STM32L4xx_HAL_Driver/Src/stm32l4xx_hal_gpio.o
 .debug_frame   0x0000055c      0x104 Drivers/STM32L4xx_HAL_Driver/Src/stm32l4xx_hal_lcd.o
 .debug_frame   0x00000660      0x278 Drivers/STM32L4xx_HAL_Driver/Src/stm32l4xx_hal_pwr_ex.o
 .debug_frame   0x000008d8      0x40c Drivers/STM32L4xx_HAL_Driver/Src/stm32l4xx_hal_qspi.o
 .debug_frame   0x00000ce4      0x158 Drivers/STM32L4xx_HAL_Driver/Src/stm32l4xx_hal_rcc.o
 .debug_frame   0x00000e3c      0x1f0 Drivers/STM32L4xx_HAL_Driver/Src/stm32l4xx_hal_rcc_ex.o
 .debug_frame   0x0000102c      0x218 Drivers/STM32L4xx_HAL_Driver/Src/stm32l4xx_hal_rtc.o
 .debug_frame   0x00001244      0x3b0 Drivers/STM32L4xx_HAL_Driver/Src/stm32l4xx_hal_rtc_ex.o
 .debug_frame   0x000015f4      0x5a4 Drivers/STM32L4xx_HAL_Driver/Src/stm32l4xx_hal_spi.o
 .debug_frame   0x00001b98      0xa0c Drivers/STM32L4xx_HAL_Driver/Src/stm32l4xx_hal_tim.o
 .debug_frame   0x000025a4      0x424 Drivers/STM32L4xx_HAL_Driver/Src/stm32l4xx_hal_tim_ex.o
 .debug_frame   0x000029c8       0x30 Src/gpio.o
 .debug_frame   0x000029f8      0x170 Src/l3gd20.o
 .debug_frame   0x00002b68       0x6c Src/lcd.o
 .debug_frame   0x00002bd4      0x134 Src/lsm303c.o
 .debug_frame   0x00002d08      0x11c Src/main.o
 .debug_frame   0x00002e24       0x60 Src/quadspi.o
 .debug_frame   0x00002e84       0x4c Src/rtc.o
 .debug_frame   0x00002ed0       0x60 Src/spi.o
 .debug_frame   0x00002f30      0x6b8 Src/stm32l476g_discovery.o
 .debug_frame   0x000035e8       0x90 Src/stm32l476g_discovery_compass.o
 .debug_frame   0x00003678      0x1d4 Src/stm32l476g_discovery_glass_lcd.o
 .debug_frame   0x0000384c       0xe8 Src/stm32l476g_discovery_gyroscope.o
 .debug_frame   0x00003934      0x21c Src/stm32l476g_discovery_qspi.o
 .debug_frame   0x00003b50       0x2c Src/stm32l4xx_hal_msp.o
 .debug_frame   0x00003b7c      0x138 Src/stm32l4xx_it.o
 .debug_frame   0x00003cb4       0x30 Src/system_stm32l4xx.o
 .debug_frame   0x00003ce4       0x64 Src/tim.o
 .debug_frame   0x00003d48       0x2c c:/ac6/systemworkbench/plugins/fr.ac6.mcu.externaltools.arm-none.win32_1.13.2.201705091103/tools/compiler/bin/../lib/gcc/arm-none-eabi/5.4.1/../../../../arm-none-eabi/lib/armv7e-m/fpu\libc_nano.a(lib_a-init.o)
 .debug_frame   0x00003d74       0x20 c:/ac6/systemworkbench/plugins/fr.ac6.mcu.externaltools.arm-none.win32_1.13.2.201705091103/tools/compiler/bin/../lib/gcc/arm-none-eabi/5.4.1/../../../../arm-none-eabi/lib/armv7e-m/fpu\libc_nano.a(lib_a-memset.o)
 .debug_frame   0x00003d94       0x70 c:/ac6/systemworkbench/plugins/fr.ac6.mcu.externaltools.arm-none.win32_1.13.2.201705091103/tools/compiler/bin/../lib/gcc/arm-none-eabi/5.4.1/../../../../arm-none-eabi/lib/armv7e-m/fpu\libc_nano.a(lib_a-sprintf.o)
 .debug_frame   0x00003e04       0x90 c:/ac6/systemworkbench/plugins/fr.ac6.mcu.externaltools.arm-none.win32_1.13.2.201705091103/tools/compiler/bin/../lib/gcc/arm-none-eabi/5.4.1/../../../../arm-none-eabi/lib/armv7e-m/fpu\libc_nano.a(lib_a-nano-svfprintf.o)
 .debug_frame   0x00003e94       0x60 c:/ac6/systemworkbench/plugins/fr.ac6.mcu.externaltools.arm-none.win32_1.13.2.201705091103/tools/compiler/bin/../lib/gcc/arm-none-eabi/5.4.1/../../../../arm-none-eabi/lib/armv7e-m/fpu\libc_nano.a(lib_a-nano-vfprintf_i.o)
 .debug_frame   0x00003ef4       0x28 c:/ac6/systemworkbench/plugins/fr.ac6.mcu.externaltools.arm-none.win32_1.13.2.201705091103/tools/compiler/bin/../lib/gcc/arm-none-eabi/5.4.1/../../../../arm-none-eabi/lib/armv7e-m/fpu\libc_nano.a(lib_a-memcpy-stub.o)