Archive member included to satisfy reference by file (symbol)

c:/ac6/systemworkbench/plugins/fr.ac6.mcu.externaltools.arm-none.win32_1.13.2.201705091103/tools/compiler/bin/../lib/gcc/arm-none-eabi/5.4.1/../../../../arm-none-eabi/lib/armv7e-m/fpu\libc_nano.a(lib_a-exit.o)
                              c:/ac6/systemworkbench/plugins/fr.ac6.mcu.externaltools.arm-none.win32_1.13.2.201705091103/tools/compiler/bin/../lib/gcc/arm-none-eabi/5.4.1/../../../../arm-none-eabi/lib/armv7e-m/fpu/crt0.o (exit)
c:/ac6/systemworkbench/plugins/fr.ac6.mcu.externaltools.arm-none.win32_1.13.2.201705091103/tools/compiler/bin/../lib/gcc/arm-none-eabi/5.4.1/../../../../arm-none-eabi/lib/armv7e-m/fpu\libc_nano.a(lib_a-impure.o)
                              c:/ac6/systemworkbench/plugins/fr.ac6.mcu.externaltools.arm-none.win32_1.13.2.201705091103/tools/compiler/bin/../lib/gcc/arm-none-eabi/5.4.1/../../../../arm-none-eabi/lib/armv7e-m/fpu\libc_nano.a(lib_a-exit.o) (_global_impure_ptr)
c:/ac6/systemworkbench/plugins/fr.ac6.mcu.externaltools.arm-none.win32_1.13.2.201705091103/tools/compiler/bin/../lib/gcc/arm-none-eabi/5.4.1/../../../../arm-none-eabi/lib/armv7e-m/fpu\libc_nano.a(lib_a-init.o)
                              c:/ac6/systemworkbench/plugins/fr.ac6.mcu.externaltools.arm-none.win32_1.13.2.201705091103/tools/compiler/bin/../lib/gcc/arm-none-eabi/5.4.1/../../../../arm-none-eabi/lib/armv7e-m/fpu/crt0.o (__libc_init_array)
c:/ac6/systemworkbench/plugins/fr.ac6.mcu.externaltools.arm-none.win32_1.13.2.201705091103/tools/compiler/bin/../lib/gcc/arm-none-eabi/5.4.1/../../../../arm-none-eabi/lib/armv7e-m/fpu\libc_nano.a(lib_a-memset.o)
                              c:/ac6/systemworkbench/plugins/fr.ac6.mcu.externaltools.arm-none.win32_1.13.2.201705091103/tools/compiler/bin/../lib/gcc/arm-none-eabi/5.4.1/../../../../arm-none-eabi/lib/armv7e-m/fpu/crt0.o (memset)
c:/ac6/systemworkbench/plugins/fr.ac6.mcu.externaltools.arm-none.win32_1.13.2.201705091103/tools/compiler/bin/../lib/gcc/arm-none-eabi/5.4.1/../../../../arm-none-eabi/lib/armv7e-m/fpu\libc_nano.a(lib_a-sprintf.o)
                              Src/main.o (sprintf)
c:/ac6/systemworkbench/plugins/fr.ac6.mcu.externaltools.arm-none.win32_1.13.2.201705091103/tools/compiler/bin/../lib/gcc/arm-none-eabi/5.4.1/../../../../arm-none-eabi/lib/armv7e-m/fpu\libc_nano.a(lib_a-nano-svfprintf.o)
                              c:/ac6/systemworkbench/plugins/fr.ac6.mcu.externaltools.arm-none.win32_1.13.2.201705091103/tools/compiler/bin/../lib/gcc/arm-none-eabi/5.4.1/../../../../arm-none-eabi/lib/armv7e-m/fpu\libc_nano.a(lib_a-sprintf.o) (_svfprintf_r)
c:/ac6/systemworkbench/plugins/fr.ac6.mcu.externaltools.arm-none.win32_1.13.2.201705091103/tools/compiler/bin/../lib/gcc/arm-none-eabi/5.4.1/../../../../arm-none-eabi/lib/armv7e-m/fpu\libc_nano.a(lib_a-nano-vfprintf_i.o)
                              c:/ac6/systemworkbench/plugins/fr.ac6.mcu.externaltools.arm-none.win32_1.13.2.201705091103/tools/compiler/bin/../lib/gcc/arm-none-eabi/5.4.1/../../../../arm-none-eabi/lib/armv7e-m/fpu\libc_nano.a(lib_a-nano-svfprintf.o) (_printf_i)
c:/ac6/systemworkbench/plugins/fr.ac6.mcu.externaltools.arm-none.win32_1.13.2.201705091103/tools/compiler/bin/../lib/gcc/arm-none-eabi/5.4.1/../../../../arm-none-eabi/lib/armv7e-m/fpu\libc_nano.a(lib_a-memchr.o)
                              c:/ac6/systemworkbench/plugins/fr.ac6.mcu.externaltools.arm-none.win32_1.13.2.201705091103/tools/compiler/bin/../lib/gcc/arm-none-eabi/5.4.1/../../../../arm-none-eabi/lib/armv7e-m/fpu\libc_nano.a(lib_a-nano-svfprintf.o) (memchr)
c:/ac6/systemworkbench/plugins/fr.ac6.mcu.externaltools.arm-none.win32_1.13.2.201705091103/tools/compiler/bin/../lib/gcc/arm-none-eabi/5.4.1/../../../../arm-none-eabi/lib/armv7e-m/fpu\libc_nano.a(lib_a-memcpy-stub.o)
                              c:/ac6/systemworkbench/plugins/fr.ac6.mcu.externaltools.arm-none.win32_1.13.2.201705091103/tools/compiler/bin/../lib/gcc/arm-none-eabi/5.4.1/../../../../arm-none-eabi/lib/armv7e-m/fpu\libc_nano.a(lib_a-nano-svfprintf.o) (memcpy)
c:/ac6/systemworkbench/plugins/fr.ac6.mcu.externaltools.arm-none.win32_1.13.2.201705091103/tools/compiler/bin/../lib/gcc/arm-none-eabi/5.4.1/../../../../arm-none-eabi/lib/armv7e-m/fpu\libc_nano.a(lib_a-memmove.o)
                              c:/ac6/systemworkbench/plugins/fr.ac6.mcu.externaltools.arm-none.win32_1.13.2.201705091103/tools/compiler/bin/../lib/gcc/arm-none-eabi/5.4.1/../../../../arm-none-eabi/lib/armv7e-m/fpu\libc_nano.a(lib_a-nano-svfprintf.o) (memmove)
c:/ac6/systemworkbench/plugins/fr.ac6.mcu.externaltools.arm-none.win32_1.13.2.201705091103/tools/compiler/bin/../lib/gcc/arm-none-eabi/5.4.1/../../../../arm-none-eabi/lib/armv7e-m/fpu\libc_nano.a(lib_a-nano-freer.o)
                              c:/ac6/systemworkbench/plugins/fr.ac6.mcu.externaltools.arm-none.win32_1.13.2.201705091103/tools/compiler/bin/../lib/gcc/arm-none-eabi/5.4.1/../../../../arm-none-eabi/lib/armv7e-m/fpu\libc_nano.a(lib_a-nano-svfprintf.o) (_free_r)
[...]
Memory Configuration

Name             Origin             Length             Attributes
RAM              0x20000000         0x00018000         xrw
RAM2             0x10000000         0x00008000         xrw
FLASH            0x08000000         0x00100000         xr
*default*        0x00000000         0xffffffff

Linker script and memory map

LOAD c:/ac6/systemworkbench/plugins/fr.ac6.mcu.externaltools.arm-none.win32_1.13.2.201705091103/tools/compiler/bin/../lib/gcc/arm-none-eabi/5.4.1/armv7e-m/fpu/crti.o
LOAD c:/ac6/systemworkbench/plugins/fr.ac6.mcu.externaltools.arm-none.win32_1.13.2.201705091103/tools/compiler/bin/../lib/gcc/arm-none-eabi/5.4.1/armv7e-m/fpu/crtbegin.o
LOAD c:/ac6/systemworkbench/plugins/fr.ac6.mcu.externaltools.arm-none.win32_1.13.2.201705091103/tools/compiler/bin/../lib/gcc/arm-none-eabi/5.4.1/../../../../arm-none-eabi/lib/armv7e-m/fpu/crt0.o
LOAD Drivers/STM32L4xx_HAL_Driver/Src/stm32l4xx_hal.o
LOAD Drivers/STM32L4xx_HAL_Driver/Src/stm32l4xx_hal_cortex.o
LOAD Drivers/STM32L4xx_HAL_Driver/Src/stm32l4xx_hal_dma.o
LOAD Drivers/STM32L4xx_HAL_Driver/Src/stm32l4xx_hal_flash.o
LOAD Drivers/STM32L4xx_HAL_Driver/Src/stm32l4xx_hal_flash_ex.o
LOAD Drivers/STM32L4xx_HAL_Driver/Src/stm32l4xx_hal_flash_ramfunc.o
LOAD Drivers/STM32L4xx_HAL_Driver/Src/stm32l4xx_hal_gpio.o
LOAD Drivers/STM32L4xx_HAL_Driver/Src/stm32l4xx_hal_i2c.o
LOAD Drivers/STM32L4xx_HAL_Driver/Src/stm32l4xx_hal_i2c_ex.o
LOAD Drivers/STM32L4xx_HAL_Driver/Src/stm32l4xx_hal_lcd.o
LOAD Drivers/STM32L4xx_HAL_Driver/Src/stm32l4xx_hal_pwr.o
LOAD Drivers/STM32L4xx_HAL_Driver/Src/stm32l4xx_hal_pwr_ex.o
LOAD Drivers/STM32L4xx_HAL_Driver/Src/stm32l4xx_hal_rcc.o
LOAD Drivers/STM32L4xx_HAL_Driver/Src/stm32l4xx_hal_rcc_ex.o
LOAD Drivers/STM32L4xx_HAL_Driver/Src/stm32l4xx_hal_rtc.o
LOAD Drivers/STM32L4xx_HAL_Driver/Src/stm32l4xx_hal_rtc_ex.o
LOAD Drivers/STM32L4xx_HAL_Driver/Src/stm32l4xx_hal_spi.o
LOAD Drivers/STM32L4xx_HAL_Driver/Src/stm32l4xx_hal_spi_ex.o
LOAD Drivers/STM32L4xx_HAL_Driver/Src/stm32l4xx_hal_tim.o
LOAD Drivers/STM32L4xx_HAL_Driver/Src/stm32l4xx_hal_tim_ex.o
LOAD Src/gpio.o
LOAD Src/l3gd20.o
LOAD Src/lcd.o
LOAD Src/lsm303c.o
LOAD Src/main.o
LOAD Src/rtc.o
LOAD Src/spi.o
LOAD Src/stm32l476g_discovery.o
LOAD Src/stm32l476g_discovery_compass.o
LOAD Src/stm32l476g_discovery_glass_lcd.o
LOAD Src/stm32l476g_discovery_gyroscope.o
LOAD Src/stm32l4xx_hal_msp.o
LOAD Src/stm32l4xx_it.o
LOAD Src/system_stm32l4xx.o
LOAD Src/tim.o
LOAD startup/startup_stm32l476xx.o
LOAD c:/ac6/systemworkbench/plugins/fr.ac6.mcu.externaltools.arm-none.win32_1.13.2.201705091103/tools/compiler/bin/../lib/gcc/arm-none-eabi/5.4.1/../../../../arm-none-eabi/lib/armv7e-m/fpu\libm.a
START GROUP
LOAD c:/ac6/systemworkbench/plugins/fr.ac6.mcu.externaltools.arm-none.win32_1.13.2.201705091103/tools/compiler/bin/../lib/gcc/arm-none-eabi/5.4.1/armv7e-m/fpu\libgcc.a
LOAD c:/ac6/systemworkbench/plugins/fr.ac6.mcu.externaltools.arm-none.win32_1.13.2.201705091103/tools/compiler/bin/../lib/gcc/arm-none-eabi/5.4.1/../../../../arm-none-eabi/lib/armv7e-m/fpu\libc_nano.a
END GROUP
START GROUP
LOAD c:/ac6/systemworkbench/plugins/fr.ac6.mcu.externaltools.arm-none.win32_1.13.2.201705091103/tools/compiler/bin/../lib/gcc/arm-none-eabi/5.4.1/armv7e-m/fpu\libgcc.a
LOAD c:/ac6/systemworkbench/plugins/fr.ac6.mcu.externaltools.arm-none.win32_1.13.2.201705091103/tools/compiler/bin/../lib/gcc/arm-none-eabi/5.4.1/../../../../arm-none-eabi/lib/armv7e-m/fpu\libc_nano.a
LOAD c:/ac6/systemworkbench/plugins/fr.ac6.mcu.externaltools.arm-none.win32_1.13.2.201705091103/tools/compiler/bin/../lib/gcc/arm-none-eabi/5.4.1/../../../../arm-none-eabi/lib/armv7e-m/fpu\libnosys.a
END GROUP
START GROUP
LOAD c:/ac6/systemworkbench/plugins/fr.ac6.mcu.externaltools.arm-none.win32_1.13.2.201705091103/tools/compiler/bin/../lib/gcc/arm-none-eabi/5.4.1/armv7e-m/fpu\libgcc.a
LOAD c:/ac6/systemworkbench/plugins/fr.ac6.mcu.externaltools.arm-none.win32_1.13.2.201705091103/tools/compiler/bin/../lib/gcc/arm-none-eabi/5.4.1/../../../../arm-none-eabi/lib/armv7e-m/fpu\libc_nano.a
LOAD c:/ac6/systemworkbench/plugins/fr.ac6.mcu.externaltools.arm-none.win32_1.13.2.201705091103/tools/compiler/bin/../lib/gcc/arm-none-eabi/5.4.1/../../../../arm-none-eabi/lib/armv7e-m/fpu\libnosys.a
END GROUP
LOAD c:/ac6/systemworkbench/plugins/fr.ac6.mcu.externaltools.arm-none.win32_1.13.2.201705091103/tools/compiler/bin/../lib/gcc/arm-none-eabi/5.4.1/armv7e-m/fpu/crtend.o
LOAD c:/ac6/systemworkbench/plugins/fr.ac6.mcu.externaltools.arm-none.win32_1.13.2.201705091103/tools/compiler/bin/../lib/gcc/arm-none-eabi/5.4.1/armv7e-m/fpu/crtn.o
                0x20018000                _estack = 0x20018000
                0x00000200                _Min_Heap_Size = 0x200
                0x00000400                _Min_Stack_Size = 0x400

.isr_vector     0x08000000      0x188
                0x08000000                . = ALIGN (0x8)
 *(.isr_vector)
 .isr_vector    0x08000000      0x188 startup/startup_stm32l476xx.o
                0x08000000                g_pfnVectors
                0x08000188                . = ALIGN (0x8)

.text           0x08000190     0x4e40
                0x08000190                . = ALIGN (0x8)
 *(.text)
 .text          0x08000190       0x5c c:/ac6/systemworkbench/plugins/fr.ac6.mcu.externaltools.arm-none.win32_1.13.2.201705091103/tools/compiler/bin/../lib/gcc/arm-none-eabi/5.4.1/armv7e-m/fpu/crtbegin.o
 *fill*         0x080001ec        0x4 
 .text          0x080001f0       0xa0 c:/ac6/systemworkbench/plugins/fr.ac6.mcu.externaltools.arm-none.win32_1.13.2.201705091103/tools/compiler/bin/../lib/gcc/arm-none-eabi/5.4.1/../../../../arm-none-eabi/lib/armv7e-m/fpu\libc_nano.a(lib_a-memchr.o)
                0x080001f0                memchr
 *(.text*)
 .text.HAL_InitTick
                0x08000290       0x2c Drivers/STM32L4xx_HAL_Driver/Src/stm32l4xx_hal.o
                0x08000290                HAL_InitTick
 .text.HAL_Init
                0x080002bc       0x18 Drivers/STM32L4xx_HAL_Driver/Src/stm32l4xx_hal.o
                0x080002bc                HAL_Init
 .text.HAL_IncTick
                0x080002d4       0x10 Drivers/STM32L4xx_HAL_Driver/Src/stm32l4xx_hal.o
                0x080002d4                HAL_IncTick
 .text.HAL_GetTick
                0x080002e4        0xc Drivers/STM32L4xx_HAL_Driver/Src/stm32l4xx_hal.o
                0x080002e4                HAL_GetTick
 .text.HAL_Delay
                0x080002f0       0x20 Drivers/STM32L4xx_HAL_Driver/Src/stm32l4xx_hal.o
                0x080002f0                HAL_Delay
 .text.HAL_NVIC_SetPriorityGrouping
                0x08000310       0x24 Drivers/STM32L4xx_HAL_Driver/Src/stm32l4xx_hal_cortex.o
                0x08000310                HAL_NVIC_SetPriorityGrouping
 .text.HAL_NVIC_SetPriority
                0x08000334       0x64 Drivers/STM32L4xx_HAL_Driver/Src/stm32l4xx_hal_cortex.o
                0x08000334                HAL_NVIC_SetPriority
 .text.HAL_NVIC_EnableIRQ
                0x08000398       0x18 Drivers/STM32L4xx_HAL_Driver/Src/stm32l4xx_hal_cortex.o
                0x08000398                HAL_NVIC_EnableIRQ
 .text.HAL_SYSTICK_Config
                0x080003b0       0x2c Drivers/STM32L4xx_HAL_Driver/Src/stm32l4xx_hal_cortex.o
                0x080003b0                HAL_SYSTICK_Config
 .text.HAL_SYSTICK_CLKSourceConfig
                0x080003dc       0x20 Drivers/STM32L4xx_HAL_Driver/Src/stm32l4xx_hal_cortex.o
                0x080003dc                HAL_SYSTICK_CLKSourceConfig
 .text.HAL_SYSTICK_Callback
                0x080003fc        0x4 Drivers/STM32L4xx_HAL_Driver/Src/stm32l4xx_hal_cortex.o
                0x080003fc                HAL_SYSTICK_Callback
 .text.HAL_SYSTICK_IRQHandler
                0x08000400        0x8 Drivers/STM32L4xx_HAL_Driver/Src/stm32l4xx_hal_cortex.o
                0x08000400                HAL_SYSTICK_IRQHandler
 .text.HAL_GPIO_Init
                0x08000408      0x1cc Drivers/STM32L4xx_HAL_Driver/Src/stm32l4xx_hal_gpio.o
                0x08000408                HAL_GPIO_Init
 .text.HAL_GPIO_WritePin
                0x080005d4        0xc Drivers/STM32L4xx_HAL_Driver/Src/stm32l4xx_hal_gpio.o
                0x080005d4                HAL_GPIO_WritePin
 .text.HAL_GPIO_EXTI_IRQHandler
                0x080005e0       0x18 Drivers/STM32L4xx_HAL_Driver/Src/stm32l4xx_hal_gpio.o
                0x080005e0                HAL_GPIO_EXTI_IRQHandler
 .text.HAL_LCD_Write
                0x080005f8       0x90 Drivers/STM32L4xx_HAL_Driver/Src/stm32l4xx_hal_lcd.o
                0x080005f8                HAL_LCD_Write
 .text.HAL_LCD_UpdateDisplayRequest
                0x08000688       0x50 Drivers/STM32L4xx_HAL_Driver/Src/stm32l4xx_hal_lcd.o
                0x08000688                HAL_LCD_UpdateDisplayRequest
 .text.HAL_LCD_Clear
                0x080006d8       0x80 Drivers/STM32L4xx_HAL_Driver/Src/stm32l4xx_hal_lcd.o
                0x080006d8                HAL_LCD_Clear
 .text.LCD_WaitForSynchro
                0x08000758       0x30 Drivers/STM32L4xx_HAL_Driver/Src/stm32l4xx_hal_lcd.o
                0x08000758                LCD_WaitForSynchro
 .text.HAL_LCD_Init
                0x08000788      0x100 Drivers/STM32L4xx_HAL_Driver/Src/stm32l4xx_hal_lcd.o
                0x08000788                HAL_LCD_Init
 .text.HAL_PWREx_GetVoltageRange
                0x08000888       0x10 Drivers/STM32L4xx_HAL_Driver/Src/stm32l4xx_hal_pwr_ex.o
                0x08000888                HAL_PWREx_GetVoltageRange
 .text.HAL_PWREx_ControlVoltageScaling
                0x08000898       0x90 Drivers/STM32L4xx_HAL_Driver/Src/stm32l4xx_hal_pwr_ex.o
                0x08000898                HAL_PWREx_ControlVoltageScaling
 .text.RCC_SetFlashLatencyFromMSIRange
                0x08000928       0x90 Drivers/STM32L4xx_HAL_Driver/Src/stm32l4xx_hal_rcc.o
 .text.HAL_RCC_GetSysClockFreq
                0x080009b8      0x174 Drivers/STM32L4xx_HAL_Driver/Src/stm32l4xx_hal_rcc.o
                0x080009b8                HAL_RCC_GetSysClockFreq
 .text.HAL_RCC_OscConfig
                0x08000b2c      0x5c0 Drivers/STM32L4xx_HAL_Driver/Src/stm32l4xx_hal_rcc.o
                0x08000b2c                HAL_RCC_OscConfig
 .text.HAL_RCC_ClockConfig
                0x080010ec      0x1cc Drivers/STM32L4xx_HAL_Driver/Src/stm32l4xx_hal_rcc.o
                0x080010ec                HAL_RCC_ClockConfig
 .text.HAL_RCC_GetHCLKFreq
                0x080012b8        0xc Drivers/STM32L4xx_HAL_Driver/Src/stm32l4xx_hal_rcc.o
                0x080012b8                HAL_RCC_GetHCLKFreq
 .text.RCCEx_PLLSAI1_Config
                0x080012c4      0x1f8 Drivers/STM32L4xx_HAL_Driver/Src/stm32l4xx_hal_rcc_ex.o
 .text.RCCEx_PLLSAI2_Config
                0x080014bc      0x1b8 Drivers/STM32L4xx_HAL_Driver/Src/stm32l4xx_hal_rcc_ex.o
 .text.HAL_RCCEx_PeriphCLKConfig
                0x08001674      0x438 Drivers/STM32L4xx_HAL_Driver/Src/stm32l4xx_hal_rcc_ex.o
                0x08001674                HAL_RCCEx_PeriphCLKConfig
 .text.HAL_RTC_WaitForSynchro
                0x08001aac       0x34 Drivers/STM32L4xx_HAL_Driver/Src/stm32l4xx_hal_rtc.o
                0x08001aac                HAL_RTC_WaitForSynchro
 .text.RTC_EnterInitMode
                0x08001ae0       0x40 Drivers/STM32L4xx_HAL_Driver/Src/stm32l4xx_hal_rtc.o
                0x08001ae0                RTC_EnterInitMode
 .text.HAL_RTC_Init
                0x08001b20       0xb4 Drivers/STM32L4xx_HAL_Driver/Src/stm32l4xx_hal_rtc.o
                0x08001b20                HAL_RTC_Init
 .text.RTC_ByteToBcd2
                0x08001bd4       0x18 Drivers/STM32L4xx_HAL_Driver/Src/stm32l4xx_hal_rtc.o
                0x08001bd4                RTC_ByteToBcd2
 .text.HAL_RTC_SetTime
                0x08001bec      0x10c Drivers/STM32L4xx_HAL_Driver/Src/stm32l4xx_hal_rtc.o
                0x08001bec                HAL_RTC_SetTime
 .text.HAL_RTC_SetDate
                0x08001cf8       0xec Drivers/STM32L4xx_HAL_Driver/Src/stm32l4xx_hal_rtc.o
                0x08001cf8                HAL_RTC_SetDate
 .text.RTC_Bcd2ToByte
                0x08001de4       0x14 Drivers/STM32L4xx_HAL_Driver/Src/stm32l4xx_hal_rtc.o
                0x08001de4                RTC_Bcd2ToByte
 .text.HAL_RTC_GetTime
                0x08001df8       0x58 Drivers/STM32L4xx_HAL_Driver/Src/stm32l4xx_hal_rtc.o
                0x08001df8                HAL_RTC_GetTime
 .text.HAL_RTC_GetDate
                0x08001e50       0x44 Drivers/STM32L4xx_HAL_Driver/Src/stm32l4xx_hal_rtc.o
                0x08001e50                HAL_RTC_GetDate
 .text.HAL_RTCEx_BKUPWrite
                0x08001e94        0xc Drivers/STM32L4xx_HAL_Driver/Src/stm32l4xx_hal_rtc_ex.o
                0x08001e94                HAL_RTCEx_BKUPWrite
 .text.HAL_RTCEx_BKUPRead
                0x08001ea0        0xc Drivers/STM32L4xx_HAL_Driver/Src/stm32l4xx_hal_rtc_ex.o
                0x08001ea0                HAL_RTCEx_BKUPRead
 .text.HAL_SPI_Init
                0x08001eac       0xb4 Drivers/STM32L4xx_HAL_Driver/Src/stm32l4xx_hal_spi.o
                0x08001eac                HAL_SPI_Init
 .text.HAL_SPI_GetState
                0x08001f60        0x8 Drivers/STM32L4xx_HAL_Driver/Src/stm32l4xx_hal_spi.o
                0x08001f60                HAL_SPI_GetState
 .text.HAL_TIM_Base_Start_IT
                0x08001f68       0x18 Drivers/STM32L4xx_HAL_Driver/Src/stm32l4xx_hal_tim.o
                0x08001f68                HAL_TIM_Base_Start_IT
 .text.HAL_TIM_OC_DelayElapsedCallback
                0x08001f80        0x4 Drivers/STM32L4xx_HAL_Driver/Src/stm32l4xx_hal_tim.o
                0x08001f80                HAL_TIM_OC_DelayElapsedCallback
 .text.HAL_TIM_IC_CaptureCallback
                0x08001f84        0x4 Drivers/STM32L4xx_HAL_Driver/Src/stm32l4xx_hal_tim.o
                0x08001f84                HAL_TIM_IC_CaptureCallback
 .text.HAL_TIM_PWM_PulseFinishedCallback
                0x08001f88        0x4 Drivers/STM32L4xx_HAL_Driver/Src/stm32l4xx_hal_tim.o
                0x08001f88                HAL_TIM_PWM_PulseFinishedCallback
 .text.HAL_TIM_TriggerCallback
                0x08001f8c        0x4 Drivers/STM32L4xx_HAL_Driver/Src/stm32l4xx_hal_tim.o
                0x08001f8c                HAL_TIM_TriggerCallback
 .text.HAL_TIM_IRQHandler
                0x08001f90      0x174 Drivers/STM32L4xx_HAL_Driver/Src/stm32l4xx_hal_tim.o
                0x08001f90                HAL_TIM_IRQHandler
 .text.TIM_Base_SetConfig
                0x08002104       0xc0 Drivers/STM32L4xx_HAL_Driver/Src/stm32l4xx_hal_tim.o
                0x08002104                TIM_Base_SetConfig
 .text.HAL_TIM_Base_Init
                0x080021c4       0x38 Drivers/STM32L4xx_HAL_Driver/Src/stm32l4xx_hal_tim.o
                0x080021c4                HAL_TIM_Base_Init
 .text.HAL_TIMEx_MasterConfigSynchronization
                0x080021fc       0x58 Drivers/STM32L4xx_HAL_Driver/Src/stm32l4xx_hal_tim_ex.o
                0x080021fc                HAL_TIMEx_MasterConfigSynchronization
 .text.HAL_TIMEx_CommutationCallback
                0x08002254        0x4 Drivers/STM32L4xx_HAL_Driver/Src/stm32l4xx_hal_tim_ex.o
                0x08002254                HAL_TIMEx_CommutationCallback
 .text.HAL_TIMEx_BreakCallback
                0x08002258        0x4 Drivers/STM32L4xx_HAL_Driver/Src/stm32l4xx_hal_tim_ex.o
                0x08002258                HAL_TIMEx_BreakCallback
 .text.MX_GPIO_Init
                0x0800225c       0xf8 Src/gpio.o
                0x0800225c                MX_GPIO_Init
 .text.L3GD20_DeInit
                0x08002354        0x4 Src/l3gd20.o
                0x08002354                L3GD20_DeInit
 .text.L3GD20_Init
                0x08002358       0x34 Src/l3gd20.o
                0x08002358                L3GD20_Init
 .text.L3GD20_LowPower
                0x0800238c       0x1c Src/l3gd20.o
                0x0800238c                L3GD20_LowPower
 .text.L3GD20_ReadID
                0x080023a8       0x20 Src/l3gd20.o
                0x080023a8                L3GD20_ReadID
 .text.L3GD20_RebootCmd
                0x080023c8       0x30 Src/l3gd20.o
                0x080023c8                L3GD20_RebootCmd
 .text.L3GD20_INT1InterruptConfig
                0x080023f8       0x60 Src/l3gd20.o
                0x080023f8                L3GD20_INT1InterruptConfig
 .text.L3GD20_EnableIT
                0x08002458       0x48 Src/l3gd20.o
                0x08002458                L3GD20_EnableIT
 .text.L3GD20_DisableIT
                0x080024a0       0x44 Src/l3gd20.o
                0x080024a0                L3GD20_DisableIT
 .text.L3GD20_FilterConfig
                0x080024e4       0x30 Src/l3gd20.o
                0x080024e4                L3GD20_FilterConfig
 .text.L3GD20_FilterCmd
                0x08002514       0x30 Src/l3gd20.o
                0x08002514                L3GD20_FilterCmd
 .text.L3GD20_ReadXYZAngRate
                0x08002544       0xec Src/l3gd20.o
                0x08002544                L3GD20_ReadXYZAngRate
 .text.MX_LCD_Init
                0x08002630       0x38 Src/lcd.o
                0x08002630                MX_LCD_Init
 .text.HAL_LCD_MspInit
                0x08002668       0xb0 Src/lcd.o
                0x08002668                HAL_LCD_MspInit
 .text.LSM303C_AccDeInit
                0x08002718        0x4 Src/lsm303c.o
                0x08002718                LSM303C_AccDeInit
 .text.LSM303C_MagDeInit
                0x0800271c        0x4 Src/lsm303c.o
                0x0800271c                LSM303C_MagDeInit
 .text.LSM303C_AccInit
                0x08002720       0x1c Src/lsm303c.o
                0x08002720                LSM303C_AccInit
 .text.LSM303C_AccFilterConfig
                0x0800273c        0xc Src/lsm303c.o
                0x0800273c                LSM303C_AccFilterConfig
 .text.LSM303C_AccReadID
                0x08002748       0x18 Src/lsm303c.o
                0x08002748                LSM303C_AccReadID
 .text.LSM303C_AccLowPower
                0x08002760       0x14 Src/lsm303c.o
                0x08002760                LSM303C_AccLowPower
 .text.LSM303C_AccReadXYZ
                0x08002774       0xb0 Src/lsm303c.o
                0x08002774                LSM303C_AccReadXYZ
 .text.LSM303C_MagInit
                0x08002824       0x44 Src/lsm303c.o
                0x08002824                LSM303C_MagInit
 .text.LSM303C_MagReadID
                0x08002868       0x18 Src/lsm303c.o
                0x08002868                LSM303C_MagReadID
 .text.LSM303C_MagLowPower
                0x08002880       0x18 Src/lsm303c.o
                0x08002880                LSM303C_MagLowPower
 .text.LSM303C_MagReadXYZ
                0x08002898       0xa4 Src/lsm303c.o
                0x08002898                LSM303C_MagReadXYZ
 .text.HAL_GPIO_EXTI_Callback
                0x0800293c       0x64 Src/main.o
                0x0800293c                HAL_GPIO_EXTI_Callback
 .text.HAL_TIM_PeriodElapsedCallback
                0x080029a0       0x1c Src/main.o
                0x080029a0                HAL_TIM_PeriodElapsedCallback
 .text.Convert_IntegerIntoChar
                0x080029bc      0x178 Src/main.o
                0x080029bc                Convert_IntegerIntoChar
 .text.Gyro_Convert
                0x08002b34       0x3c Src/main.o
 .text.sq_rt    0x08002b70       0x18 Src/main.o
                0x08002b70                sq_rt
 .text.Error_Handler
                0x08002b88        0x4 Src/main.o
                0x08002b88                Error_Handler
 .text.SystemClock_Config
                0x08002b8c       0xa8 Src/main.o
                0x08002b8c                SystemClock_Config
 .text.main     0x08002c34      0x724 Src/main.o
                0x08002c34                main
 .text.MX_RTC_Init
                0x08003358       0x98 Src/rtc.o
                0x08003358                MX_RTC_Init
 .text.HAL_RTC_MspInit
                0x080033f0       0x20 Src/rtc.o
                0x080033f0                HAL_RTC_MspInit
 .text.MX_SPI2_Init
                0x08003410       0x48 Src/spi.o
                0x08003410                MX_SPI2_Init
 .text.HAL_SPI_MspInit
                0x08003458       0x50 Src/spi.o
                0x08003458                HAL_SPI_MspInit
 .text.SPIx_WriteRead
                0x080034a8       0x44 Src/stm32l476g_discovery.o
 .text.SPIx_Write
                0x080034ec       0x30 Src/stm32l476g_discovery.o
 .text.SPIx_Read
                0x0800351c       0x54 Src/stm32l476g_discovery.o
 .text.SPIx_MspInit
                0x08003570       0x54 Src/stm32l476g_discovery.o
 .text.SPIx_Init
                0x080035c4       0x50 Src/stm32l476g_discovery.o
 .text.BSP_JOY_Init
                0x08003614      0x100 Src/stm32l476g_discovery.o
                0x08003614                BSP_JOY_Init
 .text.ACCELERO_IO_Init
                0x08003714       0x4c Src/stm32l476g_discovery.o
                0x08003714                ACCELERO_IO_Init
 .text.ACCELERO_IO_Write
                0x08003760       0x48 Src/stm32l476g_discovery.o
                0x08003760                ACCELERO_IO_Write
 .text.ACCELERO_IO_Read
                0x080037a8       0x60 Src/stm32l476g_discovery.o
                0x080037a8                ACCELERO_IO_Read
 .text.MAGNETO_IO_Init
                0x08003808       0x4c Src/stm32l476g_discovery.o
                0x08003808                MAGNETO_IO_Init
 .text.MAGNETO_IO_Write
                0x08003854       0x48 Src/stm32l476g_discovery.o
                0x08003854                MAGNETO_IO_Write
 .text.MAGNETO_IO_Read
                0x0800389c       0x60 Src/stm32l476g_discovery.o
                0x0800389c                MAGNETO_IO_Read
 .text.GYRO_IO_Init
                0x080038fc      0x100 Src/stm32l476g_discovery.o
                0x080038fc                GYRO_IO_Init
 .text.GYRO_IO_Write
                0x080039fc       0x54 Src/stm32l476g_discovery.o
                0x080039fc                GYRO_IO_Write
 .text.GYRO_IO_Read
                0x08003a50       0x58 Src/stm32l476g_discovery.o
                0x08003a50                GYRO_IO_Read
 .text.BSP_COMPASS_Init
                0x08003aa8       0x78 Src/stm32l476g_discovery_compass.o
                0x08003aa8                BSP_COMPASS_Init
 .text.BSP_COMPASS_AccGetXYZ
                0x08003b20       0x14 Src/stm32l476g_discovery_compass.o
                0x08003b20                BSP_COMPASS_AccGetXYZ
 .text.Convert  0x08003b34      0x114 Src/stm32l476g_discovery_glass_lcd.o
 .text.LCD_MspInit
                0x08003c48      0x11c Src/stm32l476g_discovery_glass_lcd.o
 .text.WriteChar
                0x08003d64      0x52c Src/stm32l476g_discovery_glass_lcd.o
 .text.BSP_LCD_GLASS_DisplayString
                0x08004290       0x38 Src/stm32l476g_discovery_glass_lcd.o
                0x08004290                BSP_LCD_GLASS_DisplayString
 .text.BSP_LCD_GLASS_DisplayStrDeci
                0x080042c8       0x78 Src/stm32l476g_discovery_glass_lcd.o
                0x080042c8                BSP_LCD_GLASS_DisplayStrDeci
 .text.BSP_LCD_GLASS_Clear
                0x08004340       0x10 Src/stm32l476g_discovery_glass_lcd.o
                0x08004340                BSP_LCD_GLASS_Clear
 .text.BSP_LCD_GLASS_Init
                0x08004350       0x4c Src/stm32l476g_discovery_glass_lcd.o
                0x08004350                BSP_LCD_GLASS_Init
 .text.BSP_LCD_GLASS_ScrollSentence
                0x0800439c       0xec Src/stm32l476g_discovery_glass_lcd.o
                0x0800439c                BSP_LCD_GLASS_ScrollSentence
 .text.BSP_GYRO_Init
                0x08004488       0x44 Src/stm32l476g_discovery_gyroscope.o
                0x08004488                BSP_GYRO_Init
 .text.HAL_MspInit
                0x080044cc       0x90 Src/stm32l4xx_hal_msp.o
                0x080044cc                HAL_MspInit
 .text.NMI_Handler
                0x0800455c        0x4 Src/stm32l4xx_it.o
                0x0800455c                NMI_Handler
 .text.HardFault_Handler
                0x08004560        0x4 Src/stm32l4xx_it.o
                0x08004560                HardFault_Handler
 .text.MemManage_Handler
                0x08004564        0x4 Src/stm32l4xx_it.o
                0x08004564                MemManage_Handler
 .text.BusFault_Handler
                0x08004568        0x4 Src/stm32l4xx_it.o
                0x08004568                BusFault_Handler
 .text.UsageFault_Handler
                0x0800456c        0x4 Src/stm32l4xx_it.o
                0x0800456c                UsageFault_Handler
 .text.SVC_Handler
                0x08004570        0x4 Src/stm32l4xx_it.o
                0x08004570                SVC_Handler
 .text.DebugMon_Handler
                0x08004574        0x4 Src/stm32l4xx_it.o
                0x08004574                DebugMon_Handler
 .text.PendSV_Handler
                0x08004578        0x4 Src/stm32l4xx_it.o
                0x08004578                PendSV_Handler
 .text.SysTick_Handler
                0x0800457c        0xc Src/stm32l4xx_it.o
                0x0800457c                SysTick_Handler
 .text.EXTI0_IRQHandler
                0x08004588        0xc Src/stm32l4xx_it.o
                0x08004588                EXTI0_IRQHandler
 .text.EXTI1_IRQHandler
                0x08004594        0xc Src/stm32l4xx_it.o
                0x08004594                EXTI1_IRQHandler
 .text.EXTI2_IRQHandler
                0x080045a0        0xc Src/stm32l4xx_it.o
                0x080045a0                EXTI2_IRQHandler
 .text.EXTI3_IRQHandler
                0x080045ac        0xc Src/stm32l4xx_it.o
                0x080045ac                EXTI3_IRQHandler
 .text.EXTI9_5_IRQHandler
                0x080045b8        0xc Src/stm32l4xx_it.o
                0x080045b8                EXTI9_5_IRQHandler
 .text.TIM6_DAC_IRQHandler
                0x080045c4       0x10 Src/stm32l4xx_it.o
                0x080045c4                TIM6_DAC_IRQHandler
 .text.SystemInit
                0x080045d4       0x48 Src/system_stm32l4xx.o
                0x080045d4                SystemInit
 .text.MX_TIM6_Init
                0x0800461c       0x48 Src/tim.o
                0x0800461c                MX_TIM6_Init
 .text.HAL_TIM_Base_MspInit
                0x08004664       0x40 Src/tim.o
                0x08004664                HAL_TIM_Base_MspInit
 .text.Reset_Handler
                0x080046a4       0x50 startup/startup_stm32l476xx.o
                0x080046a4                Reset_Handler
 .text.Default_Handler
                0x080046f4        0x2 startup/startup_stm32l476xx.o
                0x080046f4                RTC_Alarm_IRQHandler
                0x080046f4                TIM8_TRG_COM_IRQHandler
                0x080046f4                TIM8_CC_IRQHandler
                0x080046f4                TIM1_CC_IRQHandler
                0x080046f4                TSC_IRQHandler
                0x080046f4                TAMP_STAMP_IRQHandler
                0x080046f4                LPTIM2_IRQHandler
                0x080046f4                DFSDM1_FLT1_IRQHandler
                0x080046f4                I2C3_ER_IRQHandler
                0x080046f4                DFSDM1_FLT2_IRQHandler
                0x080046f4                I2C2_EV_IRQHandler
                0x080046f4                CAN1_RX0_IRQHandler
                0x080046f4                FPU_IRQHandler
                0x080046f4                TIM1_UP_TIM16_IRQHandler
                0x080046f4                ADC1_2_IRQHandler
                0x080046f4                SPI1_IRQHandler
                0x080046f4                TIM8_UP_IRQHandler
                0x080046f4                DMA2_Channel2_IRQHandler
                0x080046f4                DMA1_Channel4_IRQHandler
                0x080046f4                SAI2_IRQHandler
                0x080046f4                DFSDM1_FLT3_IRQHandler
                0x080046f4                USART3_IRQHandler
                0x080046f4                DMA1_Channel7_IRQHandler
                0x080046f4                CAN1_RX1_IRQHandler
                0x080046f4                LCD_IRQHandler
                0x080046f4                UART5_IRQHandler
                0x080046f4                ADC3_IRQHandler
                0x080046f4                TIM4_IRQHandler
                0x080046f4                DMA2_Channel1_IRQHandler
                0x080046f4                QUADSPI_IRQHandler
                0x080046f4                I2C1_EV_IRQHandler
                0x080046f4                DMA1_Channel6_IRQHandler
                0x080046f4                UART4_IRQHandler
                0x080046f4                DMA2_Channel4_IRQHandler
                0x080046f4                TIM3_IRQHandler
                0x080046f4                RCC_IRQHandler
                0x080046f4                DMA1_Channel1_IRQHandler
                0x080046f4                Default_Handler
                0x080046f4                DMA2_Channel7_IRQHandler
                0x080046f4                EXTI15_10_IRQHandler
                0x080046f4                TIM7_IRQHandler
                0x080046f4                SDMMC1_IRQHandler
                0x080046f4                TIM5_IRQHandler
                0x080046f4                I2C3_EV_IRQHandler
                0x080046f4                RTC_WKUP_IRQHandler
                0x080046f4                PVD_PVM_IRQHandler
                0x080046f4                SPI2_IRQHandler
                0x080046f4                CAN1_TX_IRQHandler
                0x080046f4                DMA2_Channel5_IRQHandler
                0x080046f4                DMA1_Channel5_IRQHandler
                0x080046f4                EXTI4_IRQHandler
                0x080046f4                RNG_IRQHandler
                0x080046f4                TIM1_TRG_COM_TIM17_IRQHandler
                0x080046f4                DMA1_Channel3_IRQHandler
                0x080046f4                COMP_IRQHandler
                0x080046f4                WWDG_IRQHandler
                0x080046f4                LPUART1_IRQHandler
                0x080046f4                DMA2_Channel6_IRQHandler
                0x080046f4                TIM2_IRQHandler
                0x080046f4                USART2_IRQHandler
                0x080046f4                DFSDM1_FLT0_IRQHandler
                0x080046f4                I2C2_ER_IRQHandler
                0x080046f4                DMA1_Channel2_IRQHandler
                0x080046f4                TIM8_BRK_IRQHandler
                0x080046f4                CAN1_SCE_IRQHandler
                0x080046f4                FLASH_IRQHandler
                0x080046f4                USART1_IRQHandler
                0x080046f4                OTG_FS_IRQHandler
                0x080046f4                SPI3_IRQHandler
                0x080046f4                I2C1_ER_IRQHandler
                0x080046f4                FMC_IRQHandler
                0x080046f4                SWPMI1_IRQHandler
                0x080046f4                LPTIM1_IRQHandler
                0x080046f4                SAI1_IRQHandler
                0x080046f4                DMA2_Channel3_IRQHandler
                0x080046f4                TIM1_BRK_TIM15_IRQHandler
 *fill*         0x080046f6        0x2 
 .text.__libc_init_array
                0x080046f8       0x4c c:/ac6/systemworkbench/plugins/fr.ac6.mcu.externaltools.arm-none.win32_1.13.2.201705091103/tools/compiler/bin/../lib/gcc/arm-none-eabi/5.4.1/../../../../arm-none-eabi/lib/armv7e-m/fpu\libc_nano.a(lib_a-init.o)
                0x080046f8                __libc_init_array
 .text.memset   0x08004744       0x10 c:/ac6/systemworkbench/plugins/fr.ac6.mcu.externaltools.arm-none.win32_1.13.2.201705091103/tools/compiler/bin/../lib/gcc/arm-none-eabi/5.4.1/../../../../arm-none-eabi/lib/armv7e-m/fpu\libc_nano.a(lib_a-memset.o)
                0x08004744                memset
 .text.sprintf  0x08004754       0x48 c:/ac6/systemworkbench/plugins/fr.ac6.mcu.externaltools.arm-none.win32_1.13.2.201705091103/tools/compiler/bin/../lib/gcc/arm-none-eabi/5.4.1/../../../../arm-none-eabi/lib/armv7e-m/fpu\libc_nano.a(lib_a-sprintf.o)
                0x08004754                siprintf
                0x08004754                sprintf
 .text.__ssputs_r
                0x0800479c       0xb2 c:/ac6/systemworkbench/plugins/fr.ac6.mcu.externaltools.arm-none.win32_1.13.2.201705091103/tools/compiler/bin/../lib/gcc/arm-none-eabi/5.4.1/../../../../arm-none-eabi/lib/armv7e-m/fpu\libc_nano.a(lib_a-nano-svfprintf.o)
                0x0800479c                __ssputs_r
 *fill*         0x0800484e        0x2 
 .text._svfprintf_r
                0x08004850      0x1e8 c:/ac6/systemworkbench/plugins/fr.ac6.mcu.externaltools.arm-none.win32_1.13.2.201705091103/tools/compiler/bin/../lib/gcc/arm-none-eabi/5.4.1/../../../../arm-none-eabi/lib/armv7e-m/fpu\libc_nano.a(lib_a-nano-svfprintf.o)
                0x08004850                _svfiprintf_r
                0x08004850                _svfprintf_r
 .text._printf_common
                0x08004a38       0xec c:/ac6/systemworkbench/plugins/fr.ac6.mcu.externaltools.arm-none.win32_1.13.2.201705091103/tools/compiler/bin/../lib/gcc/arm-none-eabi/5.4.1/../../../../arm-none-eabi/lib/armv7e-m/fpu\libc_nano.a(lib_a-nano-vfprintf_i.o)
                0x08004a38                _printf_common
 .text._printf_i
                0x08004b24      0x24c c:/ac6/systemworkbench/plugins/fr.ac6.mcu.externaltools.arm-none.win32_1.13.2.201705091103/tools/compiler/bin/../lib/gcc/arm-none-eabi/5.4.1/../../../../arm-none-eabi/lib/armv7e-m/fpu\libc_nano.a(lib_a-nano-vfprintf_i.o)
                0x08004b24                _printf_i
 .text.memcpy   0x08004d70       0x16 c:/ac6/systemworkbench/plugins/fr.ac6.mcu.externaltools.arm-none.win32_1.13.2.201705091103/tools/compiler/bin/../lib/gcc/arm-none-eabi/5.4.1/../../../../arm-none-eabi/lib/armv7e-m/fpu\libc_nano.a(lib_a-memcpy-stub.o)
                0x08004d70                memcpy
 .text.memmove  0x08004d86       0x36 c:/ac6/systemworkbench/plugins/fr.ac6.mcu.externaltools.arm-none.win32_1.13.2.201705091103/tools/compiler/bin/../lib/gcc/arm-none-eabi/5.4.1/../../../../arm-none-eabi/lib/armv7e-m/fpu\libc_nano.a(lib_a-memmove.o)
                0x08004d86                memmove
 .text._free_r  0x08004dbc       0x9c c:/ac6/systemworkbench/plugins/fr.ac6.mcu.externaltools.arm-none.win32_1.13.2.201705091103/tools/compiler/bin/../lib/gcc/arm-none-eabi/5.4.1/../../../../arm-none-eabi/lib/armv7e-m/fpu\libc_nano.a(lib_a-nano-freer.o)
                0x08004dbc                _free_r
 .text._malloc_r
                0x08004e58       0xbc c:/ac6/systemworkbench/plugins/fr.ac6.mcu.externaltools.arm-none.win32_1.13.2.201705091103/tools/compiler/bin/../lib/gcc/arm-none-eabi/5.4.1/../../../../arm-none-eabi/lib/armv7e-m/fpu\libc_nano.a(lib_a-nano-mallocr.o)
                0x08004e58                _malloc_r
 .text._realloc_r
                0x08004f14       0x4c c:/ac6/systemworkbench/plugins/fr.ac6.mcu.externaltools.arm-none.win32_1.13.2.201705091103/tools/compiler/bin/../lib/gcc/arm-none-eabi/5.4.1/../../../../arm-none-eabi/lib/armv7e-m/fpu\libc_nano.a(lib_a-nano-reallocr.o)
                0x08004f14                _realloc_r
 .text._sbrk_r  0x08004f60       0x20 c:/ac6/systemworkbench/plugins/fr.ac6.mcu.externaltools.arm-none.win32_1.13.2.201705091103/tools/compiler/bin/../lib/gcc/arm-none-eabi/5.4.1/../../../../arm-none-eabi/lib/armv7e-m/fpu\libc_nano.a(lib_a-sbrkr.o)
                0x08004f60                _sbrk_r
 .text.__malloc_lock
                0x08004f80        0x2 c:/ac6/systemworkbench/plugins/fr.ac6.mcu.externaltools.arm-none.win32_1.13.2.201705091103/tools/compiler/bin/../lib/gcc/arm-none-eabi/5.4.1/../../../../arm-none-eabi/lib/armv7e-m/fpu\libc_nano.a(lib_a-mlock.o)
                0x08004f80                __malloc_lock
 .text.__malloc_unlock
                0x08004f82        0x2 c:/ac6/systemworkbench/plugins/fr.ac6.mcu.externaltools.arm-none.win32_1.13.2.201705091103/tools/compiler/bin/../lib/gcc/arm-none-eabi/5.4.1/../../../../arm-none-eabi/lib/armv7e-m/fpu\libc_nano.a(lib_a-mlock.o)
                0x08004f82                __malloc_unlock
 .text._malloc_usable_size_r
                0x08004f84       0x14 c:/ac6/systemworkbench/plugins/fr.ac6.mcu.externaltools.arm-none.win32_1.13.2.201705091103/tools/compiler/bin/../lib/gcc/arm-none-eabi/5.4.1/../../../../arm-none-eabi/lib/armv7e-m/fpu\libc_nano.a(lib_a-nano-msizer.o)
                0x08004f84                _malloc_usable_size_r
 .text._sbrk    0x08004f98       0x1c c:/ac6/systemworkbench/plugins/fr.ac6.mcu.externaltools.arm-none.win32_1.13.2.201705091103/tools/compiler/bin/../lib/gcc/arm-none-eabi/5.4.1/../../../../arm-none-eabi/lib/armv7e-m/fpu\libnosys.a(sbrk.o)
                0x08004f98                _sbrk
 *(.glue_7)
 .glue_7        0x08004fb4        0x0 linker stubs
 *(.glue_7t)
 .glue_7t       0x08004fb4        0x0 linker stubs
 *(.eh_frame)
 .eh_frame      0x08004fb4        0x0 c:/ac6/systemworkbench/plugins/fr.ac6.mcu.externaltools.arm-none.win32_1.13.2.201705091103/tools/compiler/bin/../lib/gcc/arm-none-eabi/5.4.1/armv7e-m/fpu/crtbegin.o
 *(.init)
 .init          0x08004fb4        0x4 c:/ac6/systemworkbench/plugins/fr.ac6.mcu.externaltools.arm-none.win32_1.13.2.201705091103/tools/compiler/bin/../lib/gcc/arm-none-eabi/5.4.1/armv7e-m/fpu/crti.o
                0x08004fb4                _init
 .init          0x08004fb8        0x8 c:/ac6/systemworkbench/plugins/fr.ac6.mcu.externaltools.arm-none.win32_1.13.2.201705091103/tools/compiler/bin/../lib/gcc/arm-none-eabi/5.4.1/armv7e-m/fpu/crtn.o
 *(.fini)
 .fini          0x08004fc0        0x4 c:/ac6/systemworkbench/plugins/fr.ac6.mcu.externaltools.arm-none.win32_1.13.2.201705091103/tools/compiler/bin/../lib/gcc/arm-none-eabi/5.4.1/armv7e-m/fpu/crti.o
                0x08004fc0                _fini
 .fini          0x08004fc4        0x8 c:/ac6/systemworkbench/plugins/fr.ac6.mcu.externaltools.arm-none.win32_1.13.2.201705091103/tools/compiler/bin/../lib/gcc/arm-none-eabi/5.4.1/armv7e-m/fpu/crtn.o
                0x08004fd0                . = ALIGN (0x8)
 *fill*         0x08004fcc        0x4 
                0x08004fd0                _etext = .

.vfp11_veneer   0x08004fd0        0x0
 .vfp11_veneer  0x08004fd0        0x0 linker stubs

.v4_bx          0x08004fd0        0x0
 .v4_bx         0x08004fd0        0x0 linker stubs

.iplt           0x08004fd0        0x0
 .iplt          0x08004fd0        0x0 c:/ac6/systemworkbench/plugins/fr.ac6.mcu.externaltools.arm-none.win32_1.13.2.201705091103/tools/compiler/bin/../lib/gcc/arm-none-eabi/5.4.1/armv7e-m/fpu/crtbegin.o

.rodata         0x08004fd0      0x138
                0x08004fd0                . = ALIGN (0x8)
 *(.rodata)
 .rodata        0x08004fd0       0x15 Src/stm32l476g_discovery.o
                0x08004fd0                LED_PIN
                0x08004fd4                JOY_PIN
                0x08004fe0                JOY_IRQn
 *fill*         0x08004fe5        0x3 
 .rodata        0x08004fe8       0x48 Src/stm32l476g_discovery_glass_lcd.o
                0x08004fe8                NumberMap
                0x08004ffc                CapLetterMap
 .rodata        0x08005030       0x48 Src/system_stm32l4xx.o
                0x08005030                MSIRangeTable
                0x08005060                AHBPrescTable
                0x08005070                APBPrescTable
 *(.rodata*)
 .rodata.str1.4
                0x08005078       0x5c Src/main.o
                                 0x59 (size before relaxing)
 .rodata.str1.1
                0x080050d4       0x11 c:/ac6/systemworkbench/plugins/fr.ac6.mcu.externaltools.arm-none.win32_1.13.2.201705091103/tools/compiler/bin/../lib/gcc/arm-none-eabi/5.4.1/../../../../arm-none-eabi/lib/armv7e-m/fpu\libc_nano.a(lib_a-nano-svfprintf.o)
 .rodata.str1.1
                0x080050e5       0x22 c:/ac6/systemworkbench/plugins/fr.ac6.mcu.externaltools.arm-none.win32_1.13.2.201705091103/tools/compiler/bin/../lib/gcc/arm-none-eabi/5.4.1/../../../../arm-none-eabi/lib/armv7e-m/fpu\libc_nano.a(lib_a-nano-vfprintf_i.o)
                0x08005108                . = ALIGN (0x8)
 *fill*         0x08005107        0x1 

.rel.dyn        0x08005108        0x0
 .rel.iplt      0x08005108        0x0 c:/ac6/systemworkbench/plugins/fr.ac6.mcu.externaltools.arm-none.win32_1.13.2.201705091103/tools/compiler/bin/../lib/gcc/arm-none-eabi/5.4.1/armv7e-m/fpu/crtbegin.o

.ARM.extab      0x08005108        0x0
                0x08005108                . = ALIGN (0x8)
 *(.ARM.extab* .gnu.linkonce.armextab.*)
                0x08005108                . = ALIGN (0x8)

.ARM            0x08005108        0x0
                0x08005108                . = ALIGN (0x8)
                0x08005108                __exidx_start = .
 *(.ARM.exidx*)
                0x08005108                __exidx_end = .
                0x08005108                . = ALIGN (0x8)

.preinit_array  0x08005108        0x0
                0x08005108                . = ALIGN (0x8)
                0x08005108                PROVIDE (__preinit_array_start, .)
 *(.preinit_array*)
                0x08005108                PROVIDE (__preinit_array_end, .)
                0x08005108                . = ALIGN (0x8)

.init_array     0x08005108        0x8
                0x08005108                . = ALIGN (0x8)
                0x08005108                PROVIDE (__init_array_start, .)
 *(SORT(.init_array.*))
 *(.init_array*)
 .init_array    0x08005108        0x4 c:/ac6/systemworkbench/plugins/fr.ac6.mcu.externaltools.arm-none.win32_1.13.2.201705091103/tools/compiler/bin/../lib/gcc/arm-none-eabi/5.4.1/armv7e-m/fpu/crtbegin.o
                0x0800510c                PROVIDE (__init_array_end, .)
                0x08005110                . = ALIGN (0x8)
 *fill*         0x0800510c        0x4 

.fini_array     0x08005110        0x8
                0x08005110                . = ALIGN (0x8)
                [!provide]                PROVIDE (__fini_array_start, .)
 *(SORT(.fini_array.*))
 *(.fini_array*)
 .fini_array    0x08005110        0x4 c:/ac6/systemworkbench/plugins/fr.ac6.mcu.externaltools.arm-none.win32_1.13.2.201705091103/tools/compiler/bin/../lib/gcc/arm-none-eabi/5.4.1/armv7e-m/fpu/crtbegin.o
                [!provide]                PROVIDE (__fini_array_end, .)
                0x08005118                . = ALIGN (0x8)
 *fill*         0x08005114        0x4 
                0x08005118                _sidata = LOADADDR (.data)

.data           0x20000000      0x138 load address 0x08005118
                0x20000000                . = ALIGN (0x8)
                0x20000000                _sdata = .
 *(.data)
 .data          0x20000000       0x34 Src/l3gd20.o
                0x20000000                L3gd20Drv
 .data          0x20000034       0x68 Src/lsm303c.o
                0x20000034                Lsm303cDrv_magneto
                0x20000068                Lsm303cDrv_accelero
 .data          0x2000009c        0xc Src/main.o
                0x2000009c                flaginterrupt
                0x200000a0                cowyswietlic
                0x200000a4                pierwszeuruchomienie
 .data          0x200000a8       0x28 Src/stm32l476g_discovery.o
                0x200000a8                I2c2Timeout
                0x200000ac                I2c1Timeout
                0x200000b0                LED_PORT
                0x200000b8                JOY_PORT
                0x200000cc                SpixTimeout
 .data          0x200000d0        0x4 Src/system_stm32l4xx.o
                0x200000d0                SystemCoreClock
 *(.data*)
 .data.impure_data
                0x200000d4       0x60 c:/ac6/systemworkbench/plugins/fr.ac6.mcu.externaltools.arm-none.win32_1.13.2.201705091103/tools/compiler/bin/../lib/gcc/arm-none-eabi/5.4.1/../../../../arm-none-eabi/lib/armv7e-m/fpu\libc_nano.a(lib_a-impure.o)
 .data._impure_ptr
                0x20000134        0x4 c:/ac6/systemworkbench/plugins/fr.ac6.mcu.externaltools.arm-none.win32_1.13.2.201705091103/tools/compiler/bin/../lib/gcc/arm-none-eabi/5.4.1/../../../../arm-none-eabi/lib/armv7e-m/fpu\libc_nano.a(lib_a-impure.o)
                0x20000134                _impure_ptr
                0x20000138                . = ALIGN (0x8)
                0x20000138                _edata = .

.jcr            0x20000138        0x0 load address 0x08005250
 .jcr           0x20000138        0x0 c:/ac6/systemworkbench/plugins/fr.ac6.mcu.externaltools.arm-none.win32_1.13.2.201705091103/tools/compiler/bin/../lib/gcc/arm-none-eabi/5.4.1/armv7e-m/fpu/crtbegin.o

.igot.plt       0x20000138        0x0 load address 0x08005250
 .igot.plt      0x20000138        0x0 c:/ac6/systemworkbench/plugins/fr.ac6.mcu.externaltools.arm-none.win32_1.13.2.201705091103/tools/compiler/bin/../lib/gcc/arm-none-eabi/5.4.1/armv7e-m/fpu/crtbegin.o
                0x20000138                . = ALIGN (0x4)

.bss            0x20000138     0x2238 load address 0x08005250
                0x20000138                _sbss = .
                0x20000138                __bss_start__ = _sbss
 *(.bss)
 .bss           0x20000138       0x1c c:/ac6/systemworkbench/plugins/fr.ac6.mcu.externaltools.arm-none.win32_1.13.2.201705091103/tools/compiler/bin/../lib/gcc/arm-none-eabi/5.4.1/armv7e-m/fpu/crtbegin.o
 .bss           0x20000154       0x64 Src/main.o
                0x20000154                displaycase
                0x20000158                buffer
                0x20000160                xval
                0x20000164                yval
                0x20000168                zval
                0x2000016c                xoff
                0x20000170                yoff
                0x20000174                zoff
                0x20000178                xvalabs
                0x2000017c                yvalabs
                0x20000180                zvalabs
                0x20000184                xv
                0x20000188                yv
                0x2000018c                zv
                0x20000190                acceleval
                0x20000194                vvv
                0x20000198                i
                0x2000019c                datatodisplay
                0x200001a8                zs
                0x200001ac                ys
                0x200001b0                xs
                0x200001b4                cm
 .bss           0x200001b8       0xfc Src/stm32l476g_discovery.o
 .bss           0x200002b4        0x8 Src/stm32l476g_discovery_compass.o
 .bss           0x200002bc        0x1 Src/stm32l476g_discovery_glass_lcd.o
                0x200002bc                bLCDGlass_KeyPressed
 *fill*         0x200002bd        0x3 
 .bss           0x200002c0        0x4 Src/stm32l476g_discovery_gyroscope.o
 *(.bss*)
 .bss.__malloc_sbrk_start
                0x200002c4        0x4 c:/ac6/systemworkbench/plugins/fr.ac6.mcu.externaltools.arm-none.win32_1.13.2.201705091103/tools/compiler/bin/../lib/gcc/arm-none-eabi/5.4.1/../../../../arm-none-eabi/lib/armv7e-m/fpu\libc_nano.a(lib_a-nano-mallocr.o)
                0x200002c4                __malloc_sbrk_start
 .bss.__malloc_free_list
                0x200002c8        0x4 c:/ac6/systemworkbench/plugins/fr.ac6.mcu.externaltools.arm-none.win32_1.13.2.201705091103/tools/compiler/bin/../lib/gcc/arm-none-eabi/5.4.1/../../../../arm-none-eabi/lib/armv7e-m/fpu\libc_nano.a(lib_a-nano-mallocr.o)
                0x200002c8                __malloc_free_list
 .bss.heap_end.4169
                0x200002cc        0x4 c:/ac6/systemworkbench/plugins/fr.ac6.mcu.externaltools.arm-none.win32_1.13.2.201705091103/tools/compiler/bin/../lib/gcc/arm-none-eabi/5.4.1/../../../../arm-none-eabi/lib/armv7e-m/fpu\libnosys.a(sbrk.o)
 *(COMMON)
 COMMON         0x200002d0        0x4 Drivers/STM32L4xx_HAL_Driver/Src/stm32l4xx_hal.o
                0x200002d0                uwTick
 COMMON         0x200002d4       0x3c Src/lcd.o
                0x200002d4                hlcd
 COMMON         0x20000310     0x1f4c Src/main.o
                0x20000310                axisXYZ
                0x20000318                liczbadanych
                0x2000031c                tablicadanych
                0x200012bc                tablicaczasow
 COMMON         0x2000225c       0x24 Src/rtc.o
                0x2000225c                hrtc
 COMMON         0x20002280       0x64 Src/spi.o
                0x20002280                hspi2
 COMMON         0x200022e4       0x4c Src/stm32l476g_discovery_glass_lcd.o
                0x200022e4                Digit
                0x200022f4                LCDHandle
 COMMON         0x20002330       0x3c Src/tim.o
                0x20002330                htim6
 COMMON         0x2000236c        0x4 c:/ac6/systemworkbench/plugins/fr.ac6.mcu.externaltools.arm-none.win32_1.13.2.201705091103/tools/compiler/bin/../lib/gcc/arm-none-eabi/5.4.1/../../../../arm-none-eabi/lib/armv7e-m/fpu\libc_nano.a(lib_a-reent.o)
                0x2000236c                errno
                0x20002370                . = ALIGN (0x4)
                0x20002370                _ebss = .
                0x20002370                __bss_end__ = _ebss

._user_heap_stack
                0x20002370      0x600 load address 0x08005250
                0x20002370                . = ALIGN (0x8)
                0x20002370                PROVIDE (end, .)
                [!provide]                PROVIDE (_end, .)
                0x20002570                . = (. + _Min_Heap_Size)
 *fill*         0x20002370      0x200 
                0x20002970                . = (. + _Min_Stack_Size)
 *fill*         0x20002570      0x400 
                0x20002970                . = ALIGN (0x8)

/DISCARD/
 libc.a(*)
 libm.a(*)
 libgcc.a(*)

.ARM.attributes
                0x00000000       0x30
 *(.ARM.attributes)
 .ARM.attributes
                0x00000000       0x22 c:/ac6/systemworkbench/plugins/fr.ac6.mcu.externaltools.arm-none.win32_1.13.2.201705091103/tools/compiler/bin/../lib/gcc/arm-none-eabi/5.4.1/armv7e-m/fpu/crti.o
 .ARM.attributes
                0x00000022       0x34 c:/ac6/systemworkbench/plugins/fr.ac6.mcu.externaltools.arm-none.win32_1.13.2.201705091103/tools/compiler/bin/../lib/gcc/arm-none-eabi/5.4.1/armv7e-m/fpu/crtbegin.o
 .ARM.attributes
                0x00000056       0x39 Drivers/STM32L4xx_HAL_Driver/Src/stm32l4xx_hal.o
 .ARM.attributes
                0x0000008f       0x39 Drivers/STM32L4xx_HAL_Driver/Src/stm32l4xx_hal_cortex.o
 .ARM.attributes
                0x000000c8       0x39 Drivers/STM32L4xx_HAL_Driver/Src/stm32l4xx_hal_gpio.o
 .ARM.attributes
                0x00000101       0x39 Drivers/STM32L4xx_HAL_Driver/Src/stm32l4xx_hal_lcd.o
 .ARM.attributes
                0x0000013a       0x39 Drivers/STM32L4xx_HAL_Driver/Src/stm32l4xx_hal_pwr_ex.o
 .ARM.attributes
                0x00000173       0x39 Drivers/STM32L4xx_HAL_Driver/Src/stm32l4xx_hal_rcc.o
 .ARM.attributes
                0x000001ac       0x39 Drivers/STM32L4xx_HAL_Driver/Src/stm32l4xx_hal_rcc_ex.o
 .ARM.attributes
                0x000001e5       0x39 Drivers/STM32L4xx_HAL_Driver/Src/stm32l4xx_hal_rtc.o
 .ARM.attributes
                0x0000021e       0x39 Drivers/STM32L4xx_HAL_Driver/Src/stm32l4xx_hal_rtc_ex.o
 .ARM.attributes
                0x00000257       0x39 Drivers/STM32L4xx_HAL_Driver/Src/stm32l4xx_hal_spi.o
 .ARM.attributes
                0x00000290       0x39 Drivers/STM32L4xx_HAL_Driver/Src/stm32l4xx_hal_tim.o
 .ARM.attributes
                0x000002c9       0x39 Drivers/STM32L4xx_HAL_Driver/Src/stm32l4xx_hal_tim_ex.o
 .ARM.attributes
                0x00000302       0x39 Src/gpio.o
 .ARM.attributes
                0x0000033b       0x39 Src/l3gd20.o
 .ARM.attributes
                0x00000374       0x39 Src/lcd.o
 .ARM.attributes
                0x000003ad       0x39 Src/lsm303c.o
 .ARM.attributes
                0x000003e6       0x39 Src/main.o
 .ARM.attributes
                0x0000041f       0x39 Src/rtc.o
 .ARM.attributes
                0x00000458       0x39 Src/spi.o
 .ARM.attributes
                0x00000491       0x39 Src/stm32l476g_discovery.o
 .ARM.attributes
                0x000004ca       0x39 Src/stm32l476g_discovery_compass.o
 .ARM.attributes
                0x00000503       0x39 Src/stm32l476g_discovery_glass_lcd.o
 .ARM.attributes
                0x0000053c       0x39 Src/stm32l476g_discovery_gyroscope.o
 .ARM.attributes
                0x00000575       0x39 Src/stm32l4xx_hal_msp.o
 .ARM.attributes
                0x000005ae       0x39 Src/stm32l4xx_it.o
 .ARM.attributes
                0x000005e7       0x39 Src/system_stm32l4xx.o
 .ARM.attributes
                0x00000620       0x39 Src/tim.o
 .ARM.attributes
                0x00000659       0x21 startup/startup_stm32l476xx.o
 .ARM.attributes
                0x0000067a       0x34 c:/ac6/systemworkbench/plugins/fr.ac6.mcu.externaltools.arm-none.win32_1.13.2.201705091103/tools/compiler/bin/../lib/gcc/arm-none-eabi/5.4.1/../../../../arm-none-eabi/lib/armv7e-m/fpu\libc_nano.a(lib_a-impure.o)
 .ARM.attributes
                0x000006ae       0x34 c:/ac6/systemworkbench/plugins/fr.ac6.mcu.externaltools.arm-none.win32_1.13.2.201705091103/tools/compiler/bin/../lib/gcc/arm-none-eabi/5.4.1/../../../../arm-none-eabi/lib/armv7e-m/fpu\libc_nano.a(lib_a-init.o)
 .ARM.attributes
                0x000006e2       0x34 c:/ac6/systemworkbench/plugins/fr.ac6.mcu.externaltools.arm-none.win32_1.13.2.201705091103/tools/compiler/bin/../lib/gcc/arm-none-eabi/5.4.1/../../../../arm-none-eabi/lib/armv7e-m/fpu\libc_nano.a(lib_a-memset.o)
 .ARM.attributes
                0x00000716       0x34 c:/ac6/systemworkbench/plugins/fr.ac6.mcu.externaltools.arm-none.win32_1.13.2.201705091103/tools/compiler/bin/../lib/gcc/arm-none-eabi/5.4.1/../../../../arm-none-eabi/lib/armv7e-m/fpu\libc_nano.a(lib_a-sprintf.o)
 .ARM.attributes
                0x0000074a       0x34 c:/ac6/systemworkbench/plugins/fr.ac6.mcu.externaltools.arm-none.win32_1.13.2.201705091103/tools/compiler/bin/../lib/gcc/arm-none-eabi/5.4.1/../../../../arm-none-eabi/lib/armv7e-m/fpu\libc_nano.a(lib_a-nano-svfprintf.o)
 .ARM.attributes
                0x0000077e       0x34 c:/ac6/systemworkbench/plugins/fr.ac6.mcu.externaltools.arm-none.win32_1.13.2.201705091103/tools/compiler/bin/../lib/gcc/arm-none-eabi/5.4.1/../../../../arm-none-eabi/lib/armv7e-m/fpu\libc_nano.a(lib_a-nano-vfprintf_i.o)
 .ARM.attributes
                0x000007b2       0x20 c:/ac6/systemworkbench/plugins/fr.ac6.mcu.externaltools.arm-none.win32_1.13.2.201705091103/tools/compiler/bin/../lib/gcc/arm-none-eabi/5.4.1/../../../../arm-none-eabi/lib/armv7e-m/fpu\libc_nano.a(lib_a-memchr.o)
 .ARM.attributes
                0x000007d2       0x34 c:/ac6/systemworkbench/plugins/fr.ac6.mcu.externaltools.arm-none.win32_1.13.2.201705091103/tools/compiler/bin/../lib/gcc/arm-none-eabi/5.4.1/../../../../arm-none-eabi/lib/armv7e-m/fpu\libc_nano.a(lib_a-memcpy-stub.o)
 .ARM.attributes
                0x00000806       0x34 c:/ac6/systemworkbench/plugins/fr.ac6.mcu.externaltools.arm-none.win32_1.13.2.201705091103/tools/compiler/bin/../lib/gcc/arm-none-eabi/5.4.1/../../../../arm-none-eabi/lib/armv7e-m/fpu\libc_nano.a(lib_a-memmove.o)
 .ARM.attributes
                0x0000083a       0x34 c:/ac6/systemworkbench/plugins/fr.ac6.mcu.externaltools.arm-none.win32_1.13.2.201705091103/tools/compiler/bin/../lib/gcc/arm-none-eabi/5.4.1/../../../../arm-none-eabi/lib/armv7e-m/fpu\libc_nano.a(lib_a-nano-freer.o)
 .ARM.attributes
                0x0000086e       0x34 c:/ac6/systemworkbench/plugins/fr.ac6.mcu.externaltools.arm-none.win32_1.13.2.201705091103/tools/compiler/bin/../lib/gcc/arm-none-eabi/5.4.1/../../../../arm-none-eabi/lib/armv7e-m/fpu\libc_nano.a(lib_a-nano-mallocr.o)
 .ARM.attributes
                0x000008a2       0x34 c:/ac6/systemworkbench/plugins/fr.ac6.mcu.externaltools.arm-none.win32_1.13.2.201705091103/tools/compiler/bin/../lib/gcc/arm-none-eabi/5.4.1/../../../../arm-none-eabi/lib/armv7e-m/fpu\libc_nano.a(lib_a-nano-reallocr.o)
 .ARM.attributes
                0x000008d6       0x34 c:/ac6/systemworkbench/plugins/fr.ac6.mcu.externaltools.arm-none.win32_1.13.2.201705091103/tools/compiler/bin/../lib/gcc/arm-none-eabi/5.4.1/../../../../arm-none-eabi/lib/armv7e-m/fpu\libc_nano.a(lib_a-sbrkr.o)
 .ARM.attributes
                0x0000090a       0x34 c:/ac6/systemworkbench/plugins/fr.ac6.mcu.externaltools.arm-none.win32_1.13.2.201705091103/tools/compiler/bin/../lib/gcc/arm-none-eabi/5.4.1/../../../../arm-none-eabi/lib/armv7e-m/fpu\libc_nano.a(lib_a-mlock.o)
 .ARM.attributes
                0x0000093e       0x34 c:/ac6/systemworkbench/plugins/fr.ac6.mcu.externaltools.arm-none.win32_1.13.2.201705091103/tools/compiler/bin/../lib/gcc/arm-none-eabi/5.4.1/../../../../arm-none-eabi/lib/armv7e-m/fpu\libc_nano.a(lib_a-nano-msizer.o)
 .ARM.attributes
                0x00000972       0x34 c:/ac6/systemworkbench/plugins/fr.ac6.mcu.externaltools.arm-none.win32_1.13.2.201705091103/tools/compiler/bin/../lib/gcc/arm-none-eabi/5.4.1/../../../../arm-none-eabi/lib/armv7e-m/fpu\libc_nano.a(lib_a-reent.o)
 .ARM.attributes
                0x000009a6       0x34 c:/ac6/systemworkbench/plugins/fr.ac6.mcu.externaltools.arm-none.win32_1.13.2.201705091103/tools/compiler/bin/../lib/gcc/arm-none-eabi/5.4.1/../../../../arm-none-eabi/lib/armv7e-m/fpu\libnosys.a(sbrk.o)
 .ARM.attributes
                0x000009da       0x22 c:/ac6/systemworkbench/plugins/fr.ac6.mcu.externaltools.arm-none.win32_1.13.2.201705091103/tools/compiler/bin/../lib/gcc/arm-none-eabi/5.4.1/armv7e-m/fpu/crtn.o
OUTPUT(acc.elf elf32-littlearm)

.debug_info     0x00000000    0x1a4f5
 .debug_info    0x00000000      0xa52 Drivers/STM32L4xx_HAL_Driver/Src/stm32l4xx_hal.o
 .debug_info    0x00000a52      0xe97 Drivers/STM32L4xx_HAL_Driver/Src/stm32l4xx_hal_cortex.o
 .debug_info    0x000018e9      0x7e8 Drivers/STM32L4xx_HAL_Driver/Src/stm32l4xx_hal_gpio.o
 .debug_info    0x000020d1      0x5e4 Drivers/STM32L4xx_HAL_Driver/Src/stm32l4xx_hal_lcd.o
 .debug_info    0x000026b5      0xa43 Drivers/STM32L4xx_HAL_Driver/Src/stm32l4xx_hal_pwr_ex.o
 .debug_info    0x000030f8     0x1105 Drivers/STM32L4xx_HAL_Driver/Src/stm32l4xx_hal_rcc.o
 .debug_info    0x000041fd     0x17e3 Drivers/STM32L4xx_HAL_Driver/Src/stm32l4xx_hal_rcc_ex.o
 .debug_info    0x000059e0      0xf16 Drivers/STM32L4xx_HAL_Driver/Src/stm32l4xx_hal_rtc.o
 .debug_info    0x000068f6     0x11f9 Drivers/STM32L4xx_HAL_Driver/Src/stm32l4xx_hal_rtc_ex.o
 .debug_info    0x00007aef     0x1d97 Drivers/STM32L4xx_HAL_Driver/Src/stm32l4xx_hal_spi.o
 .debug_info    0x00009886     0x2f2a Drivers/STM32L4xx_HAL_Driver/Src/stm32l4xx_hal_tim.o
 .debug_info    0x0000c7b0     0x147b Drivers/STM32L4xx_HAL_Driver/Src/stm32l4xx_hal_tim_ex.o
 .debug_info    0x0000dc2b      0x855 Src/gpio.o
 .debug_info    0x0000e480      0x725 Src/l3gd20.o
 .debug_info    0x0000eba5      0x7fe Src/lcd.o
 .debug_info    0x0000f3a3      0x84d Src/lsm303c.o
 .debug_info    0x0000fbf0     0x1f78 Src/main.o
 .debug_info    0x00011b68      0x90b Src/rtc.o
 .debug_info    0x00012473      0x9e6 Src/spi.o
 .debug_info    0x00012e59     0x325d Src/stm32l476g_discovery.o
 .debug_info    0x000160b6      0x597 Src/stm32l476g_discovery_compass.o
 .debug_info    0x0001664d     0x1a6e Src/stm32l476g_discovery_glass_lcd.o
 .debug_info    0x000180bb      0x4e7 Src/stm32l476g_discovery_gyroscope.o
 .debug_info    0x000185a2      0x63a Src/stm32l4xx_hal_msp.o
 .debug_info    0x00018bdc      0x76e Src/stm32l4xx_it.o
 .debug_info    0x0001934a      0x5b2 Src/system_stm32l4xx.o
 .debug_info    0x000198fc      0xb88 Src/tim.o
 .debug_info    0x0001a484       0x71 startup/startup_stm32l476xx.o

.debug_abbrev   0x00000000     0x347c
 .debug_abbrev  0x00000000      0x1f8 Drivers/STM32L4xx_HAL_Driver/Src/stm32l4xx_hal.o
 .debug_abbrev  0x000001f8      0x2e2 Drivers/STM32L4xx_HAL_Driver/Src/stm32l4xx_hal_cortex.o
 .debug_abbrev  0x000004da      0x1cd Drivers/STM32L4xx_HAL_Driver/Src/stm32l4xx_hal_gpio.o
 .debug_abbrev  0x000006a7      0x1bf Drivers/STM32L4xx_HAL_Driver/Src/stm32l4xx_hal_lcd.o
 .debug_abbrev  0x00000866      0x235 Drivers/STM32L4xx_HAL_Driver/Src/stm32l4xx_hal_pwr_ex.o
 .debug_abbrev  0x00000a9b      0x2ae Drivers/STM32L4xx_HAL_Driver/Src/stm32l4xx_hal_rcc.o
 .debug_abbrev  0x00000d49      0x2a7 Drivers/STM32L4xx_HAL_Driver/Src/stm32l4xx_hal_rcc_ex.o
 .debug_abbrev  0x00000ff0      0x1ad Drivers/STM32L4xx_HAL_Driver/Src/stm32l4xx_hal_rtc.o
 .debug_abbrev  0x0000119d      0x1bc Drivers/STM32L4xx_HAL_Driver/Src/stm32l4xx_hal_rtc_ex.o
 .debug_abbrev  0x00001359      0x22c Drivers/STM32L4xx_HAL_Driver/Src/stm32l4xx_hal_spi.o
 .debug_abbrev  0x00001585      0x21b Drivers/STM32L4xx_HAL_Driver/Src/stm32l4xx_hal_tim.o
 .debug_abbrev  0x000017a0      0x21b Drivers/STM32L4xx_HAL_Driver/Src/stm32l4xx_hal_tim_ex.o
 .debug_abbrev  0x000019bb      0x151 Src/gpio.o
 .debug_abbrev  0x00001b0c      0x1da Src/l3gd20.o
 .debug_abbrev  0x00001ce6      0x18d Src/lcd.o
 .debug_abbrev  0x00001e73      0x1ff Src/lsm303c.o
 .debug_abbrev  0x00002072      0x2fd Src/main.o
 .debug_abbrev  0x0000236f      0x161 Src/rtc.o
 .debug_abbrev  0x000024d0      0x1b3 Src/spi.o
 .debug_abbrev  0x00002683      0x2a6 Src/stm32l476g_discovery.o
 .debug_abbrev  0x00002929      0x18d Src/stm32l476g_discovery_compass.o
 .debug_abbrev  0x00002ab6      0x20d Src/stm32l476g_discovery_glass_lcd.o
 .debug_abbrev  0x00002cc3      0x1f9 Src/stm32l476g_discovery_gyroscope.o
 .debug_abbrev  0x00002ebc      0x114 Src/stm32l4xx_hal_msp.o
 .debug_abbrev  0x00002fd0      0x1b9 Src/stm32l4xx_it.o
 .debug_abbrev  0x00003189      0x125 Src/system_stm32l4xx.o
 .debug_abbrev  0x000032ae      0x1bc Src/tim.o
 .debug_abbrev  0x0000346a       0x12 startup/startup_stm32l476xx.o

.debug_loc      0x00000000     0xdf9d
 .debug_loc     0x00000000      0x103 Drivers/STM32L4xx_HAL_Driver/Src/stm32l4xx_hal.o
 .debug_loc     0x00000103      0x527 Drivers/STM32L4xx_HAL_Driver/Src/stm32l4xx_hal_cortex.o
 .debug_loc     0x0000062a      0x30a Drivers/STM32L4xx_HAL_Driver/Src/stm32l4xx_hal_gpio.o
 .debug_loc     0x00000934      0x38d Drivers/STM32L4xx_HAL_Driver/Src/stm32l4xx_hal_lcd.o
 .debug_loc     0x00000cc1      0x8f5 Drivers/STM32L4xx_HAL_Driver/Src/stm32l4xx_hal_pwr_ex.o
 .debug_loc     0x000015b6      0x802 Drivers/STM32L4xx_HAL_Driver/Src/stm32l4xx_hal_rcc.o
 .debug_loc     0x00001db8     0x1ed3 Drivers/STM32L4xx_HAL_Driver/Src/stm32l4xx_hal_rcc_ex.o
 .debug_loc     0x00003c8b      0xba8 Drivers/STM32L4xx_HAL_Driver/Src/stm32l4xx_hal_rtc.o
 .debug_loc     0x00004833      0xdc8 Drivers/STM32L4xx_HAL_Driver/Src/stm32l4xx_hal_rtc_ex.o
 .debug_loc     0x000055fb     0x194a Drivers/STM32L4xx_HAL_Driver/Src/stm32l4xx_hal_spi.o
 .debug_loc     0x00006f45     0x34c3 Drivers/STM32L4xx_HAL_Driver/Src/stm32l4xx_hal_tim.o
 .debug_loc     0x0000a408     0x1431 Drivers/STM32L4xx_HAL_Driver/Src/stm32l4xx_hal_tim_ex.o
 .debug_loc     0x0000b839      0x1b4 Src/l3gd20.o
 .debug_loc     0x0000b9ed       0x4d Src/lcd.o
 .debug_loc     0x0000ba3a      0x23e Src/lsm303c.o
 .debug_loc     0x0000bc78      0x8d9 Src/main.o
 .debug_loc     0x0000c551       0x4d Src/spi.o
 .debug_loc     0x0000c59e      0xb95 Src/stm32l476g_discovery.o
 .debug_loc     0x0000d133       0xba Src/stm32l476g_discovery_compass.o
 .debug_loc     0x0000d1ed      0xa84 Src/stm32l476g_discovery_glass_lcd.o
 .debug_loc     0x0000dc71      0x16e Src/stm32l476g_discovery_gyroscope.o
 .debug_loc     0x0000dddf      0x171 Src/system_stm32l4xx.o
 .debug_loc     0x0000df50       0x4d Src/tim.o

.debug_aranges  0x00000000     0x13d8
 .debug_aranges
                0x00000000      0x100 Drivers/STM32L4xx_HAL_Driver/Src/stm32l4xx_hal.o
 .debug_aranges
                0x00000100       0x98 Drivers/STM32L4xx_HAL_Driver/Src/stm32l4xx_hal_cortex.o
 .debug_aranges
                0x00000198       0x58 Drivers/STM32L4xx_HAL_Driver/Src/stm32l4xx_hal_gpio.o
 .debug_aranges
                0x000001f0       0x68 Drivers/STM32L4xx_HAL_Driver/Src/stm32l4xx_hal_lcd.o
 .debug_aranges
                0x00000258      0x148 Drivers/STM32L4xx_HAL_Driver/Src/stm32l4xx_hal_pwr_ex.o
 .debug_aranges
                0x000003a0       0x88 Drivers/STM32L4xx_HAL_Driver/Src/stm32l4xx_hal_rcc.o
 .debug_aranges
                0x00000428       0xb8 Drivers/STM32L4xx_HAL_Driver/Src/stm32l4xx_hal_rcc_ex.o
 .debug_aranges
                0x000004e0       0xb8 Drivers/STM32L4xx_HAL_Driver/Src/stm32l4xx_hal_rtc.o
 .debug_aranges
                0x00000598      0x140 Drivers/STM32L4xx_HAL_Driver/Src/stm32l4xx_hal_rtc_ex.o
 .debug_aranges
                0x000006d8      0x1d8 Drivers/STM32L4xx_HAL_Driver/Src/stm32l4xx_hal_spi.o
 .debug_aranges
                0x000008b0      0x378 Drivers/STM32L4xx_HAL_Driver/Src/stm32l4xx_hal_tim.o
 .debug_aranges
                0x00000c28      0x150 Drivers/STM32L4xx_HAL_Driver/Src/stm32l4xx_hal_tim_ex.o
 .debug_aranges
                0x00000d78       0x20 Src/gpio.o
 .debug_aranges
                0x00000d98       0x78 Src/l3gd20.o
 .debug_aranges
                0x00000e10       0x30 Src/lcd.o
 .debug_aranges
                0x00000e40       0x78 Src/lsm303c.o
 .debug_aranges
                0x00000eb8       0x58 Src/main.o
 .debug_aranges
                0x00000f10       0x30 Src/rtc.o
 .debug_aranges
                0x00000f40       0x30 Src/spi.o
 .debug_aranges
                0x00000f70      0x200 Src/stm32l476g_discovery.o
 .debug_aranges
                0x00001170       0x40 Src/stm32l476g_discovery_compass.o
 .debug_aranges
                0x000011b0       0x98 Src/stm32l476g_discovery_glass_lcd.o
 .debug_aranges
                0x00001248       0x60 Src/stm32l476g_discovery_gyroscope.o
 .debug_aranges
                0x000012a8       0x20 Src/stm32l4xx_hal_msp.o
 .debug_aranges
                0x000012c8       0x90 Src/stm32l4xx_it.o
 .debug_aranges
                0x00001358       0x28 Src/system_stm32l4xx.o
 .debug_aranges
                0x00001380       0x30 Src/tim.o
 .debug_aranges
                0x000013b0       0x28 startup/startup_stm32l476xx.o

.debug_ranges   0x00000000     0x1238
 .debug_ranges  0x00000000       0xf0 Drivers/STM32L4xx_HAL_Driver/Src/stm32l4xx_hal.o
 .debug_ranges  0x000000f0       0x88 Drivers/STM32L4xx_HAL_Driver/Src/stm32l4xx_hal_cortex.o
 .debug_ranges  0x00000178       0x48 Drivers/STM32L4xx_HAL_Driver/Src/stm32l4xx_hal_gpio.o
 .debug_ranges  0x000001c0       0x58 Drivers/STM32L4xx_HAL_Driver/Src/stm32l4xx_hal_lcd.o
 .debug_ranges  0x00000218      0x138 Drivers/STM32L4xx_HAL_Driver/Src/stm32l4xx_hal_pwr_ex.o
 .debug_ranges  0x00000350       0x90 Drivers/STM32L4xx_HAL_Driver/Src/stm32l4xx_hal_rcc.o
 .debug_ranges  0x000003e0       0xa8 Drivers/STM32L4xx_HAL_Driver/Src/stm32l4xx_hal_rcc_ex.o
 .debug_ranges  0x00000488       0xa8 Drivers/STM32L4xx_HAL_Driver/Src/stm32l4xx_hal_rtc.o
 .debug_ranges  0x00000530      0x130 Drivers/STM32L4xx_HAL_Driver/Src/stm32l4xx_hal_rtc_ex.o
 .debug_ranges  0x00000660      0x1c8 Drivers/STM32L4xx_HAL_Driver/Src/stm32l4xx_hal_spi.o
 .debug_ranges  0x00000828      0x368 Drivers/STM32L4xx_HAL_Driver/Src/stm32l4xx_hal_tim.o
 .debug_ranges  0x00000b90      0x140 Drivers/STM32L4xx_HAL_Driver/Src/stm32l4xx_hal_tim_ex.o
 .debug_ranges  0x00000cd0       0x10 Src/gpio.o
 .debug_ranges  0x00000ce0       0x68 Src/l3gd20.o
 .debug_ranges  0x00000d48       0x20 Src/lcd.o
 .debug_ranges  0x00000d68       0x68 Src/lsm303c.o
 .debug_ranges  0x00000dd0       0x48 Src/main.o
 .debug_ranges  0x00000e18       0x20 Src/rtc.o
 .debug_ranges  0x00000e38       0x20 Src/spi.o
 .debug_ranges  0x00000e58      0x1f0 Src/stm32l476g_discovery.o
 .debug_ranges  0x00001048       0x30 Src/stm32l476g_discovery_compass.o
 .debug_ranges  0x00001078       0x88 Src/stm32l476g_discovery_glass_lcd.o
 .debug_ranges  0x00001100       0x50 Src/stm32l476g_discovery_gyroscope.o
 .debug_ranges  0x00001150       0x10 Src/stm32l4xx_hal_msp.o
 .debug_ranges  0x00001160       0x80 Src/stm32l4xx_it.o
 .debug_ranges  0x000011e0       0x18 Src/system_stm32l4xx.o
 .debug_ranges  0x000011f8       0x20 Src/tim.o
 .debug_ranges  0x00001218       0x20 startup/startup_stm32l476xx.o

.debug_macro    0x00000000    0x2bced
 .debug_macro   0x00000000      0x385 Drivers/STM32L4xx_HAL_Driver/Src/stm32l4xx_hal.o
 .debug_macro   0x00000385      0x898 Drivers/STM32L4xx_HAL_Driver/Src/stm32l4xx_hal.o
 .debug_macro   0x00000c1d       0x5e Drivers/STM32L4xx_HAL_Driver/Src/stm32l4xx_hal.o
 .debug_macro   0x00000c7b       0xbf Drivers/STM32L4xx_HAL_Driver/Src/stm32l4xx_hal.o
 .debug_macro   0x00000d3a       0x2e Drivers/STM32L4xx_HAL_Driver/Src/stm32l4xx_hal.o
 .debug_macro   0x00000d68       0x28 Drivers/STM32L4xx_HAL_Driver/Src/stm32l4xx_hal.o
 .debug_macro   0x00000d90       0x22 Drivers/STM32L4xx_HAL_Driver/Src/stm32l4xx_hal.o
 .debug_macro   0x00000db2       0x87 Drivers/STM32L4xx_HAL_Driver/Src/stm32l4xx_hal.o
 .debug_macro   0x00000e39       0x44 Drivers/STM32L4xx_HAL_Driver/Src/stm32l4xx_hal.o
 .debug_macro   0x00000e7d       0xfd Drivers/STM32L4xx_HAL_Driver/Src/stm32l4xx_hal.o
 .debug_macro   0x00000f7a       0x5e Drivers/STM32L4xx_HAL_Driver/Src/stm32l4xx_hal.o
 .debug_macro   0x00000fd8      0x1df Drivers/STM32L4xx_HAL_Driver/Src/stm32l4xx_hal.o
 .debug_macro   0x000011b7       0x35 Drivers/STM32L4xx_HAL_Driver/Src/stm32l4xx_hal.o
 .debug_macro   0x000011ec       0x50 Drivers/STM32L4xx_HAL_Driver/Src/stm32l4xx_hal.o
 .debug_macro   0x0000123c      0xe66 Drivers/STM32L4xx_HAL_Driver/Src/stm32l4xx_hal.o
 .debug_macro   0x000020a2    0x1a184 Drivers/STM32L4xx_HAL_Driver/Src/stm32l4xx_hal.o
 .debug_macro   0x0001c226       0x43 Drivers/STM32L4xx_HAL_Driver/Src/stm32l4xx_hal.o
 .debug_macro   0x0001c269     0x36a1 Drivers/STM32L4xx_HAL_Driver/Src/stm32l4xx_hal.o
 .debug_macro   0x0001f90a       0x52 Drivers/STM32L4xx_HAL_Driver/Src/stm32l4xx_hal.o
 .debug_macro   0x0001f95c       0x35 Drivers/STM32L4xx_HAL_Driver/Src/stm32l4xx_hal.o
 .debug_macro   0x0001f991       0x9c Drivers/STM32L4xx_HAL_Driver/Src/stm32l4xx_hal.o
 .debug_macro   0x0001fa2d       0x16 Drivers/STM32L4xx_HAL_Driver/Src/stm32l4xx_hal.o
 .debug_macro   0x0001fa43       0x97 Drivers/STM32L4xx_HAL_Driver/Src/stm32l4xx_hal.o
 .debug_macro   0x0001fada      0x30d Drivers/STM32L4xx_HAL_Driver/Src/stm32l4xx_hal.o
 .debug_macro   0x0001fde7       0xfd Drivers/STM32L4xx_HAL_Driver/Src/stm32l4xx_hal.o
 .debug_macro   0x0001fee4       0x10 Drivers/STM32L4xx_HAL_Driver/Src/stm32l4xx_hal.o
 .debug_macro   0x0001fef4       0x52 Drivers/STM32L4xx_HAL_Driver/Src/stm32l4xx_hal.o
 .debug_macro   0x0001ff46       0x1f Drivers/STM32L4xx_HAL_Driver/Src/stm32l4xx_hal.o
 .debug_macro   0x0001ff65       0x43 Drivers/STM32L4xx_HAL_Driver/Src/stm32l4xx_hal.o
 .debug_macro   0x0001ffa8       0x20 Drivers/STM32L4xx_HAL_Driver/Src/stm32l4xx_hal.o
 .debug_macro   0x0001ffc8      0x187 Drivers/STM32L4xx_HAL_Driver/Src/stm32l4xx_hal.o
 .debug_macro   0x0002014f       0x10 Drivers/STM32L4xx_HAL_Driver/Src/stm32l4xx_hal.o
 .debug_macro   0x0002015f       0x1c Drivers/STM32L4xx_HAL_Driver/Src/stm32l4xx_hal.o
 .debug_macro   0x0002017b       0x52 Drivers/STM32L4xx_HAL_Driver/Src/stm32l4xx_hal.o
 .debug_macro   0x000201cd       0x40 Drivers/STM32L4xx_HAL_Driver/Src/stm32l4xx_hal.o
 .debug_macro   0x0002020d       0x10 Drivers/STM32L4xx_HAL_Driver/Src/stm32l4xx_hal.o
 .debug_macro   0x0002021d       0x40 Drivers/STM32L4xx_HAL_Driver/Src/stm32l4xx_hal.o
 .debug_macro   0x0002025d       0xd7 Drivers/STM32L4xx_HAL_Driver/Src/stm32l4xx_hal.o
 .debug_macro   0x00020334       0x16 Drivers/STM32L4xx_HAL_Driver/Src/stm32l4xx_hal.o
 .debug_macro   0x0002034a      0x18b Drivers/STM32L4xx_HAL_Driver/Src/stm32l4xx_hal.o
 .debug_macro   0x000204d5       0x50 Drivers/STM32L4xx_HAL_Driver/Src/stm32l4xx_hal.o
 .debug_macro   0x00020525     0x1566 Drivers/STM32L4xx_HAL_Driver/Src/stm32l4xx_hal.o
 .debug_macro   0x00021a8b      0x59e Drivers/STM32L4xx_HAL_Driver/Src/stm32l4xx_hal.o
 .debug_macro   0x00022029      0x148 Drivers/STM32L4xx_HAL_Driver/Src/stm32l4xx_hal.o
 .debug_macro   0x00022171      0x18b Drivers/STM32L4xx_HAL_Driver/Src/stm32l4xx_hal.o
 .debug_macro   0x000222fc      0x25d Drivers/STM32L4xx_HAL_Driver/Src/stm32l4xx_hal.o
 .debug_macro   0x00022559      0x23a Drivers/STM32L4xx_HAL_Driver/Src/stm32l4xx_hal.o
 .debug_macro   0x00022793      0x367 Drivers/STM32L4xx_HAL_Driver/Src/stm32l4xx_hal.o
 .debug_macro   0x00022afa       0x10 Drivers/STM32L4xx_HAL_Driver/Src/stm32l4xx_hal.o
 .debug_macro   0x00022b0a       0xe4 Drivers/STM32L4xx_HAL_Driver/Src/stm32l4xx_hal.o
 .debug_macro   0x00022bee      0x202 Drivers/STM32L4xx_HAL_Driver/Src/stm32l4xx_hal.o
 .debug_macro   0x00022df0       0x61 Drivers/STM32L4xx_HAL_Driver/Src/stm32l4xx_hal.o
 .debug_macro   0x00022e51       0x90 Drivers/STM32L4xx_HAL_Driver/Src/stm32l4xx_hal.o
 .debug_macro   0x00022ee1      0x3e5 Drivers/STM32L4xx_HAL_Driver/Src/stm32l4xx_hal.o
 .debug_macro   0x000232c6      0x126 Drivers/STM32L4xx_HAL_Driver/Src/stm32l4xx_hal.o
 .debug_macro   0x000233ec      0x3dc Drivers/STM32L4xx_HAL_Driver/Src/stm32l4xx_hal.o
 .debug_macro   0x000237c8      0x321 Drivers/STM32L4xx_HAL_Driver/Src/stm32l4xx_hal.o
 .debug_macro   0x00023ae9      0x4ce Drivers/STM32L4xx_HAL_Driver/Src/stm32l4xx_hal.o
 .debug_macro   0x00023fb7       0xdd Drivers/STM32L4xx_HAL_Driver/Src/stm32l4xx_hal.o
 .debug_macro   0x00024094      0x2e2 Drivers/STM32L4xx_HAL_Driver/Src/stm32l4xx_hal.o
 .debug_macro   0x00024376      0x9cd Drivers/STM32L4xx_HAL_Driver/Src/stm32l4xx_hal.o
 .debug_macro   0x00024d43      0x1e0 Drivers/STM32L4xx_HAL_Driver/Src/stm32l4xx_hal.o
 .debug_macro   0x00024f23      0x320 Drivers/STM32L4xx_HAL_Driver/Src/stm32l4xx_hal.o
 .debug_macro   0x00025243      0x337 Drivers/STM32L4xx_HAL_Driver/Src/stm32l4xx_hal_cortex.o
 .debug_macro   0x0002557a      0x376 Drivers/STM32L4xx_HAL_Driver/Src/stm32l4xx_hal_gpio.o
 .debug_macro   0x000258f0      0x33d Drivers/STM32L4xx_HAL_Driver/Src/stm32l4xx_hal_lcd.o
 .debug_macro   0x00025c2d      0x35b Drivers/STM32L4xx_HAL_Driver/Src/stm32l4xx_hal_pwr_ex.o
 .debug_macro   0x00025f88      0x379 Drivers/STM32L4xx_HAL_Driver/Src/stm32l4xx_hal_rcc.o
 .debug_macro   0x00026301      0x36d Drivers/STM32L4xx_HAL_Driver/Src/stm32l4xx_hal_rcc_ex.o
 .debug_macro   0x0002666e      0x337 Drivers/STM32L4xx_HAL_Driver/Src/stm32l4xx_hal_rtc.o
 .debug_macro   0x000269a5      0x33e Drivers/STM32L4xx_HAL_Driver/Src/stm32l4xx_hal_rtc_ex.o
 .debug_macro   0x00026ce3      0x33f Drivers/STM32L4xx_HAL_Driver/Src/stm32l4xx_hal_spi.o
 .debug_macro   0x00027022      0x338 Drivers/STM32L4xx_HAL_Driver/Src/stm32l4xx_hal_tim.o
 .debug_macro   0x0002735a      0x349 Drivers/STM32L4xx_HAL_Driver/Src/stm32l4xx_hal_tim_ex.o
 .debug_macro   0x000276a3      0x341 Src/gpio.o
 .debug_macro   0x000279e4       0x7c Src/l3gd20.o
 .debug_macro   0x00027a60      0x211 Src/l3gd20.o
 .debug_macro   0x00027c71      0x34b Src/lcd.o
 .debug_macro   0x00027fbc       0x86 Src/lsm303c.o
 .debug_macro   0x00028042      0x4f4 Src/lsm303c.o
 .debug_macro   0x00028536      0x3e8 Src/main.o
 .debug_macro   0x0002891e      0x462 Src/main.o
 .debug_macro   0x00028d80      0x7c1 Src/main.o
 .debug_macro   0x00029541      0x341 Src/rtc.o
 .debug_macro   0x00029882      0x34b Src/spi.o
 .debug_macro   0x00029bcd      0x37f Src/stm32l476g_discovery.o
 .debug_macro   0x00029f4c       0x10 Src/stm32l476g_discovery.o
 .debug_macro   0x00029f5c      0x456 Src/stm32l476g_discovery.o
 .debug_macro   0x0002a3b2      0x389 Src/stm32l476g_discovery_compass.o
 .debug_macro   0x0002a73b      0x1e1 Src/stm32l476g_discovery_compass.o
 .debug_macro   0x0002a91c      0x372 Src/stm32l476g_discovery_glass_lcd.o
 .debug_macro   0x0002ac8e      0x368 Src/stm32l476g_discovery_gyroscope.o
 .debug_macro   0x0002aff6      0x337 Src/stm32l4xx_hal_msp.o
 .debug_macro   0x0002b32d      0x341 Src/stm32l4xx_it.o
 .debug_macro   0x0002b66e      0x33e Src/system_stm32l4xx.o
 .debug_macro   0x0002b9ac      0x341 Src/tim.o

.debug_line     0x00000000    0x12543
 .debug_line    0x00000000      0xa12 Drivers/STM32L4xx_HAL_Driver/Src/stm32l4xx_hal.o
 .debug_line    0x00000a12      0x9cd Drivers/STM32L4xx_HAL_Driver/Src/stm32l4xx_hal_cortex.o
 .debug_line    0x000013df      0x965 Drivers/STM32L4xx_HAL_Driver/Src/stm32l4xx_hal_gpio.o
 .debug_line    0x00001d44      0x980 Drivers/STM32L4xx_HAL_Driver/Src/stm32l4xx_hal_lcd.o
 .debug_line    0x000026c4      0xc42 Drivers/STM32L4xx_HAL_Driver/Src/stm32l4xx_hal_pwr_ex.o
 .debug_line    0x00003306      0xc10 Drivers/STM32L4xx_HAL_Driver/Src/stm32l4xx_hal_rcc.o
 .debug_line    0x00003f16      0xf6a Drivers/STM32L4xx_HAL_Driver/Src/stm32l4xx_hal_rcc_ex.o
 .debug_line    0x00004e80      0xbc3 Drivers/STM32L4xx_HAL_Driver/Src/stm32l4xx_hal_rtc.o
 .debug_line    0x00005a43      0xf7e Drivers/STM32L4xx_HAL_Driver/Src/stm32l4xx_hal_rtc_ex.o
 .debug_line    0x000069c1     0x125e Drivers/STM32L4xx_HAL_Driver/Src/stm32l4xx_hal_spi.o
 .debug_line    0x00007c1f     0x1994 Drivers/STM32L4xx_HAL_Driver/Src/stm32l4xx_hal_tim.o
 .debug_line    0x000095b3      0xe63 Drivers/STM32L4xx_HAL_Driver/Src/stm32l4xx_hal_tim_ex.o
 .debug_line    0x0000a416      0x80d Src/gpio.o
 .debug_line    0x0000ac23      0x435 Src/l3gd20.o
 .debug_line    0x0000b058      0x859 Src/lcd.o
 .debug_line    0x0000b8b1      0x445 Src/lsm303c.o
 .debug_line    0x0000bcf6      0xb54 Src/main.o
 .debug_line    0x0000c84a      0x82f Src/rtc.o
 .debug_line    0x0000d079      0x83a Src/spi.o
 .debug_line    0x0000d8b3      0xe59 Src/stm32l476g_discovery.o
 .debug_line    0x0000e70c      0x8da Src/stm32l476g_discovery_compass.o
 .debug_line    0x0000efe6      0xaa3 Src/stm32l476g_discovery_glass_lcd.o
 .debug_line    0x0000fa89      0x901 Src/stm32l476g_discovery_gyroscope.o
 .debug_line    0x0001038a      0x801 Src/stm32l4xx_hal_msp.o
 .debug_line    0x00010b8b      0x8ec Src/stm32l4xx_it.o
 .debug_line    0x00011477      0x828 Src/system_stm32l4xx.o
 .debug_line    0x00011c9f      0x825 Src/tim.o
 .debug_line    0x000124c4       0x7f startup/startup_stm32l476xx.o

.debug_str      0x00000000    0xfb2ad
 .debug_str     0x00000000    0xedc03 Drivers/STM32L4xx_HAL_Driver/Src/stm32l4xx_hal.o
                              0xee0bc (size before relaxing)
 .debug_str     0x000edc03      0x370 Drivers/STM32L4xx_HAL_Driver/Src/stm32l4xx_hal_cortex.o
                              0xeddbb (size before relaxing)
 .debug_str     0x000edf73      0x30a Drivers/STM32L4xx_HAL_Driver/Src/stm32l4xx_hal_gpio.o
                              0xed873 (size before relaxing)
 .debug_str     0x000ee27d      0x262 Drivers/STM32L4xx_HAL_Driver/Src/stm32l4xx_hal_lcd.o
                              0xed679 (size before relaxing)
 .debug_str     0x000ee4df      0x4a6 Drivers/STM32L4xx_HAL_Driver/Src/stm32l4xx_hal_pwr_ex.o
                              0xedad0 (size before relaxing)
 .debug_str     0x000ee985      0x590 Drivers/STM32L4xx_HAL_Driver/Src/stm32l4xx_hal_rcc.o
                              0xedc2a (size before relaxing)
 .debug_str     0x000eef15      0x621 Drivers/STM32L4xx_HAL_Driver/Src/stm32l4xx_hal_rcc_ex.o
                              0xedd8d (size before relaxing)
 .debug_str     0x000ef536      0x4fa Drivers/STM32L4xx_HAL_Driver/Src/stm32l4xx_hal_rtc.o
                              0xed9bb (size before relaxing)
 .debug_str     0x000efa30      0x790 Drivers/STM32L4xx_HAL_Driver/Src/stm32l4xx_hal_rtc_ex.o
                              0xedf54 (size before relaxing)
 .debug_str     0x000f01c0      0x8d6 Drivers/STM32L4xx_HAL_Driver/Src/stm32l4xx_hal_spi.o
                              0xedd9e (size before relaxing)
 .debug_str     0x000f0a96      0xed1 Drivers/STM32L4xx_HAL_Driver/Src/stm32l4xx_hal_tim.o
                              0xee593 (size before relaxing)
 .debug_str     0x000f1967      0x655 Drivers/STM32L4xx_HAL_Driver/Src/stm32l4xx_hal_tim_ex.o
                              0xedfc5 (size before relaxing)
 .debug_str     0x000f1fbc       0x25 Src/gpio.o
                              0xedac1 (size before relaxing)
 .debug_str     0x000f1fe1      0xc01 Src/l3gd20.o
                               0x4091 (size before relaxing)
 .debug_str     0x000f2be2       0x3a Src/lcd.o
                              0xed79b (size before relaxing)
 .debug_str     0x000f2c1c     0x1c42 Src/lsm303c.o
                               0x5119 (size before relaxing)
 .debug_str     0x000f485e     0x4d23 Src/main.o
                              0xf3cba (size before relaxing)
 .debug_str     0x000f9581       0x17 Src/rtc.o
                              0xed8b9 (size before relaxing)
 .debug_str     0x000f9598       0x1d Src/spi.o
                              0xed9ea (size before relaxing)
 .debug_str     0x000f95b5      0xc13 Src/stm32l476g_discovery.o
                              0xf0e46 (size before relaxing)
 .debug_str     0x000fa1c8      0xa88 Src/stm32l476g_discovery_compass.o
                              0xf18f9 (size before relaxing)
 .debug_str     0x000fac50      0x325 Src/stm32l476g_discovery_glass_lcd.o
                              0xf27df (size before relaxing)
 .debug_str     0x000faf75      0x18e Src/stm32l476g_discovery_gyroscope.o
                              0xeffe2 (size before relaxing)
 .debug_str     0x000fb103       0x1b Src/stm32l4xx_hal_msp.o
                              0xeda0b (size before relaxing)
 .debug_str     0x000fb11e      0x123 Src/stm32l4xx_it.o
                              0xed8f7 (size before relaxing)
 .debug_str     0x000fb241       0x50 Src/system_stm32l4xx.o
                              0xed5e4 (size before relaxing)
 .debug_str     0x000fb291       0x1c Src/tim.o
                              0xedf07 (size before relaxing)

.comment        0x00000000       0x6e
 .comment       0x00000000       0x6e Drivers/STM32L4xx_HAL_Driver/Src/stm32l4xx_hal.o
                                 0x6f (size before relaxing)
 .comment       0x0000006e       0x6f Drivers/STM32L4xx_HAL_Driver/Src/stm32l4xx_hal_cortex.o
 .comment       0x0000006e       0x6f Drivers/STM32L4xx_HAL_Driver/Src/stm32l4xx_hal_gpio.o
 .comment       0x0000006e       0x6f Drivers/STM32L4xx_HAL_Driver/Src/stm32l4xx_hal_lcd.o
 .comment       0x0000006e       0x6f Drivers/STM32L4xx_HAL_Driver/Src/stm32l4xx_hal_pwr_ex.o
 .comment       0x0000006e       0x6f Drivers/STM32L4xx_HAL_Driver/Src/stm32l4xx_hal_rcc.o
 .comment       0x0000006e       0x6f Drivers/STM32L4xx_HAL_Driver/Src/stm32l4xx_hal_rcc_ex.o
 .comment       0x0000006e       0x6f Drivers/STM32L4xx_HAL_Driver/Src/stm32l4xx_hal_rtc.o
 .comment       0x0000006e       0x6f Drivers/STM32L4xx_HAL_Driver/Src/stm32l4xx_hal_rtc_ex.o
 .comment       0x0000006e       0x6f Drivers/STM32L4xx_HAL_Driver/Src/stm32l4xx_hal_spi.o
 .comment       0x0000006e       0x6f Drivers/STM32L4xx_HAL_Driver/Src/stm32l4xx_hal_tim.o
 .comment       0x0000006e       0x6f Drivers/STM32L4xx_HAL_Driver/Src/stm32l4xx_hal_tim_ex.o
 .comment       0x0000006e       0x6f Src/gpio.o
 .comment       0x0000006e       0x6f Src/l3gd20.o
 .comment       0x0000006e       0x6f Src/lcd.o
 .comment       0x0000006e       0x6f Src/lsm303c.o
 .comment       0x0000006e       0x6f Src/main.o
 .comment       0x0000006e       0x6f Src/rtc.o
 .comment       0x0000006e       0x6f Src/spi.o
 .comment       0x0000006e       0x6f Src/stm32l476g_discovery.o
 .comment       0x0000006e       0x6f Src/stm32l476g_discovery_compass.o
 .comment       0x0000006e       0x6f Src/stm32l476g_discovery_glass_lcd.o
 .comment       0x0000006e       0x6f Src/stm32l476g_discovery_gyroscope.o
 .comment       0x0000006e       0x6f Src/stm32l4xx_hal_msp.o
 .comment       0x0000006e       0x6f Src/stm32l4xx_it.o
 .comment       0x0000006e       0x6f Src/system_stm32l4xx.o
 .comment       0x0000006e       0x6f Src/tim.o

.debug_frame    0x00000000     0x38b8
 .debug_frame   0x00000000      0x20c Drivers/STM32L4xx_HAL_Driver/Src/stm32l4xx_hal.o
 .debug_frame   0x0000020c      0x134 Drivers/STM32L4xx_HAL_Driver/Src/stm32l4xx_hal_cortex.o
 .debug_frame   0x00000340       0xc4 Drivers/STM32L4xx_HAL_Driver/Src/stm32l4xx_hal_gpio.o
 .debug_frame   0x00000404      0x104 Drivers/STM32L4xx_HAL_Driver/Src/stm32l4xx_hal_lcd.o
 .debug_frame   0x00000508      0x278 Drivers/STM32L4xx_HAL_Driver/Src/stm32l4xx_hal_pwr_ex.o
 .debug_frame   0x00000780      0x158 Drivers/STM32L4xx_HAL_Driver/Src/stm32l4xx_hal_rcc.o
 .debug_frame   0x000008d8      0x1f0 Drivers/STM32L4xx_HAL_Driver/Src/stm32l4xx_hal_rcc_ex.o
 .debug_frame   0x00000ac8      0x218 Drivers/STM32L4xx_HAL_Driver/Src/stm32l4xx_hal_rtc.o
 .debug_frame   0x00000ce0      0x3b0 Drivers/STM32L4xx_HAL_Driver/Src/stm32l4xx_hal_rtc_ex.o
 .debug_frame   0x00001090      0x5a4 Drivers/STM32L4xx_HAL_Driver/Src/stm32l4xx_hal_spi.o
 .debug_frame   0x00001634      0xa0c Drivers/STM32L4xx_HAL_Driver/Src/stm32l4xx_hal_tim.o
 .debug_frame   0x00002040      0x424 Drivers/STM32L4xx_HAL_Driver/Src/stm32l4xx_hal_tim_ex.o
 .debug_frame   0x00002464       0x30 Src/gpio.o
 .debug_frame   0x00002494      0x170 Src/l3gd20.o
 .debug_frame   0x00002604       0x6c Src/lcd.o
 .debug_frame   0x00002670      0x134 Src/lsm303c.o
 .debug_frame   0x000027a4       0xd8 Src/main.o
 .debug_frame   0x0000287c       0x4c Src/rtc.o
 .debug_frame   0x000028c8       0x60 Src/spi.o
 .debug_frame   0x00002928      0x6b8 Src/stm32l476g_discovery.o
 .debug_frame   0x00002fe0       0x90 Src/stm32l476g_discovery_compass.o
 .debug_frame   0x00003070      0x1d4 Src/stm32l476g_discovery_glass_lcd.o
 .debug_frame   0x00003244       0xe8 Src/stm32l476g_discovery_gyroscope.o
 .debug_frame   0x0000332c       0x2c Src/stm32l4xx_hal_msp.o
 .debug_frame   0x00003358      0x138 Src/stm32l4xx_it.o
 .debug_frame   0x00003490       0x30 Src/system_stm32l4xx.o
 .debug_frame   0x000034c0       0x64 Src/tim.o
 .debug_frame   0x00003524       0x2c c:/ac6/systemworkbench/plugins/fr.ac6.mcu.externaltools.arm-none.win32_1.13.2.201705091103/tools/compiler/bin/../lib/gcc/arm-none-eabi/5.4.1/../../../../arm-none-eabi/lib/armv7e-m/fpu\libc_nano.a(lib_a-init.o)
 .debug_frame   0x00003550       0x20 c:/ac6/systemworkbench/plugins/fr.ac6.mcu.externaltools.arm-none.win32_1.13.2.201705091103/tools/compiler/bin/../lib/gcc/arm-none-eabi/5.4.1/../../../../arm-none-eabi/lib/armv7e-m/fpu\libc_nano.a(lib_a-memset.o)
 .debug_frame   0x00003570       0x70 c:/ac6/systemworkbench/plugins/fr.ac6.mcu.externaltools.arm-none.win32_1.13.2.201705091103/tools/compiler/bin/../lib/gcc/arm-none-eabi/5.4.1/../../../../arm-none-eabi/lib/armv7e-m/fpu\libc_nano.a(lib_a-sprintf.o)
 .debug_frame   0x000035e0       0x90 c:/ac6/systemworkbench/plugins/fr.ac6.mcu.externaltools.arm-none.win32_1.13.2.201705091103/tools/compiler/bin/../lib/gcc/arm-none-eabi/5.4.1/../../../../arm-none-eabi/lib/armv7e-m/fpu\libc_nano.a(lib_a-nano-svfprintf.o)
 .debug_frame   0x00003670       0x60 c:/ac6/systemworkbench/plugins/fr.ac6.mcu.externaltools.arm-none.win32_1.13.2.201705091103/tools/compiler/bin/../lib/gcc/arm-none-eabi/5.4.1/../../../../arm-none-eabi/lib/armv7e-m/fpu\libc_nano.a(lib_a-nano-vfprintf_i.o)
 .debug_frame   0x000036d0       0x28 c:/ac6/systemworkbench/plugins/fr.ac6.mcu.externaltools.arm-none.win32_1.13.2.201705091103/tools/compiler/bin/../lib/gcc/arm-none-eabi/5.4.1/../../../../arm-none-eabi/lib/armv7e-m/fpu\libc_nano.a(lib_a-memcpy-stub.o)
 .debug_frame   0x000036f8       0x28 c:/ac6/systemworkbench/plugins/fr.ac6.mcu.externaltools.arm-none.win32_1.13.2.201705091103/tools/compiler/bin/../lib/gcc/arm-none-eabi/5.4.1/../../../../arm-none-eabi/lib/armv7e-m/fpu\libc_nano.a(lib_a-memmove.o)
 .debug_frame   0x00003720       0x38 c:/ac6/systemworkbench/plugins/fr.ac6.mcu.externaltools.arm-none.win32_1.13.2.201705091103/tools/compiler/bin/../lib/gcc/arm-none-eabi/5.4.1/../../../../arm-none-eabi/lib/armv7e-m/fpu\libc_nano.a(lib_a-nano-freer.o)
 .debug_frame   0x00003758       0x2c c:/ac6/systemworkbench/plugins/fr.ac6.mcu.externaltools.arm-none.win32_1.13.2.201705091103/tools/compiler/bin/../lib/gcc/arm-none-eabi/5.4.1/../../../../arm-none-eabi/lib/armv7e-m/fpu\libc_nano.a(lib_a-nano-mallocr.o)
 .debug_frame   0x00003784       0x3c c:/ac6/systemworkbench/plugins/fr.ac6.mcu.externaltools.arm-none.win32_1.13.2.201705091103/tools/compiler/bin/../lib/gcc/arm-none-eabi/5.4.1/../../../../arm-none-eabi/lib/armv7e-m/fpu\libc_nano.a(lib_a-nano-reallocr.o)
 .debug_frame   0x000037c0       0x2c c:/ac6/systemworkbench/plugins/fr.ac6.mcu.externaltools.arm-none.win32_1.13.2.201705091103/tools/compiler/bin/../lib/gcc/arm-none-eabi/5.4.1/../../../../arm-none-eabi/lib/armv7e-m/fpu\libc_nano.a(lib_a-sbrkr.o)
 .debug_frame   0x000037ec       0x30 c:/ac6/systemworkbench/plugins/fr.ac6.mcu.externaltools.arm-none.win32_1.13.2.201705091103/tools/compiler/bin/../lib/gcc/arm-none-eabi/5.4.1/../../../../arm-none-eabi/lib/armv7e-m/fpu\libc_nano.a(lib_a-mlock.o)
 .debug_frame   0x0000381c       0x20 c:/ac6/systemworkbench/plugins/fr.ac6.mcu.externaltools.arm-none.win32_1.13.2.201705091103/tools/compiler/bin/../lib/gcc/arm-none-eabi/5.4.1/../../../../arm-none-eabi/lib/armv7e-m/fpu\libc_nano.a(lib_a-nano-msizer.o)
 .debug_frame   0x0000383c       0x5c c:/ac6/systemworkbench/plugins/fr.ac6.mcu.externaltools.arm-none.win32_1.13.2.201705091103/tools/compiler/bin/../lib/gcc/arm-none-eabi/5.4.1/../../../../arm-none-eabi/lib/armv7e-m/fpu\libc_nano.a(lib_a-reent.o)
 .debug_frame   0x00003898       0x20 c:/ac6/systemworkbench/plugins/fr.ac6.mcu.externaltools.arm-none.win32_1.13.2.201705091103/tools/compiler/bin/../lib/gcc/arm-none-eabi/5.4.1/../../../../arm-none-eabi/lib/armv7e-m/fpu\libnosys.a(sbrk.o)
